Archive member included to satisfy reference by file (symbol)

C:/PROGRA~2/ARMGNU~1/142BCE~1.3RE/bin/../lib/gcc/arm-none-eabi/14.3.1/thumb/v6-m/nofp\libgcc.a(_dvmd_tls.o)
                              CMakeFiles/easycontroller.dir/C_/Users/Owner/pico-sdk/src/rp2_common/pico_divider/divider_hardware.S.obj (__aeabi_idiv0)
C:/PROGRA~2/ARMGNU~1/142BCE~1.3RE/bin/../lib/gcc/arm-none-eabi/14.3.1/../../../../arm-none-eabi/lib/thumb/v6-m/nofp\libg.a(libc_a-atoi.o)
                              CMakeFiles/easycontroller.dir/easycontroller.c.obj (atoi)
C:/PROGRA~2/ARMGNU~1/142BCE~1.3RE/bin/../lib/gcc/arm-none-eabi/14.3.1/../../../../arm-none-eabi/lib/thumb/v6-m/nofp\libg.a(libc_a-calloc.o)
                              CMakeFiles/easycontroller.dir/C_/Users/Owner/pico-sdk/src/rp2_common/pico_malloc/malloc.c.obj (calloc)
C:/PROGRA~2/ARMGNU~1/142BCE~1.3RE/bin/../lib/gcc/arm-none-eabi/14.3.1/../../../../arm-none-eabi/lib/thumb/v6-m/nofp\libg.a(libc_a-callocr.o)
                              C:/PROGRA~2/ARMGNU~1/142BCE~1.3RE/bin/../lib/gcc/arm-none-eabi/14.3.1/../../../../arm-none-eabi/lib/thumb/v6-m/nofp\libg.a(libc_a-calloc.o) (_calloc_r)
C:/PROGRA~2/ARMGNU~1/142BCE~1.3RE/bin/../lib/gcc/arm-none-eabi/14.3.1/../../../../arm-none-eabi/lib/thumb/v6-m/nofp\libg.a(libc_a-malloc.o)
                              CMakeFiles/easycontroller.dir/C_/Users/Owner/pico-sdk/src/rp2_common/pico_malloc/malloc.c.obj (malloc)
C:/PROGRA~2/ARMGNU~1/142BCE~1.3RE/bin/../lib/gcc/arm-none-eabi/14.3.1/../../../../arm-none-eabi/lib/thumb/v6-m/nofp\libg.a(libc_a-mallocr.o)
                              C:/PROGRA~2/ARMGNU~1/142BCE~1.3RE/bin/../lib/gcc/arm-none-eabi/14.3.1/../../../../arm-none-eabi/lib/thumb/v6-m/nofp\libg.a(libc_a-callocr.o) (_malloc_r)
C:/PROGRA~2/ARMGNU~1/142BCE~1.3RE/bin/../lib/gcc/arm-none-eabi/14.3.1/../../../../arm-none-eabi/lib/thumb/v6-m/nofp\libg.a(libc_a-mlock.o)
                              C:/PROGRA~2/ARMGNU~1/142BCE~1.3RE/bin/../lib/gcc/arm-none-eabi/14.3.1/../../../../arm-none-eabi/lib/thumb/v6-m/nofp\libg.a(libc_a-mallocr.o) (__malloc_lock)
C:/PROGRA~2/ARMGNU~1/142BCE~1.3RE/bin/../lib/gcc/arm-none-eabi/14.3.1/../../../../arm-none-eabi/lib/thumb/v6-m/nofp\libg.a(libc_a-realloc.o)
                              CMakeFiles/easycontroller.dir/C_/Users/Owner/pico-sdk/src/rp2_common/pico_malloc/malloc.c.obj (realloc)
C:/PROGRA~2/ARMGNU~1/142BCE~1.3RE/bin/../lib/gcc/arm-none-eabi/14.3.1/../../../../arm-none-eabi/lib/thumb/v6-m/nofp\libg.a(libc_a-reallocr.o)
                              C:/PROGRA~2/ARMGNU~1/142BCE~1.3RE/bin/../lib/gcc/arm-none-eabi/14.3.1/../../../../arm-none-eabi/lib/thumb/v6-m/nofp\libg.a(libc_a-realloc.o) (_realloc_r)
C:/PROGRA~2/ARMGNU~1/142BCE~1.3RE/bin/../lib/gcc/arm-none-eabi/14.3.1/../../../../arm-none-eabi/lib/thumb/v6-m/nofp\libg.a(libc_a-strtol.o)
                              C:/PROGRA~2/ARMGNU~1/142BCE~1.3RE/bin/../lib/gcc/arm-none-eabi/14.3.1/../../../../arm-none-eabi/lib/thumb/v6-m/nofp\libg.a(libc_a-atoi.o) (_strtol_r)
C:/PROGRA~2/ARMGNU~1/142BCE~1.3RE/bin/../lib/gcc/arm-none-eabi/14.3.1/../../../../arm-none-eabi/lib/thumb/v6-m/nofp\libg.a(libc_a-ctype_.o)
                              CMakeFiles/easycontroller.dir/C_/Users/Owner/pico-sdk/lib/tinyusb/src/tusb.c.obj (_ctype_)
C:/PROGRA~2/ARMGNU~1/142BCE~1.3RE/bin/../lib/gcc/arm-none-eabi/14.3.1/../../../../arm-none-eabi/lib/thumb/v6-m/nofp\libg.a(libc_a-memcmp.o)
                              CMakeFiles/easycontroller.dir/C_/Users/Owner/pico-sdk/src/rp2_common/pico_atomic/atomic.c.obj (memcmp)
C:/PROGRA~2/ARMGNU~1/142BCE~1.3RE/bin/../lib/gcc/arm-none-eabi/14.3.1/../../../../arm-none-eabi/lib/thumb/v6-m/nofp\libg.a(libc_a-memmove.o)
                              C:/PROGRA~2/ARMGNU~1/142BCE~1.3RE/bin/../lib/gcc/arm-none-eabi/14.3.1/../../../../arm-none-eabi/lib/thumb/v6-m/nofp\libg.a(libc_a-reallocr.o) (memmove)
C:/PROGRA~2/ARMGNU~1/142BCE~1.3RE/bin/../lib/gcc/arm-none-eabi/14.3.1/../../../../arm-none-eabi/lib/thumb/v6-m/nofp\libg.a(libc_a-lcltime_r.o)
                              CMakeFiles/easycontroller.dir/C_/Users/Owner/pico-sdk/src/common/pico_util/datetime.c.obj (localtime_r)
C:/PROGRA~2/ARMGNU~1/142BCE~1.3RE/bin/../lib/gcc/arm-none-eabi/14.3.1/../../../../arm-none-eabi/lib/thumb/v6-m/nofp\libg.a(libc_a-mktime.o)
                              CMakeFiles/easycontroller.dir/C_/Users/Owner/pico-sdk/src/common/pico_util/datetime.c.obj (mktime)
C:/PROGRA~2/ARMGNU~1/142BCE~1.3RE/bin/../lib/gcc/arm-none-eabi/14.3.1/../../../../arm-none-eabi/lib/thumb/v6-m/nofp\libg.a(libc_a-month_lengths.o)
                              C:/PROGRA~2/ARMGNU~1/142BCE~1.3RE/bin/../lib/gcc/arm-none-eabi/14.3.1/../../../../arm-none-eabi/lib/thumb/v6-m/nofp\libg.a(libc_a-lcltime_r.o) (__month_lengths)
C:/PROGRA~2/ARMGNU~1/142BCE~1.3RE/bin/../lib/gcc/arm-none-eabi/14.3.1/../../../../arm-none-eabi/lib/thumb/v6-m/nofp\libg.a(libc_a-tzcalc_limits.o)
[...]
Memory Configuration

Name             Origin             Length             Attributes
FLASH            0x10000000         0x00200000         xr
RAM              0x20000000         0x00040000         xrw
SCRATCH_X        0x20040000         0x00001000         xrw
SCRATCH_Y        0x20041000         0x00001000         xrw
*default*        0x00000000         0xffffffff

Linker script and memory map

LOAD C:/PROGRA~2/ARMGNU~1/142BCE~1.3RE/bin/../lib/gcc/arm-none-eabi/14.3.1/thumb/v6-m/nofp/crti.o
LOAD C:/PROGRA~2/ARMGNU~1/142BCE~1.3RE/bin/../lib/gcc/arm-none-eabi/14.3.1/thumb/v6-m/nofp/crtbegin.o
LOAD C:/PROGRA~2/ARMGNU~1/142BCE~1.3RE/bin/../lib/gcc/arm-none-eabi/14.3.1/../../../../arm-none-eabi/lib/thumb/v6-m/nofp/crt0.o

.flash_begin    0x10000000        0x0
                0x10000000                        __flash_binary_start = .

.boot2          0x10000000      0x100
                0x10000000                        __boot2_start__ = .
 *(.boot2)
 .boot2         0x10000000      0x100 pico-sdk/src/rp2040/boot_stage2/CMakeFiles/bs2_default_library.dir/./bs2_default_padded_checksummed.S.obj
                0x10000100                        __boot2_end__ = .
                0x00000001                        ASSERT (((__boot2_end__ - __boot2_start__) == 0x100), ERROR: Pico second stage bootloader must be 256 bytes in size)

.text           0x10000100     0x7704
                0x10000100                        __logical_binary_start = .
 *(.vectors)
 .vectors       0x10000100       0xd4 CMakeFiles/easycontroller.dir/C_/Users/Owner/pico-sdk/src/rp2_common/pico_crt0/crt0.S.obj
                0x10000100                __VECTOR_TABLE
                0x10000100                __vectors
                0x100001c0                isr_irq13
                0x100001c0                isr_irq27
                0x100001c0                isr_irq31
                0x100001c0                isr_irq12
                0x100001c0                isr_irq5
                0x100001c0                isr_irq11
                0x100001c0                isr_irq3
                0x100001c0                isr_irq23
                0x100001c0                __unhandled_user_irq
                0x100001c0                isr_irq26
                0x100001c0                isr_irq28
                0x100001c0                isr_irq19
                0x100001c0                isr_irq0
                0x100001c0                isr_irq6
                0x100001c0                isr_irq29
                0x100001c0                isr_irq16
                0x100001c0                isr_irq22
                0x100001c0                isr_irq18
                0x100001c0                isr_irq17
                0x100001c0                isr_irq14
                0x100001c0                __vectors_end
                0x100001c0                __default_isrs_start
                0x100001c0                isr_irq2
                0x100001c0                isr_irq10
                0x100001c0                isr_irq8
                0x100001c0                isr_irq24
                0x100001c0                isr_irq1
                0x100001c0                isr_irq7
                0x100001c0                isr_irq21
                0x100001c0                isr_irq20
                0x100001c0                isr_irq15
                0x100001c0                isr_irq25
                0x100001c0                isr_irq4
                0x100001c0                isr_irq30
                0x100001c0                isr_irq9
                0x100001c6                unhandled_user_irq_num_in_r0
                0x100001c8                isr_invalid
                0x100001ca                isr_nmi
                0x100001cc                isr_hardfault
                0x100001ce                isr_svcall
                0x100001d0                isr_pendsv
                0x100001d2                isr_systick
                0x100001d4                __default_isrs_end
 *(.binary_info_header)
 .binary_info_header
                0x100001d4       0x14 CMakeFiles/easycontroller.dir/C_/Users/Owner/pico-sdk/src/rp2_common/pico_crt0/crt0.S.obj
                0x100001e8                        __binary_info_header_end = .
 *(.embedded_block)
                0x100001e8                        __embedded_block_end = .
 *(.reset)
 .reset         0x100001e8       0x9c CMakeFiles/easycontroller.dir/C_/Users/Owner/pico-sdk/src/rp2_common/pico_crt0/crt0.S.obj
                0x100001e8                _entry_point
 *(.init)
 .init          0x10000284        0x4 C:/PROGRA~2/ARMGNU~1/142BCE~1.3RE/bin/../lib/gcc/arm-none-eabi/14.3.1/thumb/v6-m/nofp/crti.o
                0x10000284                _init
 *(EXCLUDE_FILE(*libm.a: *libc.a:*lib_a-mem*.o *libgcc.a:) .text*)
 .text.register_tm_clones
                0x10000288       0x28 C:/PROGRA~2/ARMGNU~1/142BCE~1.3RE/bin/../lib/gcc/arm-none-eabi/14.3.1/thumb/v6-m/nofp/crtbegin.o
 .text.frame_dummy
                0x100002b0       0x24 C:/PROGRA~2/ARMGNU~1/142BCE~1.3RE/bin/../lib/gcc/arm-none-eabi/14.3.1/thumb/v6-m/nofp/crtbegin.o
 .text.uart_putc
                0x100002d4       0x60 CMakeFiles/easycontroller.dir/easycontroller.c.obj
 .text.uart_puts
                0x10000334       0x4a CMakeFiles/easycontroller.dir/easycontroller.c.obj
 *fill*         0x1000037e        0x2 
 .text.pwm_get_default_config
                0x10000380       0x18 CMakeFiles/easycontroller.dir/easycontroller.c.obj
 .text.on_pwm_wrap
                0x10000398       0x4c CMakeFiles/easycontroller.dir/easycontroller.c.obj
                0x10000398                on_pwm_wrap
 .text.adc_gpio_init
                0x100003e4       0x1e CMakeFiles/easycontroller.dir/easycontroller.c.obj
 *fill*         0x10000402        0x2 
 .text.writePhases
                0x10000404       0x34 CMakeFiles/easycontroller.dir/easycontroller.c.obj
                0x10000404                writePhases
 .text.writePWM
                0x10000438       0xbc CMakeFiles/easycontroller.dir/easycontroller.c.obj
                0x10000438                writePWM
 .text.init_hardware
                0x100004f4      0x1fc CMakeFiles/easycontroller.dir/easycontroller.c.obj
                0x100004f4                init_hardware
 .text.get_halls
                0x100006f0       0x60 CMakeFiles/easycontroller.dir/easycontroller.c.obj
                0x100006f0                get_halls
 .text.on_adc_fifo
                0x10000750      0x218 CMakeFiles/easycontroller.dir/easycontroller.c.obj
                0x10000750                on_adc_fifo
 .text.check_serial_input_for_Phase_Current
                0x10000968       0x64 CMakeFiles/easycontroller.dir/easycontroller.c.obj
                0x10000968                check_serial_input_for_Phase_Current
 .text.main     0x100009cc      0x100 CMakeFiles/easycontroller.dir/easycontroller.c.obj
                0x100009cc                main
 .text.gpio_set_function
                0x10000acc       0x34 CMakeFiles/easycontroller.dir/C_/Users/Owner/pico-sdk/src/rp2_common/hardware_gpio/gpio.c.obj
                0x10000acc                gpio_set_function
 .text.gpio_set_pulls
                0x10000b00       0x38 CMakeFiles/easycontroller.dir/C_/Users/Owner/pico-sdk/src/rp2_common/hardware_gpio/gpio.c.obj
                0x10000b00                gpio_set_pulls
 .text.gpio_set_input_enabled
                0x10000b38       0x28 CMakeFiles/easycontroller.dir/C_/Users/Owner/pico-sdk/src/rp2_common/hardware_gpio/gpio.c.obj
                0x10000b38                gpio_set_input_enabled
 .text.gpio_init
                0x10000b60       0x16 CMakeFiles/easycontroller.dir/C_/Users/Owner/pico-sdk/src/rp2_common/hardware_gpio/gpio.c.obj
                0x10000b60                gpio_init
 *fill*         0x10000b76        0x2 
 .text.rp2040_chip_version
                0x10000b78       0x54 CMakeFiles/easycontroller.dir/C_/Users/Owner/pico-sdk/src/rp2040/pico_platform/platform.c.obj
                0x10000b78                rp2040_chip_version
 .text.panic    0x10000bcc       0x30 CMakeFiles/easycontroller.dir/C_/Users/Owner/pico-sdk/src/rp2_common/pico_platform_panic/panic.c.obj
                0x10000bcc                panic
 .text.hw_claim_lock
                0x10000bfc       0x18 CMakeFiles/easycontroller.dir/C_/Users/Owner/pico-sdk/src/common/hardware_claim/claim.c.obj
                0x10000bfc                hw_claim_lock
 .text.hw_claim_unlock
                0x10000c14       0x14 CMakeFiles/easycontroller.dir/C_/Users/Owner/pico-sdk/src/common/hardware_claim/claim.c.obj
                0x10000c14                hw_claim_unlock
 .text.hw_claim_or_assert
                0x10000c28       0x32 CMakeFiles/easycontroller.dir/C_/Users/Owner/pico-sdk/src/common/hardware_claim/claim.c.obj
                0x10000c28                hw_claim_or_assert
 .text.hw_claim_unused_from_range
                0x10000c5a       0x50 CMakeFiles/easycontroller.dir/C_/Users/Owner/pico-sdk/src/common/hardware_claim/claim.c.obj
                0x10000c5a                hw_claim_unused_from_range
 *fill*         0x10000caa        0x2 
 .text.next_striped_spin_lock_num
                0x10000cac       0x1c CMakeFiles/easycontroller.dir/C_/Users/Owner/pico-sdk/src/rp2_common/hardware_sync/sync.c.obj
                0x10000cac                next_striped_spin_lock_num
 .text.spin_lock_claim_unused
                0x10000cc8       0x24 CMakeFiles/easycontroller.dir/C_/Users/Owner/pico-sdk/src/rp2_common/hardware_sync/sync.c.obj
                0x10000cc8                spin_lock_claim_unused
 .text.spin_locks_reset
                0x10000cec       0x20 CMakeFiles/easycontroller.dir/C_/Users/Owner/pico-sdk/src/rp2_common/hardware_sync_spin_lock/sync_spin_lock.c.obj
                0x10000cec                spin_locks_reset
 .text.set_raw_irq_handler_and_unlock
                0x10000d0c       0x28 CMakeFiles/easycontroller.dir/C_/Users/Owner/pico-sdk/src/rp2_common/hardware_irq/irq.c.obj
 .text.nvic_ipr0
                0x10000d34        0x8 CMakeFiles/easycontroller.dir/C_/Users/Owner/pico-sdk/src/rp2_common/hardware_irq/irq.c.obj
 .text.runtime_init_per_core_irq_priorities
                0x10000d3c       0x1c CMakeFiles/easycontroller.dir/C_/Users/Owner/pico-sdk/src/rp2_common/hardware_irq/irq.c.obj
                0x10000d3c                runtime_init_per_core_irq_priorities
 .text.resolve_j_16
                0x10000d58       0x30 CMakeFiles/easycontroller.dir/C_/Users/Owner/pico-sdk/src/rp2_common/hardware_irq/irq.c.obj
 .text.make_j_16
                0x10000d88       0x48 CMakeFiles/easycontroller.dir/C_/Users/Owner/pico-sdk/src/rp2_common/hardware_irq/irq.c.obj
 .text.irq_is_enabled
                0x10000dd0       0x18 CMakeFiles/easycontroller.dir/C_/Users/Owner/pico-sdk/src/rp2_common/hardware_irq/irq.c.obj
                0x10000dd0                irq_is_enabled
 .text.irq_set_mask_n_enabled
                0x10000de8       0x1c CMakeFiles/easycontroller.dir/C_/Users/Owner/pico-sdk/src/rp2_common/hardware_irq/irq.c.obj
                0x10000de8                irq_set_mask_n_enabled
 .text.irq_set_enabled
                0x10000e04       0x14 CMakeFiles/easycontroller.dir/C_/Users/Owner/pico-sdk/src/rp2_common/hardware_irq/irq.c.obj
                0x10000e04                irq_set_enabled
 .text.irq_set_pending
                0x10000e18       0x10 CMakeFiles/easycontroller.dir/C_/Users/Owner/pico-sdk/src/rp2_common/hardware_irq/irq.c.obj
                0x10000e18                irq_set_pending
 .text.irq_get_vtable_handler
                0x10000e28       0x10 CMakeFiles/easycontroller.dir/C_/Users/Owner/pico-sdk/src/rp2_common/hardware_irq/irq.c.obj
                0x10000e28                irq_get_vtable_handler
 .text.irq_has_shared_handler
                0x10000e38       0x1c CMakeFiles/easycontroller.dir/C_/Users/Owner/pico-sdk/src/rp2_common/hardware_irq/irq.c.obj
                0x10000e38                irq_has_shared_handler
 .text.irq_set_exclusive_handler
                0x10000e54       0x54 CMakeFiles/easycontroller.dir/C_/Users/Owner/pico-sdk/src/rp2_common/hardware_irq/irq.c.obj
                0x10000e54                irq_set_exclusive_handler
 .text.irq_add_shared_handler
                0x10000ea8      0x218 CMakeFiles/easycontroller.dir/C_/Users/Owner/pico-sdk/src/rp2_common/hardware_irq/irq.c.obj
                0x10000ea8                irq_add_shared_handler
 .text.irq_set_priority
                0x100010c0       0x26 CMakeFiles/easycontroller.dir/C_/Users/Owner/pico-sdk/src/rp2_common/hardware_irq/irq.c.obj
                0x100010c0                irq_set_priority
 *fill*         0x100010e6        0x2 
 .text.irq_add_tail_to_free_list
                0x100010e8       0xf4 CMakeFiles/easycontroller.dir/C_/Users/Owner/pico-sdk/src/rp2_common/hardware_irq/irq.c.obj
                0x100010e8                irq_add_tail_to_free_list
 .text.user_irq_claim_unused
                0x100011dc       0x2c CMakeFiles/easycontroller.dir/C_/Users/Owner/pico-sdk/src/rp2_common/hardware_irq/irq.c.obj
                0x100011dc                user_irq_claim_unused
 .text.lock_init
                0x10001208       0x10 CMakeFiles/easycontroller.dir/C_/Users/Owner/pico-sdk/src/common/pico_sync/lock_core.c.obj
                0x10001208                lock_init
 .text.mutex_init
                0x10001218       0x1a CMakeFiles/easycontroller.dir/C_/Users/Owner/pico-sdk/src/common/pico_sync/mutex.c.obj
                0x10001218                mutex_init
 .text.recursive_mutex_init
                0x10001232       0x1e CMakeFiles/easycontroller.dir/C_/Users/Owner/pico-sdk/src/common/pico_sync/mutex.c.obj
                0x10001232                recursive_mutex_init
 .text.runtime_init_mutex
                0x10001250       0x4c CMakeFiles/easycontroller.dir/C_/Users/Owner/pico-sdk/src/common/pico_sync/mutex.c.obj
                0x10001250                runtime_init_mutex
 .text.critical_section_init_with_lock_num
                0x1000129c       0x14 CMakeFiles/easycontroller.dir/C_/Users/Owner/pico-sdk/src/common/pico_sync/critical_section.c.obj
                0x1000129c                critical_section_init_with_lock_num
 .text.critical_section_init
                0x100012b0       0x14 CMakeFiles/easycontroller.dir/C_/Users/Owner/pico-sdk/src/common/pico_sync/critical_section.c.obj
                0x100012b0                critical_section_init
 .text.ta_set_timeout
                0x100012c4       0x24 CMakeFiles/easycontroller.dir/C_/Users/Owner/pico-sdk/src/common/pico_time/time.c.obj
 .text.make_alarm_id
                0x100012e8        0x6 CMakeFiles/easycontroller.dir/C_/Users/Owner/pico-sdk/src/common/pico_time/time.c.obj
 *fill*         0x100012ee        0x2 
 .text.sleep_until_callback
                0x100012f0       0x30 CMakeFiles/easycontroller.dir/C_/Users/Owner/pico-sdk/src/common/pico_time/time.c.obj
 .text.alarm_pool_irq_handler
                0x10001320      0x2f0 CMakeFiles/easycontroller.dir/C_/Users/Owner/pico-sdk/src/common/pico_time/time.c.obj
 .text.ta_enable_irq_handler
                0x10001610       0x2c CMakeFiles/easycontroller.dir/C_/Users/Owner/pico-sdk/src/common/pico_time/time.c.obj
 .text.alarm_pool_post_alloc_init
                0x1000163c       0x78 CMakeFiles/easycontroller.dir/C_/Users/Owner/pico-sdk/src/common/pico_time/time.c.obj
 .text.alarm_pool_get_default
                0x100016b4       0x2c CMakeFiles/easycontroller.dir/C_/Users/Owner/pico-sdk/src/common/pico_time/time.c.obj
                0x100016b4                alarm_pool_get_default
 .text.alarm_pool_add_alarm_at_force_in_context
                0x100016e0       0xa4 CMakeFiles/easycontroller.dir/C_/Users/Owner/pico-sdk/src/common/pico_time/time.c.obj
                0x100016e0                alarm_pool_add_alarm_at_force_in_context
 .text.alarm_pool_add_alarm_at
                0x10001784       0x3c CMakeFiles/easycontroller.dir/C_/Users/Owner/pico-sdk/src/common/pico_time/time.c.obj
                0x10001784                alarm_pool_add_alarm_at
 .text.add_alarm_at
                0x100017c0       0x2e CMakeFiles/easycontroller.dir/C_/Users/Owner/pico-sdk/src/common/pico_time/time.c.obj
 *fill*         0x100017ee        0x2 
 .text.alarm_pool_cancel_alarm
                0x100017f0       0x78 CMakeFiles/easycontroller.dir/C_/Users/Owner/pico-sdk/src/common/pico_time/time.c.obj
                0x100017f0                alarm_pool_cancel_alarm
 .text.cancel_alarm
                0x10001868       0x10 CMakeFiles/easycontroller.dir/C_/Users/Owner/pico-sdk/src/common/pico_time/time.c.obj
 .text.alarm_pool_core_num
                0x10001878        0x4 CMakeFiles/easycontroller.dir/C_/Users/Owner/pico-sdk/src/common/pico_time/time.c.obj
                0x10001878                alarm_pool_core_num
 .text.sleep_until
                0x1000187c       0xb0 CMakeFiles/easycontroller.dir/C_/Users/Owner/pico-sdk/src/common/pico_time/time.c.obj
                0x1000187c                sleep_until
 .text.sleep_us
                0x1000192c       0x24 CMakeFiles/easycontroller.dir/C_/Users/Owner/pico-sdk/src/common/pico_time/time.c.obj
                0x1000192c                sleep_us
 .text.sleep_ms
                0x10001950       0x14 CMakeFiles/easycontroller.dir/C_/Users/Owner/pico-sdk/src/common/pico_time/time.c.obj
                0x10001950                sleep_ms
 .text.best_effort_wfe_or_timeout
                0x10001964      0x11c CMakeFiles/easycontroller.dir/C_/Users/Owner/pico-sdk/src/common/pico_time/time.c.obj
                0x10001964                best_effort_wfe_or_timeout
 .text.alarm_pool_get_default_timer
                0x10001a80        0x8 CMakeFiles/easycontroller.dir/C_/Users/Owner/pico-sdk/src/common/pico_time/time.c.obj
                0x10001a80                alarm_pool_get_default_timer
 .text.runtime_init_default_alarm_pool
                0x10001a88       0x38 CMakeFiles/easycontroller.dir/C_/Users/Owner/pico-sdk/src/common/pico_time/time.c.obj
                0x10001a88                runtime_init_default_alarm_pool
 .text.timer_hardware_alarm_claim
                0x10001ac0       0x14 CMakeFiles/easycontroller.dir/C_/Users/Owner/pico-sdk/src/rp2_common/hardware_timer/timer.c.obj
                0x10001ac0                timer_hardware_alarm_claim
 .text.timer_time_us_64
                0x10001ad4       0x10 CMakeFiles/easycontroller.dir/C_/Users/Owner/pico-sdk/src/rp2_common/hardware_timer/timer.c.obj
                0x10001ad4                timer_time_us_64
 .text.timer_busy_wait_until
                0x10001ae4       0x1a CMakeFiles/easycontroller.dir/C_/Users/Owner/pico-sdk/src/rp2_common/hardware_timer/timer.c.obj
                0x10001ae4                timer_busy_wait_until
 .text.timer_busy_wait_us
                0x10001afe       0x38 CMakeFiles/easycontroller.dir/C_/Users/Owner/pico-sdk/src/rp2_common/hardware_timer/timer.c.obj
                0x10001afe                timer_busy_wait_us
 *fill*         0x10001b36        0x2 
 .text.time_us_64
                0x10001b38       0x10 CMakeFiles/easycontroller.dir/C_/Users/Owner/pico-sdk/src/rp2_common/hardware_timer/timer.c.obj
                0x10001b38                time_us_64
 .text.busy_wait_us
                0x10001b48       0x14 CMakeFiles/easycontroller.dir/C_/Users/Owner/pico-sdk/src/rp2_common/hardware_timer/timer.c.obj
                0x10001b48                busy_wait_us
 .text.busy_wait_until
                0x10001b5c       0x14 CMakeFiles/easycontroller.dir/C_/Users/Owner/pico-sdk/src/rp2_common/hardware_timer/timer.c.obj
                0x10001b5c                busy_wait_until
 .text.uart_unreset
                0x10001b70       0x2c CMakeFiles/easycontroller.dir/C_/Users/Owner/pico-sdk/src/rp2_common/hardware_uart/uart.c.obj
 .text.uart_disable_before_lcr_write
                0x10001b9c       0x48 CMakeFiles/easycontroller.dir/C_/Users/Owner/pico-sdk/src/rp2_common/hardware_uart/uart.c.obj
 .text.uart_write_lcr_bits_masked
                0x10001be4       0x20 CMakeFiles/easycontroller.dir/C_/Users/Owner/pico-sdk/src/rp2_common/hardware_uart/uart.c.obj
 .text.uart_set_baudrate
                0x10001c04       0x5c CMakeFiles/easycontroller.dir/C_/Users/Owner/pico-sdk/src/rp2_common/hardware_uart/uart.c.obj
                0x10001c04                uart_set_baudrate
 .text.uart_set_translate_crlf
                0x10001c60       0x28 CMakeFiles/easycontroller.dir/C_/Users/Owner/pico-sdk/src/rp2_common/hardware_uart/uart.c.obj
                0x10001c60                uart_set_translate_crlf
 .text.uart_init
                0x10001c88       0x64 CMakeFiles/easycontroller.dir/C_/Users/Owner/pico-sdk/src/rp2_common/hardware_uart/uart.c.obj
                0x10001c88                uart_init
 .text.clock_configure_internal
                0x10001cec       0xc4 CMakeFiles/easycontroller.dir/C_/Users/Owner/pico-sdk/src/rp2_common/hardware_clocks/clocks.c.obj
 .text.clock_configure_int_divider
                0x10001db0       0x28 CMakeFiles/easycontroller.dir/C_/Users/Owner/pico-sdk/src/rp2_common/hardware_clocks/clocks.c.obj
                0x10001db0                clock_configure_int_divider
 .text.clock_configure_undivided
                0x10001dd8       0x12 CMakeFiles/easycontroller.dir/C_/Users/Owner/pico-sdk/src/rp2_common/hardware_clocks/clocks.c.obj
                0x10001dd8                clock_configure_undivided
 *fill*         0x10001dea        0x2 
 .text.clock_get_hz
                0x10001dec        0xc CMakeFiles/easycontroller.dir/C_/Users/Owner/pico-sdk/src/rp2_common/hardware_clocks/clocks.c.obj
                0x10001dec                clock_get_hz
 .text.pll_init
                0x10001df8      0x124 CMakeFiles/easycontroller.dir/C_/Users/Owner/pico-sdk/src/rp2_common/hardware_pll/pll.c.obj
                0x10001df8                pll_init
 .text.watchdog_update
                0x10001f1c       0x14 CMakeFiles/easycontroller.dir/C_/Users/Owner/pico-sdk/src/rp2_common/hardware_watchdog/watchdog.c.obj
                0x10001f1c                watchdog_update
 .text._watchdog_enable
                0x10001f30       0x78 CMakeFiles/easycontroller.dir/C_/Users/Owner/pico-sdk/src/rp2_common/hardware_watchdog/watchdog.c.obj
                0x10001f30                _watchdog_enable
 .text.watchdog_reboot
                0x10001fa8       0x48 CMakeFiles/easycontroller.dir/C_/Users/Owner/pico-sdk/src/rp2_common/hardware_watchdog/watchdog.c.obj
                0x10001fa8                watchdog_reboot
 .text.tick_start
                0x10001ff0       0x10 CMakeFiles/easycontroller.dir/C_/Users/Owner/pico-sdk/src/rp2_common/hardware_ticks/ticks.c.obj
                0x10001ff0                tick_start
 .text.rom_func_lookup
                0x10002000       0x10 CMakeFiles/easycontroller.dir/C_/Users/Owner/pico-sdk/src/rp2_common/pico_bootrom/bootrom.c.obj
                0x10002000                rom_func_lookup
 .text.rom_data_lookup
                0x10002010       0x10 CMakeFiles/easycontroller.dir/C_/Users/Owner/pico-sdk/src/rp2_common/pico_bootrom/bootrom.c.obj
                0x10002010                rom_data_lookup
 .text.rom_funcs_lookup
                0x10002020       0x36 CMakeFiles/easycontroller.dir/C_/Users/Owner/pico-sdk/src/rp2_common/pico_bootrom/bootrom.c.obj
                0x10002020                rom_funcs_lookup
 *fill*         0x10002056        0x2 
 .text.rom_reset_usb_boot_extra
                0x10002058       0x24 CMakeFiles/easycontroller.dir/C_/Users/Owner/pico-sdk/src/rp2_common/pico_bootrom/bootrom.c.obj
                0x10002058                rom_reset_usb_boot_extra
 .text.xosc_init
                0x1000207c       0x2c CMakeFiles/easycontroller.dir/C_/Users/Owner/pico-sdk/src/rp2_common/hardware_xosc/xosc.c.obj
                0x1000207c                xosc_init
 .text.runtime_run_initializers_from
                0x100020a8       0x18 CMakeFiles/easycontroller.dir/C_/Users/Owner/pico-sdk/src/rp2_common/pico_runtime/runtime.c.obj
 .text.first_per_core_initializer
                0x100020c0        0x2 CMakeFiles/easycontroller.dir/C_/Users/Owner/pico-sdk/src/rp2_common/pico_runtime/runtime.c.obj
 *fill*         0x100020c2        0x2 
 .text.runtime_run_initializers
                0x100020c4       0x10 CMakeFiles/easycontroller.dir/C_/Users/Owner/pico-sdk/src/rp2_common/pico_runtime/runtime.c.obj
                0x100020c4                runtime_run_initializers
 .text.runtime_init_early_resets
                0x100020d4       0x2c CMakeFiles/easycontroller.dir/C_/Users/Owner/pico-sdk/src/rp2_common/pico_runtime_init/runtime_init.c.obj
                0x100020d4                runtime_init_early_resets
 .text.runtime_init_usb_power_down
                0x10002100       0x1c CMakeFiles/easycontroller.dir/C_/Users/Owner/pico-sdk/src/rp2_common/pico_runtime_init/runtime_init.c.obj
                0x10002100                runtime_init_usb_power_down
 .text.runtime_init_post_clock_resets
                0x1000211c       0x20 CMakeFiles/easycontroller.dir/C_/Users/Owner/pico-sdk/src/rp2_common/pico_runtime_init/runtime_init.c.obj
                0x1000211c                runtime_init_post_clock_resets
 .text.runtime_init_rp2040_gpio_ie_disable
                0x1000213c       0x14 CMakeFiles/easycontroller.dir/C_/Users/Owner/pico-sdk/src/rp2_common/pico_runtime_init/runtime_init.c.obj
                0x1000213c                runtime_init_rp2040_gpio_ie_disable
 .text.runtime_init_spin_locks_reset
                0x10002150        0x8 CMakeFiles/easycontroller.dir/C_/Users/Owner/pico-sdk/src/rp2_common/pico_runtime_init/runtime_init.c.obj
                0x10002150                runtime_init_spin_locks_reset
 .text.runtime_init_install_ram_vector_table
                0x10002158       0x48 CMakeFiles/easycontroller.dir/C_/Users/Owner/pico-sdk/src/rp2_common/pico_runtime_init/runtime_init.c.obj
                0x10002158                runtime_init_install_ram_vector_table
 .text.start_all_ticks
                0x100021a0       0x28 CMakeFiles/easycontroller.dir/C_/Users/Owner/pico-sdk/src/rp2_common/pico_runtime_init/runtime_init_clocks.c.obj
 .text.runtime_init_clocks
                0x100021c8       0xcc CMakeFiles/easycontroller.dir/C_/Users/Owner/pico-sdk/src/rp2_common/pico_runtime_init/runtime_init_clocks.c.obj
                0x100021c8                runtime_init_clocks
 .text          0x10002294       0x10 CMakeFiles/easycontroller.dir/C_/Users/Owner/pico-sdk/src/rp2_common/pico_bit_ops/bit_ops_aeabi.S.obj
 .text.__wrap___aeabi_idiv
                0x100022a4       0x50 CMakeFiles/easycontroller.dir/C_/Users/Owner/pico-sdk/src/rp2_common/pico_divider/divider_hardware.S.obj
                0x100022a4                __wrap___aeabi_idivmod
                0x100022a4                divmod_s32s32
                0x100022a4                div_s32s32
                0x100022a4                __wrap___aeabi_idiv
                0x100022ac                divmod_s32s32_unsafe
                0x100022d8                divmod_s32s32_savestate
 .text.__wrap___aeabi_uidiv
                0x100022f4       0x4c CMakeFiles/easycontroller.dir/C_/Users/Owner/pico-sdk/src/rp2_common/pico_divider/divider_hardware.S.obj
                0x100022f4                __wrap___aeabi_uidiv
                0x100022f4                __wrap___aeabi_uidivmod
                0x100022f4                div_u32u32
                0x100022f4                divmod_u32u32
                0x100022fc                divmod_u32u32_unsafe
                0x10002324                divmod_u32u32_savestate
 .text.__wrap___aeabi_ldiv
                0x10002340      0x424 CMakeFiles/easycontroller.dir/C_/Users/Owner/pico-sdk/src/rp2_common/pico_divider/divider_hardware.S.obj
                0x10002340                div_s64s64
                0x10002340                divmod_s64s64
                0x10002340                __wrap___aeabi_ldivmod
                0x10002370                divmod_u64u64
                0x10002370                div_u64u64
                0x10002370                __wrap___aeabi_uldivmod
                0x10002380                divmod_u64u64_savestate
                0x100023a0                divmod_s64s64_unsafe
                0x10002428                divmod_u64u64_unsafe
 .text.__wrap___aeabi_darithmetic
                0x10002764       0x80 CMakeFiles/easycontroller.dir/C_/Users/Owner/pico-sdk/src/rp2_common/pico_double/double_aeabi_rp2040.S.obj
                0x10002764                __wrap___aeabi_drsub
                0x1000276a                __wrap___aeabi_dsub
                0x1000277c                __wrap___aeabi_dadd
                0x1000278e                __wrap___aeabi_ddiv
                0x100027ca                __wrap___aeabi_dmul
 .text.__wrap___aeabi_cdcmple
                0x100027e4       0x6c CMakeFiles/easycontroller.dir/C_/Users/Owner/pico-sdk/src/rp2_common/pico_double/double_aeabi_rp2040.S.obj
                0x100027e4                __wrap___aeabi_cdrcmple
                0x100027f4                __wrap___aeabi_cdcmpeq
                0x100027f4                __wrap___aeabi_cdcmple
 .text.__wrap___aeabi_dcmplt
                0x10002850        0xc CMakeFiles/easycontroller.dir/C_/Users/Owner/pico-sdk/src/rp2_common/pico_double/double_aeabi_rp2040.S.obj
                0x10002850                __wrap___aeabi_dcmplt
 .text.__wrap___aeabi_dcmple
                0x1000285c       0x10 CMakeFiles/easycontroller.dir/C_/Users/Owner/pico-sdk/src/rp2_common/pico_double/double_aeabi_rp2040.S.obj
                0x1000285c                __wrap___aeabi_dcmple
 .text.__wrap___aeabi_dcmpge
                0x1000286c       0x10 CMakeFiles/easycontroller.dir/C_/Users/Owner/pico-sdk/src/rp2_common/pico_double/double_aeabi_rp2040.S.obj
                0x1000286c                __wrap___aeabi_dcmpge
 .text.__wrap___aeabi_dcmpgt
                0x1000287c        0xa CMakeFiles/easycontroller.dir/C_/Users/Owner/pico-sdk/src/rp2_common/pico_double/double_aeabi_rp2040.S.obj
                0x1000287c                __wrap___aeabi_dcmpgt
 .text.__wrap___aeabi_dcmpun
                0x10002886       0x18 CMakeFiles/easycontroller.dir/C_/Users/Owner/pico-sdk/src/rp2_common/pico_double/double_aeabi_rp2040.S.obj
                0x10002886                __wrap___aeabi_dcmpun
 *fill*         0x1000289e        0x2 
 .text.__wrap___aeabi_i2d
                0x100028a0       0x38 CMakeFiles/easycontroller.dir/C_/Users/Owner/pico-sdk/src/rp2_common/pico_double/double_aeabi_rp2040.S.obj
                0x100028a0                uint2double
                0x100028a0                __wrap___aeabi_ui2d
                0x100028a8                int2double
                0x100028a8                __wrap___aeabi_i2d
 .text.__wrap___aeabi_d2iz
                0x100028d8       0x48 CMakeFiles/easycontroller.dir/C_/Users/Owner/pico-sdk/src/rp2_common/pico_double/double_aeabi_rp2040.S.obj
                0x100028d8                double2int_z
                0x100028d8                __wrap___aeabi_d2iz
 .text.__wrap___aeabi_d2uiz
                0x10002920       0x18 CMakeFiles/easycontroller.dir/C_/Users/Owner/pico-sdk/src/rp2_common/pico_double/double_aeabi_rp2040.S.obj
                0x10002920                double2uint
                0x10002920                __wrap___aeabi_d2uiz
                0x10002920                double2uint_z
 .text.__aeabi_double_init
                0x10002938       0xcc CMakeFiles/easycontroller.dir/C_/Users/Owner/pico-sdk/src/rp2_common/pico_double/double_init_rom_rp2040.c.obj
                0x10002938                __aeabi_double_init
 .text.double_table_shim_on_use_helper
                0x10002a04       0x34 CMakeFiles/easycontroller.dir/C_/Users/Owner/pico-sdk/src/rp2_common/pico_double/double_v1_rom_shim_rp2040.S.obj
                0x10002a04                double_table_shim_on_use_helper
 .text.__wrap___aeabi_dsub
                0x10002a38       0x10 CMakeFiles/easycontroller.dir/C_/Users/Owner/pico-sdk/src/rp2_common/pico_double/double_v1_rom_shim_rp2040.S.obj
                0x10002a38                drsub_shim
                0x10002a3e                dsub_shim
 .text.dadd_shim
                0x10002a48      0x15c CMakeFiles/easycontroller.dir/C_/Users/Owner/pico-sdk/src/rp2_common/pico_double/double_v1_rom_shim_rp2040.S.obj
                0x10002a48                dadd_shim
 .text.dmul_shim
                0x10002ba4      0x15c CMakeFiles/easycontroller.dir/C_/Users/Owner/pico-sdk/src/rp2_common/pico_double/double_v1_rom_shim_rp2040.S.obj
                0x10002ba4                dmul_shim
 .text.ddiv_shim
                0x10002d00      0x1b0 CMakeFiles/easycontroller.dir/C_/Users/Owner/pico-sdk/src/rp2_common/pico_double/double_v1_rom_shim_rp2040.S.obj
                0x10002d00                ddiv_shim
 .text.double2uint_shim
                0x10002eb0        0xe CMakeFiles/easycontroller.dir/C_/Users/Owner/pico-sdk/src/rp2_common/pico_double/double_v1_rom_shim_rp2040.S.obj
                0x10002eb0                double2uint_shim
                0x10002eb2                double2ufix_shim
 *fill*         0x10002ebe        0x2 
 .text.double2uint64_shim
                0x10002ec0       0x70 CMakeFiles/easycontroller.dir/C_/Users/Owner/pico-sdk/src/rp2_common/pico_double/double_v1_rom_shim_rp2040.S.obj
                0x10002ec0                double2uint64_shim
                0x10002ec2                double2ufix64_shim
                0x10002ee2                d2fix_a
 .text.dunpacks
                0x10002f30       0x3c CMakeFiles/easycontroller.dir/C_/Users/Owner/pico-sdk/src/rp2_common/pico_double/double_v1_rom_shim_rp2040.S.obj
                0x10002f30                dunpacks
 .text.__aeabi_lmul
                0x10002f6c       0x32 CMakeFiles/easycontroller.dir/C_/Users/Owner/pico-sdk/src/rp2_common/pico_int64_ops/pico_int64_ops_aeabi.S.obj
                0x10002f6c                __wrap___aeabi_lmul
 *fill*         0x10002f9e        0x2 
 .text.__wrap___aeabi_farithmetic
                0x10002fa0       0x58 CMakeFiles/easycontroller.dir/C_/Users/Owner/pico-sdk/src/rp2_common/pico_float/float_aeabi_rp2040.S.obj
                0x10002fa0                __wrap___aeabi_frsub
                0x10002fa6                __wrap___aeabi_fsub
                0x10002fb0                __wrap___aeabi_fadd
                0x10002fba                __wrap___aeabi_fdiv
                0x10002fe6                __wrap___aeabi_fmul
 .text.__wrap___aeabi_ui2f
                0x10002ff8        0xa CMakeFiles/easycontroller.dir/C_/Users/Owner/pico-sdk/src/rp2_common/pico_float/float_aeabi_rp2040.S.obj
                0x10002ff8                __wrap___aeabi_ui2f
                0x10002ff8                uint2float
 *fill*         0x10003002        0x2 
 .text.__wrap___aeabi_i2f
                0x10003004       0x44 CMakeFiles/easycontroller.dir/C_/Users/Owner/pico-sdk/src/rp2_common/pico_float/float_aeabi_rp2040.S.obj
                0x10003004                __wrap___aeabi_i2f
                0x10003004                int2float
 .text.__wrap___aeabi_f2uiz
                0x10003048       0x10 CMakeFiles/easycontroller.dir/C_/Users/Owner/pico-sdk/src/rp2_common/pico_float/float_aeabi_rp2040.S.obj
                0x10003048                float2uint_z
                0x10003048                __wrap___aeabi_f2uiz
                0x10003048                float2uint
 .text.__aeabi_float_init
                0x10003058       0xfc CMakeFiles/easycontroller.dir/C_/Users/Owner/pico-sdk/src/rp2_common/pico_float/float_init_rom_rp2040.c.obj
                0x10003058                __aeabi_float_init
 .text.float_table_shim_on_use_helper
                0x10003154       0x34 CMakeFiles/easycontroller.dir/C_/Users/Owner/pico-sdk/src/rp2_common/pico_float/float_v1_rom_shim_rp2040.S.obj
                0x10003154                float_table_shim_on_use_helper
 .text          0x10003188       0x10 CMakeFiles/easycontroller.dir/C_/Users/Owner/pico-sdk/src/rp2_common/pico_mem_ops/mem_ops_aeabi.S.obj
                0x10003188                __aeabi_mem_init
 .text.memset   0x10003198        0xc CMakeFiles/easycontroller.dir/C_/Users/Owner/pico-sdk/src/rp2_common/pico_mem_ops/mem_ops_aeabi.S.obj
                0x10003198                __wrap_memset
 .text.memcpy   0x100031a4        0xc CMakeFiles/easycontroller.dir/C_/Users/Owner/pico-sdk/src/rp2_common/pico_mem_ops/mem_ops_aeabi.S.obj
                0x100031a4                __wrap_memcpy
                0x100031a4                __wrap___aeabi_memcpy
 .text._out_buffer
                0x100031b0        0x8 CMakeFiles/easycontroller.dir/C_/Users/Owner/pico-sdk/src/rp2_common/pico_printf/printf.c.obj
 .text._out_null
                0x100031b8        0x2 CMakeFiles/easycontroller.dir/C_/Users/Owner/pico-sdk/src/rp2_common/pico_printf/printf.c.obj
 .text._out_fct
                0x100031ba        0xe CMakeFiles/easycontroller.dir/C_/Users/Owner/pico-sdk/src/rp2_common/pico_printf/printf.c.obj
 .text._atoi    0x100031c8       0x24 CMakeFiles/easycontroller.dir/C_/Users/Owner/pico-sdk/src/rp2_common/pico_printf/printf.c.obj
 .text._out_rev
                0x100031ec       0xb0 CMakeFiles/easycontroller.dir/C_/Users/Owner/pico-sdk/src/rp2_common/pico_printf/printf.c.obj
 .text._ntoa_format
                0x1000329c      0x10e CMakeFiles/easycontroller.dir/C_/Users/Owner/pico-sdk/src/rp2_common/pico_printf/printf.c.obj
 .text._ntoa_long
                0x100033aa       0xbc CMakeFiles/easycontroller.dir/C_/Users/Owner/pico-sdk/src/rp2_common/pico_printf/printf.c.obj
 .text._ntoa_long_long
                0x10003466      0x10e CMakeFiles/easycontroller.dir/C_/Users/Owner/pico-sdk/src/rp2_common/pico_printf/printf.c.obj
 .text._etoa    0x10003574      0x424 CMakeFiles/easycontroller.dir/C_/Users/Owner/pico-sdk/src/rp2_common/pico_printf/printf.c.obj
 .text._ftoa    0x10003998      0x348 CMakeFiles/easycontroller.dir/C_/Users/Owner/pico-sdk/src/rp2_common/pico_printf/printf.c.obj
 .text._vsnprintf
                0x10003ce0      0x6a4 CMakeFiles/easycontroller.dir/C_/Users/Owner/pico-sdk/src/rp2_common/pico_printf/printf.c.obj
 .text.__wrap_snprintf
                0x10004384       0x28 CMakeFiles/easycontroller.dir/C_/Users/Owner/pico-sdk/src/rp2_common/pico_printf/printf.c.obj
                0x10004384                __wrap_snprintf
 .text.vfctprintf
                0x100043ac       0x24 CMakeFiles/easycontroller.dir/C_/Users/Owner/pico-sdk/src/rp2_common/pico_printf/printf.c.obj
                0x100043ac                vfctprintf
 .text._exit    0x100043d0        0x4 CMakeFiles/easycontroller.dir/C_/Users/Owner/pico-sdk/src/rp2_common/pico_clib_interface/newlib_interface.c.obj
                0x100043d0                _exit
 .text.exit     0x100043d4        0x6 CMakeFiles/easycontroller.dir/C_/Users/Owner/pico-sdk/src/rp2_common/pico_clib_interface/newlib_interface.c.obj
                0x100043d4                exit
 *fill*         0x100043da        0x2 
 .text.__assert_func
                0x100043dc       0x38 CMakeFiles/easycontroller.dir/C_/Users/Owner/pico-sdk/src/rp2_common/pico_clib_interface/newlib_interface.c.obj
                0x100043dc                __assert_func
 .text.runtime_init
                0x10004414       0x28 CMakeFiles/easycontroller.dir/C_/Users/Owner/pico-sdk/src/rp2_common/pico_clib_interface/newlib_interface.c.obj
                0x10004414                runtime_init
 .text.stdio_out_chars_no_crlf
                0x1000443c        0xe CMakeFiles/easycontroller.dir/C_/Users/Owner/pico-sdk/src/rp2_common/pico_stdio/stdio.c.obj
 *fill*         0x1000444a        0x2 
 .text.stdio_out_chars_crlf
                0x1000444c       0x80 CMakeFiles/easycontroller.dir/C_/Users/Owner/pico-sdk/src/rp2_common/pico_stdio/stdio.c.obj
 .text.stdio_stack_buffer_flush
                0x100044cc       0x44 CMakeFiles/easycontroller.dir/C_/Users/Owner/pico-sdk/src/rp2_common/pico_stdio/stdio.c.obj
 .text.stdio_buffered_printer
                0x10004510       0x20 CMakeFiles/easycontroller.dir/C_/Users/Owner/pico-sdk/src/rp2_common/pico_stdio/stdio.c.obj
 .text.stdout_serialize_begin
                0x10004530       0x30 CMakeFiles/easycontroller.dir/C_/Users/Owner/pico-sdk/src/rp2_common/pico_stdio/stdio.c.obj
                0x10004530                stdout_serialize_begin
 .text.stdout_serialize_end
                0x10004560       0x10 CMakeFiles/easycontroller.dir/C_/Users/Owner/pico-sdk/src/rp2_common/pico_stdio/stdio.c.obj
                0x10004560                stdout_serialize_end
 .text.stdio_put_string
                0x10004570       0x94 CMakeFiles/easycontroller.dir/C_/Users/Owner/pico-sdk/src/rp2_common/pico_stdio/stdio.c.obj
                0x10004570                stdio_put_string
 .text.stdio_get_until
                0x10004604       0x74 CMakeFiles/easycontroller.dir/C_/Users/Owner/pico-sdk/src/rp2_common/pico_stdio/stdio.c.obj
                0x10004604                stdio_get_until
 .text.stdio_set_driver_enabled
                0x10004678       0x30 CMakeFiles/easycontroller.dir/C_/Users/Owner/pico-sdk/src/rp2_common/pico_stdio/stdio.c.obj
                0x10004678                stdio_set_driver_enabled
 .text.stdio_flush
                0x100046a8       0x20 CMakeFiles/easycontroller.dir/C_/Users/Owner/pico-sdk/src/rp2_common/pico_stdio/stdio.c.obj
                0x100046a8                stdio_flush
 .text.stdio_init_all
                0x100046c8        0x8 CMakeFiles/easycontroller.dir/C_/Users/Owner/pico-sdk/src/rp2_common/pico_stdio/stdio.c.obj
                0x100046c8                stdio_init_all
 .text.stdio_getchar_timeout_us
                0x100046d0       0x54 CMakeFiles/easycontroller.dir/C_/Users/Owner/pico-sdk/src/rp2_common/pico_stdio/stdio.c.obj
                0x100046d0                stdio_getchar_timeout_us
 .text.__wrap_puts
                0x10004724       0x1e CMakeFiles/easycontroller.dir/C_/Users/Owner/pico-sdk/src/rp2_common/pico_stdio/stdio.c.obj
                0x10004724                stdio_puts
                0x10004724                __wrap_puts
 *fill*         0x10004742        0x2 
 .text.__wrap_vprintf
                0x10004744       0x40 CMakeFiles/easycontroller.dir/C_/Users/Owner/pico-sdk/src/rp2_common/pico_stdio/stdio.c.obj
                0x10004744                stdio_vprintf
                0x10004744                __wrap_vprintf
 .text.__wrap_printf
                0x10004784       0x18 CMakeFiles/easycontroller.dir/C_/Users/Owner/pico-sdk/src/rp2_common/pico_stdio/stdio.c.obj
                0x10004784                __wrap_printf
                0x10004784                stdio_printf
 .text.resetd_init
                0x1000479c        0x2 CMakeFiles/easycontroller.dir/C_/Users/Owner/pico-sdk/src/rp2_common/pico_stdio_usb/reset_interface.c.obj
 *fill*         0x1000479e        0x2 
 .text.resetd_reset
                0x100047a0        0xc CMakeFiles/easycontroller.dir/C_/Users/Owner/pico-sdk/src/rp2_common/pico_stdio_usb/reset_interface.c.obj
 .text.resetd_open
                0x100047ac       0x34 CMakeFiles/easycontroller.dir/C_/Users/Owner/pico-sdk/src/rp2_common/pico_stdio_usb/reset_interface.c.obj
 .text.resetd_xfer_cb
                0x100047e0        0x4 CMakeFiles/easycontroller.dir/C_/Users/Owner/pico-sdk/src/rp2_common/pico_stdio_usb/reset_interface.c.obj
 .text.resetd_control_xfer_cb
                0x100047e4       0x60 CMakeFiles/easycontroller.dir/C_/Users/Owner/pico-sdk/src/rp2_common/pico_stdio_usb/reset_interface.c.obj
 .text.tud_descriptor_bos_cb
                0x10004844        0x8 CMakeFiles/easycontroller.dir/C_/Users/Owner/pico-sdk/src/rp2_common/pico_stdio_usb/reset_interface.c.obj
                0x10004844                tud_descriptor_bos_cb
 .text.tud_vendor_control_xfer_cb
                0x1000484c       0x38 CMakeFiles/easycontroller.dir/C_/Users/Owner/pico-sdk/src/rp2_common/pico_stdio_usb/reset_interface.c.obj
                0x1000484c                tud_vendor_control_xfer_cb
 .text.usbd_app_driver_get_cb
                0x10004884        0xc CMakeFiles/easycontroller.dir/C_/Users/Owner/pico-sdk/src/rp2_common/pico_stdio_usb/reset_interface.c.obj
                0x10004884                usbd_app_driver_get_cb
 .text.tud_cdc_line_coding_cb
                0x10004890       0x2c CMakeFiles/easycontroller.dir/C_/Users/Owner/pico-sdk/src/rp2_common/pico_stdio_usb/reset_interface.c.obj
                0x10004890                tud_cdc_line_coding_cb
 .text.stdio_usb_set_chars_available_callback
                0x100048bc       0x14 CMakeFiles/easycontroller.dir/C_/Users/Owner/pico-sdk/src/rp2_common/pico_stdio_usb/stdio_usb.c.obj
                0x100048bc                stdio_usb_set_chars_available_callback
 .text.stdio_usb_out_flush
                0x100048d0       0x4c CMakeFiles/easycontroller.dir/C_/Users/Owner/pico-sdk/src/rp2_common/pico_stdio_usb/stdio_usb.c.obj
 .text.usb_irq  0x1000491c       0x10 CMakeFiles/easycontroller.dir/C_/Users/Owner/pico-sdk/src/rp2_common/pico_stdio_usb/stdio_usb.c.obj
 .text.timer_task
                0x1000492c       0x6c CMakeFiles/easycontroller.dir/C_/Users/Owner/pico-sdk/src/rp2_common/pico_stdio_usb/stdio_usb.c.obj
 .text.alarm_pool_add_alarm_in_us
                0x10004998       0x40 CMakeFiles/easycontroller.dir/C_/Users/Owner/pico-sdk/src/rp2_common/pico_stdio_usb/stdio_usb.c.obj
 .text.add_alarm_in_us
                0x100049d8       0x2e CMakeFiles/easycontroller.dir/C_/Users/Owner/pico-sdk/src/rp2_common/pico_stdio_usb/stdio_usb.c.obj
 *fill*         0x10004a06        0x2 
 .text.low_priority_worker_irq
                0x10004a08       0xa8 CMakeFiles/easycontroller.dir/C_/Users/Owner/pico-sdk/src/rp2_common/pico_stdio_usb/stdio_usb.c.obj
 .text.stdio_usb_init
                0x10004ab0       0xe0 CMakeFiles/easycontroller.dir/C_/Users/Owner/pico-sdk/src/rp2_common/pico_stdio_usb/stdio_usb.c.obj
                0x10004ab0                stdio_usb_init
 .text.stdio_usb_connected
                0x10004b90        0xa CMakeFiles/easycontroller.dir/C_/Users/Owner/pico-sdk/src/rp2_common/pico_stdio_usb/stdio_usb.c.obj
                0x10004b90                stdio_usb_connected
 *fill*         0x10004b9a        0x2 
 .text.stdio_usb_in_chars
                0x10004b9c       0x98 CMakeFiles/easycontroller.dir/C_/Users/Owner/pico-sdk/src/rp2_common/pico_stdio_usb/stdio_usb.c.obj
                0x10004b9c                stdio_usb_in_chars
 .text.stdio_usb_out_chars
                0x10004c34       0xe8 CMakeFiles/easycontroller.dir/C_/Users/Owner/pico-sdk/src/rp2_common/pico_stdio_usb/stdio_usb.c.obj
 .text.tud_descriptor_device_cb
                0x10004d1c        0x8 CMakeFiles/easycontroller.dir/C_/Users/Owner/pico-sdk/src/rp2_common/pico_stdio_usb/stdio_usb_descriptors.c.obj
                0x10004d1c                tud_descriptor_device_cb
 .text.tud_descriptor_configuration_cb
                0x10004d24        0x8 CMakeFiles/easycontroller.dir/C_/Users/Owner/pico-sdk/src/rp2_common/pico_stdio_usb/stdio_usb_descriptors.c.obj
                0x10004d24                tud_descriptor_configuration_cb
 .text.tud_descriptor_string_cb
                0x10004d2c       0x6c CMakeFiles/easycontroller.dir/C_/Users/Owner/pico-sdk/src/rp2_common/pico_stdio_usb/stdio_usb_descriptors.c.obj
                0x10004d2c                tud_descriptor_string_cb
 .text._retrieve_unique_id_on_boot
                0x10004d98       0x10 CMakeFiles/easycontroller.dir/C_/Users/Owner/pico-sdk/src/rp2_common/pico_unique_id/unique_id.c.obj
 .text.pico_get_unique_board_id_string
                0x10004da8       0x58 CMakeFiles/easycontroller.dir/C_/Users/Owner/pico-sdk/src/rp2_common/pico_unique_id/unique_id.c.obj
                0x10004da8                pico_get_unique_board_id_string
 .text.flash_get_unique_id
                0x10004e00       0x40 CMakeFiles/easycontroller.dir/C_/Users/Owner/pico-sdk/src/rp2_common/hardware_flash/flash.c.obj
                0x10004e00                flash_get_unique_id
 .text.hw_endpoint_init
                0x10004e40       0xc0 CMakeFiles/easycontroller.dir/C_/Users/Owner/pico-sdk/lib/tinyusb/src/portable/raspberrypi/rp2040/dcd_rp2040.c.obj
 .text.hw_endpoint_alloc
                0x10004f00       0x48 CMakeFiles/easycontroller.dir/C_/Users/Owner/pico-sdk/lib/tinyusb/src/portable/raspberrypi/rp2040/dcd_rp2040.c.obj
 .text.hw_endpoint_open
                0x10004f48       0x50 CMakeFiles/easycontroller.dir/C_/Users/Owner/pico-sdk/lib/tinyusb/src/portable/raspberrypi/rp2040/dcd_rp2040.c.obj
 .text.hw_endpoint_xfer
                0x10004f98       0x20 CMakeFiles/easycontroller.dir/C_/Users/Owner/pico-sdk/lib/tinyusb/src/portable/raspberrypi/rp2040/dcd_rp2040.c.obj
 .text.dcd_int_enable
                0x10004fb8       0x2c CMakeFiles/easycontroller.dir/C_/Users/Owner/pico-sdk/lib/tinyusb/src/portable/raspberrypi/rp2040/dcd_rp2040.c.obj
                0x10004fb8                dcd_int_enable
 .text.dcd_set_address
                0x10004fe4       0x2c CMakeFiles/easycontroller.dir/C_/Users/Owner/pico-sdk/lib/tinyusb/src/portable/raspberrypi/rp2040/dcd_rp2040.c.obj
                0x10004fe4                dcd_set_address
 .text.dcd_connect
                0x10005010       0x10 CMakeFiles/easycontroller.dir/C_/Users/Owner/pico-sdk/lib/tinyusb/src/portable/raspberrypi/rp2040/dcd_rp2040.c.obj
                0x10005010                dcd_connect
 .text.dcd_init
                0x10005020       0x80 CMakeFiles/easycontroller.dir/C_/Users/Owner/pico-sdk/lib/tinyusb/src/portable/raspberrypi/rp2040/dcd_rp2040.c.obj
                0x10005020                dcd_init
 .text.dcd_sof_enable
                0x100050a0       0x1c CMakeFiles/easycontroller.dir/C_/Users/Owner/pico-sdk/lib/tinyusb/src/portable/raspberrypi/rp2040/dcd_rp2040.c.obj
                0x100050a0                dcd_sof_enable
 .text.dcd_edpt0_status_complete
                0x100050bc       0x1c CMakeFiles/easycontroller.dir/C_/Users/Owner/pico-sdk/lib/tinyusb/src/portable/raspberrypi/rp2040/dcd_rp2040.c.obj
                0x100050bc                dcd_edpt0_status_complete
 .text.dcd_edpt_open
                0x100050d8       0x26 CMakeFiles/easycontroller.dir/C_/Users/Owner/pico-sdk/lib/tinyusb/src/portable/raspberrypi/rp2040/dcd_rp2040.c.obj
                0x100050d8                dcd_edpt_open
 .text.dcd_edpt_close_all
                0x100050fe        0x8 CMakeFiles/easycontroller.dir/C_/Users/Owner/pico-sdk/lib/tinyusb/src/portable/raspberrypi/rp2040/dcd_rp2040.c.obj
                0x100050fe                dcd_edpt_close_all
 *fill*         0x10005106        0x2 
 .text.dcd_edpt_xfer
                0x10005108       0x30 CMakeFiles/easycontroller.dir/C_/Users/Owner/pico-sdk/lib/tinyusb/src/portable/raspberrypi/rp2040/dcd_rp2040.c.obj
                0x10005108                dcd_edpt_xfer
 .text.dcd_edpt_stall
                0x10005138       0x3c CMakeFiles/easycontroller.dir/C_/Users/Owner/pico-sdk/lib/tinyusb/src/portable/raspberrypi/rp2040/dcd_rp2040.c.obj
                0x10005138                dcd_edpt_stall
 .text.dcd_edpt_clear_stall
                0x10005174       0x30 CMakeFiles/easycontroller.dir/C_/Users/Owner/pico-sdk/lib/tinyusb/src/portable/raspberrypi/rp2040/dcd_rp2040.c.obj
                0x10005174                dcd_edpt_clear_stall
 .text.unaligned_memcpy
                0x100051a4       0x14 CMakeFiles/easycontroller.dir/C_/Users/Owner/pico-sdk/lib/tinyusb/src/portable/raspberrypi/rp2040/rp2040_usb.c.obj
 .text.rp2040_usb_init
                0x100051b8       0x44 CMakeFiles/easycontroller.dir/C_/Users/Owner/pico-sdk/lib/tinyusb/src/portable/raspberrypi/rp2040/rp2040_usb.c.obj
                0x100051b8                rp2040_usb_init
 .text.hw_endpoint_xfer_start
                0x100051fc       0x60 CMakeFiles/easycontroller.dir/C_/Users/Owner/pico-sdk/lib/tinyusb/src/portable/raspberrypi/rp2040/rp2040_usb.c.obj
                0x100051fc                hw_endpoint_xfer_start
 .text.configuration_reset
                0x1000525c       0x84 CMakeFiles/easycontroller.dir/C_/Users/Owner/pico-sdk/lib/tinyusb/src/device/usbd.c.obj
 .text.usbd_reset
                0x100052e0        0xc CMakeFiles/easycontroller.dir/C_/Users/Owner/pico-sdk/lib/tinyusb/src/device/usbd.c.obj
 .text.invoke_class_control
                0x100052ec       0x1a CMakeFiles/easycontroller.dir/C_/Users/Owner/pico-sdk/lib/tinyusb/src/device/usbd.c.obj
 *fill*         0x10005306        0x2 
 .text.process_set_config
                0x10005308      0x1b0 CMakeFiles/easycontroller.dir/C_/Users/Owner/pico-sdk/lib/tinyusb/src/device/usbd.c.obj
 .text.tud_event_hook_cb
                0x100054b8        0x2 CMakeFiles/easycontroller.dir/C_/Users/Owner/pico-sdk/lib/tinyusb/src/device/usbd.c.obj
                0x100054b8                tud_event_hook_cb
 .text.tud_sof_cb
                0x100054ba        0x2 CMakeFiles/easycontroller.dir/C_/Users/Owner/pico-sdk/lib/tinyusb/src/device/usbd.c.obj
                0x100054ba                tud_sof_cb
 .text.tud_descriptor_device_qualifier_cb
                0x100054bc        0x4 CMakeFiles/easycontroller.dir/C_/Users/Owner/pico-sdk/lib/tinyusb/src/device/usbd.c.obj
                0x100054bc                tud_descriptor_device_qualifier_cb
 .text.tud_descriptor_other_speed_configuration_cb
                0x100054c0        0x4 CMakeFiles/easycontroller.dir/C_/Users/Owner/pico-sdk/lib/tinyusb/src/device/usbd.c.obj
                0x100054c0                tud_descriptor_other_speed_configuration_cb
 .text.process_get_descriptor
                0x100054c4       0xe0 CMakeFiles/easycontroller.dir/C_/Users/Owner/pico-sdk/lib/tinyusb/src/device/usbd.c.obj
 .text.tud_mount_cb
                0x100055a4        0x2 CMakeFiles/easycontroller.dir/C_/Users/Owner/pico-sdk/lib/tinyusb/src/device/usbd.c.obj
                0x100055a4                tud_mount_cb
 .text.tud_umount_cb
                0x100055a6        0x2 CMakeFiles/easycontroller.dir/C_/Users/Owner/pico-sdk/lib/tinyusb/src/device/usbd.c.obj
                0x100055a6                tud_umount_cb
 .text.tud_suspend_cb
                0x100055a8        0x2 CMakeFiles/easycontroller.dir/C_/Users/Owner/pico-sdk/lib/tinyusb/src/device/usbd.c.obj
                0x100055a8                tud_suspend_cb
 .text.tud_resume_cb
                0x100055aa        0x2 CMakeFiles/easycontroller.dir/C_/Users/Owner/pico-sdk/lib/tinyusb/src/device/usbd.c.obj
                0x100055aa                tud_resume_cb
 .text.tud_mounted
                0x100055ac       0x10 CMakeFiles/easycontroller.dir/C_/Users/Owner/pico-sdk/lib/tinyusb/src/device/usbd.c.obj
                0x100055ac                tud_mounted
 .text.tud_suspended
                0x100055bc       0x10 CMakeFiles/easycontroller.dir/C_/Users/Owner/pico-sdk/lib/tinyusb/src/device/usbd.c.obj
                0x100055bc                tud_suspended
 .text.tud_inited
                0x100055cc       0x14 CMakeFiles/easycontroller.dir/C_/Users/Owner/pico-sdk/lib/tinyusb/src/device/usbd.c.obj
                0x100055cc                tud_inited
 .text.tud_rhport_init
                0x100055e0      0x100 CMakeFiles/easycontroller.dir/C_/Users/Owner/pico-sdk/lib/tinyusb/src/device/usbd.c.obj
                0x100055e0                tud_rhport_init
 .text.usbd_edpt_open
                0x100056e0       0x60 CMakeFiles/easycontroller.dir/C_/Users/Owner/pico-sdk/lib/tinyusb/src/device/usbd.c.obj
                0x100056e0                usbd_edpt_open
 .text.usbd_open_edpt_pair
                0x10005740       0x88 CMakeFiles/easycontroller.dir/C_/Users/Owner/pico-sdk/lib/tinyusb/src/device/usbd.c.obj
                0x10005740                usbd_open_edpt_pair
 .text.usbd_edpt_claim
                0x100057c8       0x28 CMakeFiles/easycontroller.dir/C_/Users/Owner/pico-sdk/lib/tinyusb/src/device/usbd.c.obj
                0x100057c8                usbd_edpt_claim
 .text.usbd_edpt_release
                0x100057f0       0x28 CMakeFiles/easycontroller.dir/C_/Users/Owner/pico-sdk/lib/tinyusb/src/device/usbd.c.obj
                0x100057f0                usbd_edpt_release
 .text.usbd_edpt_xfer
                0x10005818       0x88 CMakeFiles/easycontroller.dir/C_/Users/Owner/pico-sdk/lib/tinyusb/src/device/usbd.c.obj
                0x10005818                usbd_edpt_xfer
 .text.usbd_edpt_stall
                0x100058a0       0x34 CMakeFiles/easycontroller.dir/C_/Users/Owner/pico-sdk/lib/tinyusb/src/device/usbd.c.obj
                0x100058a0                usbd_edpt_stall
 .text.usbd_edpt_clear_stall
                0x100058d4       0x34 CMakeFiles/easycontroller.dir/C_/Users/Owner/pico-sdk/lib/tinyusb/src/device/usbd.c.obj
                0x100058d4                usbd_edpt_clear_stall
 .text.usbd_edpt_stalled
                0x10005908       0x1c CMakeFiles/easycontroller.dir/C_/Users/Owner/pico-sdk/lib/tinyusb/src/device/usbd.c.obj
                0x10005908                usbd_edpt_stalled
 .text.process_control_request
                0x10005924      0x384 CMakeFiles/easycontroller.dir/C_/Users/Owner/pico-sdk/lib/tinyusb/src/device/usbd.c.obj
 .text.tud_task_ext
                0x10005ca8      0x1d0 CMakeFiles/easycontroller.dir/C_/Users/Owner/pico-sdk/lib/tinyusb/src/device/usbd.c.obj
                0x10005ca8                tud_task_ext
 .text.status_stage_xact
                0x10005e78       0x1a CMakeFiles/easycontroller.dir/C_/Users/Owner/pico-sdk/lib/tinyusb/src/device/usbd_control.c.obj
 *fill*         0x10005e92        0x2 
 .text.data_stage_xact
                0x10005e94       0x60 CMakeFiles/easycontroller.dir/C_/Users/Owner/pico-sdk/lib/tinyusb/src/device/usbd_control.c.obj
 .text.tud_control_status
                0x10005ef4       0x28 CMakeFiles/easycontroller.dir/C_/Users/Owner/pico-sdk/lib/tinyusb/src/device/usbd_control.c.obj
                0x10005ef4                tud_control_status
 .text.tud_control_xfer
                0x10005f1c       0x98 CMakeFiles/easycontroller.dir/C_/Users/Owner/pico-sdk/lib/tinyusb/src/device/usbd_control.c.obj
                0x10005f1c                tud_control_xfer
 .text.usbd_control_reset
                0x10005fb4       0x14 CMakeFiles/easycontroller.dir/C_/Users/Owner/pico-sdk/lib/tinyusb/src/device/usbd_control.c.obj
                0x10005fb4                usbd_control_reset
 .text.usbd_control_set_complete_callback
                0x10005fc8        0xc CMakeFiles/easycontroller.dir/C_/Users/Owner/pico-sdk/lib/tinyusb/src/device/usbd_control.c.obj
                0x10005fc8                usbd_control_set_complete_callback
 .text.usbd_control_set_request
                0x10005fd4       0x1c CMakeFiles/easycontroller.dir/C_/Users/Owner/pico-sdk/lib/tinyusb/src/device/usbd_control.c.obj
                0x10005fd4                usbd_control_set_request
 .text.usbd_control_xfer_cb
                0x10005ff0       0xe0 CMakeFiles/easycontroller.dir/C_/Users/Owner/pico-sdk/lib/tinyusb/src/device/usbd_control.c.obj
                0x10005ff0                usbd_control_xfer_cb
 .text._prep_out_transaction
                0x100060d0       0x94 CMakeFiles/easycontroller.dir/C_/Users/Owner/pico-sdk/lib/tinyusb/src/class/cdc/cdc_device.c.obj
 .text.tud_cdc_n_connected
                0x10006164       0x38 CMakeFiles/easycontroller.dir/C_/Users/Owner/pico-sdk/lib/tinyusb/src/class/cdc/cdc_device.c.obj
                0x10006164                tud_cdc_n_connected
 .text.tud_cdc_n_available
                0x1000619c       0x18 CMakeFiles/easycontroller.dir/C_/Users/Owner/pico-sdk/lib/tinyusb/src/class/cdc/cdc_device.c.obj
                0x1000619c                tud_cdc_n_available
 .text.tud_cdc_n_read
                0x100061b4       0x38 CMakeFiles/easycontroller.dir/C_/Users/Owner/pico-sdk/lib/tinyusb/src/class/cdc/cdc_device.c.obj
                0x100061b4                tud_cdc_n_read
 .text.tud_cdc_n_write_flush
                0x100061ec       0xb0 CMakeFiles/easycontroller.dir/C_/Users/Owner/pico-sdk/lib/tinyusb/src/class/cdc/cdc_device.c.obj
                0x100061ec                tud_cdc_n_write_flush
 .text.tud_cdc_n_write
                0x1000629c       0x48 CMakeFiles/easycontroller.dir/C_/Users/Owner/pico-sdk/lib/tinyusb/src/class/cdc/cdc_device.c.obj
                0x1000629c                tud_cdc_n_write
 .text.tud_cdc_n_write_available
                0x100062e4       0x18 CMakeFiles/easycontroller.dir/C_/Users/Owner/pico-sdk/lib/tinyusb/src/class/cdc/cdc_device.c.obj
                0x100062e4                tud_cdc_n_write_available
 .text.cdcd_init
                0x100062fc       0xac CMakeFiles/easycontroller.dir/C_/Users/Owner/pico-sdk/lib/tinyusb/src/class/cdc/cdc_device.c.obj
                0x100062fc                cdcd_init
 .text.cdcd_deinit
                0x100063a8       0x48 CMakeFiles/easycontroller.dir/C_/Users/Owner/pico-sdk/lib/tinyusb/src/class/cdc/cdc_device.c.obj
                0x100063a8                cdcd_deinit
 .text.cdcd_reset
                0x100063f0       0x70 CMakeFiles/easycontroller.dir/C_/Users/Owner/pico-sdk/lib/tinyusb/src/class/cdc/cdc_device.c.obj
                0x100063f0                cdcd_reset
 .text.cdcd_open
                0x10006460       0xec CMakeFiles/easycontroller.dir/C_/Users/Owner/pico-sdk/lib/tinyusb/src/class/cdc/cdc_device.c.obj
                0x10006460                cdcd_open
 .text.cdcd_control_xfer_cb
                0x1000654c      0x13c CMakeFiles/easycontroller.dir/C_/Users/Owner/pico-sdk/lib/tinyusb/src/class/cdc/cdc_device.c.obj
                0x1000654c                cdcd_control_xfer_cb
 .text.cdcd_xfer_cb
                0x10006688      0x148 CMakeFiles/easycontroller.dir/C_/Users/Owner/pico-sdk/lib/tinyusb/src/class/cdc/cdc_device.c.obj
                0x10006688                cdcd_xfer_cb
 .text.tud_vendor_n_mounted
                0x100067d0       0x3c CMakeFiles/easycontroller.dir/C_/Users/Owner/pico-sdk/lib/tinyusb/src/class/vendor/vendor_device.c.obj
                0x100067d0                tud_vendor_n_mounted
 .text.tud_vendor_n_write_flush
                0x1000680c       0x20 CMakeFiles/easycontroller.dir/C_/Users/Owner/pico-sdk/lib/tinyusb/src/class/vendor/vendor_device.c.obj
                0x1000680c                tud_vendor_n_write_flush
 .text.vendord_init
                0x1000682c       0x9c CMakeFiles/easycontroller.dir/C_/Users/Owner/pico-sdk/lib/tinyusb/src/class/vendor/vendor_device.c.obj
                0x1000682c                vendord_init
 .text.vendord_deinit
                0x100068c8       0x34 CMakeFiles/easycontroller.dir/C_/Users/Owner/pico-sdk/lib/tinyusb/src/class/vendor/vendor_device.c.obj
                0x100068c8                vendord_deinit
 .text.vendord_reset
                0x100068fc       0x50 CMakeFiles/easycontroller.dir/C_/Users/Owner/pico-sdk/lib/tinyusb/src/class/vendor/vendor_device.c.obj
                0x100068fc                vendord_reset
 .text.vendord_open
                0x1000694c      0x14c CMakeFiles/easycontroller.dir/C_/Users/Owner/pico-sdk/lib/tinyusb/src/class/vendor/vendor_device.c.obj
                0x1000694c                vendord_open
 .text.vendord_xfer_cb
                0x10006a98       0xd8 CMakeFiles/easycontroller.dir/C_/Users/Owner/pico-sdk/lib/tinyusb/src/class/vendor/vendor_device.c.obj
                0x10006a98                vendord_xfer_cb
 .text.tusb_rhport_init
                0x10006b70       0x78 CMakeFiles/easycontroller.dir/C_/Users/Owner/pico-sdk/lib/tinyusb/src/tusb.c.obj
                0x10006b70                tusb_rhport_init
 .text.tu_edpt_claim
                0x10006be8       0x50 CMakeFiles/easycontroller.dir/C_/Users/Owner/pico-sdk/lib/tinyusb/src/tusb.c.obj
                0x10006be8                tu_edpt_claim
 .text.tu_edpt_release
                0x10006c38       0x38 CMakeFiles/easycontroller.dir/C_/Users/Owner/pico-sdk/lib/tinyusb/src/tusb.c.obj
                0x10006c38                tu_edpt_release
 .text.tu_edpt_validate
                0x10006c70       0xac CMakeFiles/easycontroller.dir/C_/Users/Owner/pico-sdk/lib/tinyusb/src/tusb.c.obj
                0x10006c70                tu_edpt_validate
 .text.tu_edpt_bind_driver
                0x10006d1c       0x26 CMakeFiles/easycontroller.dir/C_/Users/Owner/pico-sdk/lib/tinyusb/src/tusb.c.obj
                0x10006d1c                tu_edpt_bind_driver
 .text.tu_edpt_stream_init
                0x10006d42       0x62 CMakeFiles/easycontroller.dir/C_/Users/Owner/pico-sdk/lib/tinyusb/src/tusb.c.obj
                0x10006d42                tu_edpt_stream_init
 .text.tu_edpt_stream_deinit
                0x10006da4        0x4 CMakeFiles/easycontroller.dir/C_/Users/Owner/pico-sdk/lib/tinyusb/src/tusb.c.obj
                0x10006da4                tu_edpt_stream_deinit
 .text.tu_edpt_stream_write_zlp_if_needed
                0x10006da8       0x80 CMakeFiles/easycontroller.dir/C_/Users/Owner/pico-sdk/lib/tinyusb/src/tusb.c.obj
                0x10006da8                tu_edpt_stream_write_zlp_if_needed
 .text.tu_edpt_stream_write_xfer
                0x10006e28       0x84 CMakeFiles/easycontroller.dir/C_/Users/Owner/pico-sdk/lib/tinyusb/src/tusb.c.obj
                0x10006e28                tu_edpt_stream_write_xfer
 .text.tu_edpt_stream_read_xfer
                0x10006eac       0xf4 CMakeFiles/easycontroller.dir/C_/Users/Owner/pico-sdk/lib/tinyusb/src/tusb.c.obj
                0x10006eac                tu_edpt_stream_read_xfer
 .text.advance_index
                0x10006fa0       0x1a CMakeFiles/easycontroller.dir/C_/Users/Owner/pico-sdk/lib/tinyusb/src/common/tusb_fifo.c.obj
 .text._tu_fifo_peek
                0x10006fba       0x56 CMakeFiles/easycontroller.dir/C_/Users/Owner/pico-sdk/lib/tinyusb/src/common/tusb_fifo.c.obj
 .text._ff_pull_n
                0x10007010       0x68 CMakeFiles/easycontroller.dir/C_/Users/Owner/pico-sdk/lib/tinyusb/src/common/tusb_fifo.c.obj
 .text._tu_fifo_peek_n
                0x10007078       0x6a CMakeFiles/easycontroller.dir/C_/Users/Owner/pico-sdk/lib/tinyusb/src/common/tusb_fifo.c.obj
 .text._tu_fifo_read_n
                0x100070e2       0x4e CMakeFiles/easycontroller.dir/C_/Users/Owner/pico-sdk/lib/tinyusb/src/common/tusb_fifo.c.obj
 .text._ff_push_n
                0x10007130       0x68 CMakeFiles/easycontroller.dir/C_/Users/Owner/pico-sdk/lib/tinyusb/src/common/tusb_fifo.c.obj
 .text._tu_fifo_write_n
                0x10007198       0xf0 CMakeFiles/easycontroller.dir/C_/Users/Owner/pico-sdk/lib/tinyusb/src/common/tusb_fifo.c.obj
 .text.tu_fifo_config
                0x10007288       0x7c CMakeFiles/easycontroller.dir/C_/Users/Owner/pico-sdk/lib/tinyusb/src/common/tusb_fifo.c.obj
                0x10007288                tu_fifo_config
 .text.tu_fifo_count
                0x10007304       0x2c CMakeFiles/easycontroller.dir/C_/Users/Owner/pico-sdk/lib/tinyusb/src/common/tusb_fifo.c.obj
                0x10007304                tu_fifo_count
 .text.tu_fifo_empty
                0x10007330        0xe CMakeFiles/easycontroller.dir/C_/Users/Owner/pico-sdk/lib/tinyusb/src/common/tusb_fifo.c.obj
                0x10007330                tu_fifo_empty
 .text.tu_fifo_full
                0x1000733e       0x2a CMakeFiles/easycontroller.dir/C_/Users/Owner/pico-sdk/lib/tinyusb/src/common/tusb_fifo.c.obj
                0x1000733e                tu_fifo_full
 .text.tu_fifo_remaining
                0x10007368       0x2e CMakeFiles/easycontroller.dir/C_/Users/Owner/pico-sdk/lib/tinyusb/src/common/tusb_fifo.c.obj
                0x10007368                tu_fifo_remaining
 .text.tu_fifo_read
                0x10007396       0x42 CMakeFiles/easycontroller.dir/C_/Users/Owner/pico-sdk/lib/tinyusb/src/common/tusb_fifo.c.obj
                0x10007396                tu_fifo_read
 .text.tu_fifo_read_n
                0x100073d8        0xa CMakeFiles/easycontroller.dir/C_/Users/Owner/pico-sdk/lib/tinyusb/src/common/tusb_fifo.c.obj
                0x100073d8                tu_fifo_read_n
 .text.tu_fifo_write
                0x100073e2       0x64 CMakeFiles/easycontroller.dir/C_/Users/Owner/pico-sdk/lib/tinyusb/src/common/tusb_fifo.c.obj
                0x100073e2                tu_fifo_write
 .text.tu_fifo_write_n
                0x10007446        0xa CMakeFiles/easycontroller.dir/C_/Users/Owner/pico-sdk/lib/tinyusb/src/common/tusb_fifo.c.obj
                0x10007446                tu_fifo_write_n
 .text.tu_fifo_clear
                0x10007450       0x3e CMakeFiles/easycontroller.dir/C_/Users/Owner/pico-sdk/lib/tinyusb/src/common/tusb_fifo.c.obj
                0x10007450                tu_fifo_clear
 .text.tu_fifo_set_overwritable
                0x1000748e       0x46 CMakeFiles/easycontroller.dir/C_/Users/Owner/pico-sdk/lib/tinyusb/src/common/tusb_fifo.c.obj
                0x1000748e                tu_fifo_set_overwritable
 .text.adc_init
                0x100074d4       0x34 CMakeFiles/easycontroller.dir/C_/Users/Owner/pico-sdk/src/rp2_common/hardware_adc/adc.c.obj
                0x100074d4                adc_init
 .text.atoi     0x10007508        0xc C:/PROGRA~2/ARMGNU~1/142BCE~1.3RE/bin/../lib/gcc/arm-none-eabi/14.3.1/../../../../arm-none-eabi/lib/thumb/v6-m/nofp\libg.a(libc_a-atoi.o)
                0x10007508                atoi
 .text._strtol_l.isra.0
                0x10007514      0x158 C:/PROGRA~2/ARMGNU~1/142BCE~1.3RE/bin/../lib/gcc/arm-none-eabi/14.3.1/../../../../arm-none-eabi/lib/thumb/v6-m/nofp\libg.a(libc_a-strtol.o)
 .text.strtol   0x1000766c       0x18 C:/PROGRA~2/ARMGNU~1/142BCE~1.3RE/bin/../lib/gcc/arm-none-eabi/14.3.1/../../../../arm-none-eabi/lib/thumb/v6-m/nofp\libg.a(libc_a-strtol.o)
                0x1000766c                strtol
 .text.__errno  0x10007684        0xc C:/PROGRA~2/ARMGNU~1/142BCE~1.3RE/bin/../lib/gcc/arm-none-eabi/14.3.1/../../../../arm-none-eabi/lib/thumb/v6-m/nofp\libg.a(libc_a-errno.o)
                0x10007684                __errno
 .text.strlen   0x10007690       0x5c C:/PROGRA~2/ARMGNU~1/142BCE~1.3RE/bin/../lib/gcc/arm-none-eabi/14.3.1/../../../../arm-none-eabi/lib/thumb/v6-m/nofp\libg.a(libc_a-strlen-stub.o)
                0x10007690                strlen
 *(.fini)
 .fini          0x100076ec        0x4 C:/PROGRA~2/ARMGNU~1/142BCE~1.3RE/bin/../lib/gcc/arm-none-eabi/14.3.1/thumb/v6-m/nofp/crti.o
                0x100076ec                _fini
 .fini.__stub   0x100076f0       0xd0 linker stubs
 *crtbegin.o(.ctors)
 *crtbegin?.o(.ctors)
 *(EXCLUDE_FILE(*crtend.o *crtend?.o) .ctors)
 *(SORT_BY_NAME(.ctors.*))
 *(.ctors)
 *crtbegin.o(.dtors)
 *crtbegin?.o(.dtors)
 *(EXCLUDE_FILE(*crtend.o *crtend?.o) .dtors)
 *(SORT_BY_NAME(.dtors.*))
 *(.dtors)
                0x100077c0                        . = ALIGN (0x4)
                0x100077c0                        PROVIDE (__preinit_array_start = .)
 *(SORT_BY_NAME(.preinit_array.*))
 .preinit_array.00100
                0x100077c0        0x4 CMakeFiles/easycontroller.dir/C_/Users/Owner/pico-sdk/src/rp2_common/pico_runtime_init/runtime_init.c.obj
                0x100077c0                __pre_init_runtime_init_early_resets
 .preinit_array.00101
                0x100077c4        0x4 CMakeFiles/easycontroller.dir/C_/Users/Owner/pico-sdk/src/rp2_common/pico_runtime_init/runtime_init.c.obj
                0x100077c4                __pre_init_runtime_init_usb_power_down
 .preinit_array.00275
                0x100077c8        0x4 CMakeFiles/easycontroller.dir/C_/Users/Owner/pico-sdk/src/rp2_common/pico_bit_ops/bit_ops_aeabi.S.obj
 .preinit_array.00300
                0x100077cc        0x4 CMakeFiles/easycontroller.dir/C_/Users/Owner/pico-sdk/src/rp2_common/pico_mem_ops/mem_ops_aeabi.S.obj
 .preinit_array.00350
                0x100077d0        0x4 CMakeFiles/easycontroller.dir/C_/Users/Owner/pico-sdk/src/rp2_common/pico_double/double_aeabi_rp2040.S.obj
 .preinit_array.00350
                0x100077d4        0x4 CMakeFiles/easycontroller.dir/C_/Users/Owner/pico-sdk/src/rp2_common/pico_float/float_aeabi_rp2040.S.obj
 .preinit_array.00500
                0x100077d8        0x4 CMakeFiles/easycontroller.dir/C_/Users/Owner/pico-sdk/src/rp2_common/pico_runtime_init/runtime_init.c.obj
                0x100077d8                __pre_init_runtime_init_clocks
 .preinit_array.00600
                0x100077dc        0x4 CMakeFiles/easycontroller.dir/C_/Users/Owner/pico-sdk/src/rp2_common/pico_runtime_init/runtime_init.c.obj
                0x100077dc                __pre_init_runtime_init_post_clock_resets
 .preinit_array.00700
                0x100077e0        0x4 CMakeFiles/easycontroller.dir/C_/Users/Owner/pico-sdk/src/rp2_common/pico_runtime_init/runtime_init.c.obj
                0x100077e0                __pre_init_runtime_init_rp2040_gpio_ie_disable
 .preinit_array.01000
                0x100077e4        0x4 CMakeFiles/easycontroller.dir/C_/Users/Owner/pico-sdk/src/rp2_common/pico_runtime_init/runtime_init.c.obj
                0x100077e4                __pre_init_runtime_init_spin_locks_reset
 .preinit_array.01100
                0x100077e8        0x4 CMakeFiles/easycontroller.dir/C_/Users/Owner/pico-sdk/src/common/pico_sync/mutex.c.obj
                0x100077e8                __pre_init_runtime_init_mutex
 .preinit_array.10080
                0x100077ec        0x4 CMakeFiles/easycontroller.dir/C_/Users/Owner/pico-sdk/src/rp2_common/pico_runtime_init/runtime_init.c.obj
                0x100077ec                __pre_init_runtime_init_install_ram_vector_table
 .preinit_array.11000
                0x100077f0        0x4 CMakeFiles/easycontroller.dir/C_/Users/Owner/pico-sdk/src/common/pico_time/time.c.obj
                0x100077f0                __pre_init_runtime_init_default_alarm_pool
 .preinit_array.YYYYY
                0x100077f4        0x4 CMakeFiles/easycontroller.dir/C_/Users/Owner/pico-sdk/src/rp2_common/pico_runtime/runtime.c.obj
                0x100077f4                __pre_init_first_per_core_initializer
 .preinit_array.ZZZZZ.01200
                0x100077f8        0x4 CMakeFiles/easycontroller.dir/C_/Users/Owner/pico-sdk/src/rp2_common/hardware_irq/irq.c.obj
                0x100077f8                __pre_init_runtime_init_per_core_irq_priorities
 *(.preinit_array)
                0x100077fc                        PROVIDE (__preinit_array_end = .)
                0x100077fc                        . = ALIGN (0x4)
                0x100077fc                        PROVIDE (__init_array_start = .)
 *(SORT_BY_NAME(.init_array.*))
 .init_array.01000
                0x100077fc        0x4 CMakeFiles/easycontroller.dir/C_/Users/Owner/pico-sdk/src/rp2_common/pico_unique_id/unique_id.c.obj
 *(.init_array)
 .init_array    0x10007800        0x4 C:/PROGRA~2/ARMGNU~1/142BCE~1.3RE/bin/../lib/gcc/arm-none-eabi/14.3.1/thumb/v6-m/nofp/crtbegin.o
                0x10007804                        PROVIDE (__init_array_end = .)
                0x10007804                        . = ALIGN (0x4)
                [!provide]                        PROVIDE (__fini_array_start = .)
 *(SORT_BY_NAME(.fini_array.*))
 *(.fini_array)
                [!provide]                        PROVIDE (__fini_array_end = .)
 *(.eh_frame*)
 .eh_frame      0x10007804        0x0 C:/PROGRA~2/ARMGNU~1/142BCE~1.3RE/bin/../lib/gcc/arm-none-eabi/14.3.1/thumb/v6-m/nofp/crtbegin.o
                0x10007804                        . = ALIGN (0x4)

.glue_7         0x10007804        0x0
 .glue_7        0x10007804        0x0 linker stubs

.glue_7t        0x10007804        0x0
 .glue_7t       0x10007804        0x0 linker stubs

.vfp11_veneer   0x10007804        0x0
 .vfp11_veneer  0x10007804        0x0 linker stubs

.v4_bx          0x10007804        0x0
 .v4_bx         0x10007804        0x0 linker stubs

.iplt           0x10007804        0x0
 .iplt          0x10007804        0x0 C:/PROGRA~2/ARMGNU~1/142BCE~1.3RE/bin/../lib/gcc/arm-none-eabi/14.3.1/thumb/v6-m/nofp/crtbegin.o

.rodata         0x10007808     0x1548
 *(EXCLUDE_FILE(*libm.a: *libc.a:*lib_a-mem*.o *libgcc.a:) .rodata*)
 .rodata.writePWM
                0x10007808       0x18 CMakeFiles/easycontroller.dir/easycontroller.c.obj
 .rodata.main.str1.4
                0x10007820      0xbff CMakeFiles/easycontroller.dir/easycontroller.c.obj
                                 0x1b (size before relaxing)
 .rodata.rp2040_chip_version.str1.4
                0x1000841f       0x71 CMakeFiles/easycontroller.dir/C_/Users/Owner/pico-sdk/src/rp2040/pico_platform/platform.c.obj
 *fill*         0x1000841f        0x1 
 .rodata.__func__.0
                0x10008420       0x14 CMakeFiles/easycontroller.dir/C_/Users/Owner/pico-sdk/src/rp2040/pico_platform/platform.c.obj
 .rodata.panic.str1.4
                0x10008434       0x12 CMakeFiles/easycontroller.dir/C_/Users/Owner/pico-sdk/src/rp2_common/pico_platform_panic/panic.c.obj
 .rodata.spin_lock_claim_unused.str1.4
                0x10008434       0x1b CMakeFiles/easycontroller.dir/C_/Users/Owner/pico-sdk/src/rp2_common/hardware_sync/sync.c.obj
 .rodata.resolve_j_16.str1.4
                0x10008434       0x52 CMakeFiles/easycontroller.dir/C_/Users/Owner/pico-sdk/src/rp2_common/hardware_irq/irq.c.obj
 .rodata.make_j_16.str1.4
                0x10008434       0x30 CMakeFiles/easycontroller.dir/C_/Users/Owner/pico-sdk/src/rp2_common/hardware_irq/irq.c.obj
 .rodata.irq_set_exclusive_handler.str1.4
                0x10008434       0x36 CMakeFiles/easycontroller.dir/C_/Users/Owner/pico-sdk/src/rp2_common/hardware_irq/irq.c.obj
 .rodata.irq_add_shared_handler.str1.4
                0x10008434       0xd2 CMakeFiles/easycontroller.dir/C_/Users/Owner/pico-sdk/src/rp2_common/hardware_irq/irq.c.obj
 .rodata.irq_add_tail_to_free_list.str1.4
                0x10008434       0x3a CMakeFiles/easycontroller.dir/C_/Users/Owner/pico-sdk/src/rp2_common/hardware_irq/irq.c.obj
 .rodata.user_irq_claim_unused.str1.4
                0x10008434       0x1b CMakeFiles/easycontroller.dir/C_/Users/Owner/pico-sdk/src/rp2_common/hardware_irq/irq.c.obj
 .rodata.__func__.0
                0x10008434       0x1a CMakeFiles/easycontroller.dir/C_/Users/Owner/pico-sdk/src/rp2_common/hardware_irq/irq.c.obj
 *fill*         0x1000844e        0x2 
 .rodata.__func__.3
                0x10008450        0xa CMakeFiles/easycontroller.dir/C_/Users/Owner/pico-sdk/src/rp2_common/hardware_irq/irq.c.obj
 *fill*         0x1000845a        0x2 
 .rodata.__func__.4
                0x1000845c        0xd CMakeFiles/easycontroller.dir/C_/Users/Owner/pico-sdk/src/rp2_common/hardware_irq/irq.c.obj
 *fill*         0x10008469        0x3 
 .rodata.__func__.5
                0x1000846c       0x17 CMakeFiles/easycontroller.dir/C_/Users/Owner/pico-sdk/src/rp2_common/hardware_irq/irq.c.obj
 *fill*         0x10008483        0x1 
 .rodata.__func__.6
                0x10008484       0x1a CMakeFiles/easycontroller.dir/C_/Users/Owner/pico-sdk/src/rp2_common/hardware_irq/irq.c.obj
 .rodata.runtime_init_mutex.str1.4
                0x1000849e       0x55 CMakeFiles/easycontroller.dir/C_/Users/Owner/pico-sdk/src/common/pico_sync/mutex.c.obj
 .rodata.str1.4
                0x1000849e       0x51 CMakeFiles/easycontroller.dir/C_/Users/Owner/pico-sdk/src/common/pico_sync/mutex.c.obj
 *fill*         0x1000849e        0x2 
 .rodata.__func__.1
                0x100084a0        0xb CMakeFiles/easycontroller.dir/C_/Users/Owner/pico-sdk/src/common/pico_sync/mutex.c.obj
 *fill*         0x100084ab        0x1 
 .rodata.__func__.3
                0x100084ac       0x18 CMakeFiles/easycontroller.dir/C_/Users/Owner/pico-sdk/src/common/pico_sync/mutex.c.obj
 .rodata.__func__.6
                0x100084c4       0x13 CMakeFiles/easycontroller.dir/C_/Users/Owner/pico-sdk/src/common/pico_sync/mutex.c.obj
 .rodata.alarm_pool_irq_handler.str1.4
                0x100084d7       0x60 CMakeFiles/easycontroller.dir/C_/Users/Owner/pico-sdk/src/common/pico_time/time.c.obj
 .rodata.alarm_pool_get_default.str1.4
                0x100084d7       0x21 CMakeFiles/easycontroller.dir/C_/Users/Owner/pico-sdk/src/common/pico_time/time.c.obj
 .rodata.sleep_until.str1.4
                0x100084d7       0x4d CMakeFiles/easycontroller.dir/C_/Users/Owner/pico-sdk/src/common/pico_time/time.c.obj
 *fill*         0x100084d7        0x1 
 .rodata.__func__.1
                0x100084d8       0x17 CMakeFiles/easycontroller.dir/C_/Users/Owner/pico-sdk/src/common/pico_time/time.c.obj
 *fill*         0x100084ef        0x1 
 .rodata.__func__.2
                0x100084f0       0x17 CMakeFiles/easycontroller.dir/C_/Users/Owner/pico-sdk/src/common/pico_time/time.c.obj
 .rodata.timer_hardware_alarm_claim.str1.4
                0x10008507       0x22 CMakeFiles/easycontroller.dir/C_/Users/Owner/pico-sdk/src/rp2_common/hardware_timer/timer.c.obj
 .rodata.pll_init.str1.4
                0x10008507      0x110 CMakeFiles/easycontroller.dir/C_/Users/Owner/pico-sdk/src/rp2_common/hardware_pll/pll.c.obj
 *fill*         0x10008507        0x1 
 .rodata.__func__.0
                0x10008508        0x9 CMakeFiles/easycontroller.dir/C_/Users/Owner/pico-sdk/src/rp2_common/hardware_pll/pll.c.obj
 .rodata.__aeabi_double_init.str1.4
                0x10008511       0x90 CMakeFiles/easycontroller.dir/C_/Users/Owner/pico-sdk/src/rp2_common/pico_double/double_init_rom_rp2040.c.obj
 *fill*         0x10008511        0x3 
 .rodata.__func__.0
                0x10008514       0x14 CMakeFiles/easycontroller.dir/C_/Users/Owner/pico-sdk/src/rp2_common/pico_double/double_init_rom_rp2040.c.obj
 .rodata.__aeabi_float_init.str1.4
                0x10008528       0x82 CMakeFiles/easycontroller.dir/C_/Users/Owner/pico-sdk/src/rp2_common/pico_float/float_init_rom_rp2040.c.obj
 .rodata.__func__.0
                0x10008528       0x13 CMakeFiles/easycontroller.dir/C_/Users/Owner/pico-sdk/src/rp2_common/pico_float/float_init_rom_rp2040.c.obj
 .rodata.str1.4
                0x1000853b       0x44 CMakeFiles/easycontroller.dir/C_/Users/Owner/pico-sdk/src/rp2_common/pico_standard_binary_info/standard_binary_info.c.obj
 *fill*         0x1000853b        0x1 
 .rodata.__bi_84
                0x1000853c        0xc CMakeFiles/easycontroller.dir/C_/Users/Owner/pico-sdk/src/rp2_common/pico_standard_binary_info/standard_binary_info.c.obj
 .rodata.__bi_78
                0x10008548        0xc CMakeFiles/easycontroller.dir/C_/Users/Owner/pico-sdk/src/rp2_common/pico_standard_binary_info/standard_binary_info.c.obj
 .rodata.__bi_54
                0x10008554        0xc CMakeFiles/easycontroller.dir/C_/Users/Owner/pico-sdk/src/rp2_common/pico_standard_binary_info/standard_binary_info.c.obj
 .rodata.__bi_48
                0x10008560        0xc CMakeFiles/easycontroller.dir/C_/Users/Owner/pico-sdk/src/rp2_common/pico_standard_binary_info/standard_binary_info.c.obj
 .rodata.__bi_42
                0x1000856c        0xc CMakeFiles/easycontroller.dir/C_/Users/Owner/pico-sdk/src/rp2_common/pico_standard_binary_info/standard_binary_info.c.obj
 .rodata.__bi_34
                0x10008578        0xc CMakeFiles/easycontroller.dir/C_/Users/Owner/pico-sdk/src/rp2_common/pico_standard_binary_info/standard_binary_info.c.obj
 .rodata.__bi_26
                0x10008584        0xc CMakeFiles/easycontroller.dir/C_/Users/Owner/pico-sdk/src/rp2_common/pico_standard_binary_info/standard_binary_info.c.obj
 .rodata._ftoa.str1.4
                0x10008590       0x15 CMakeFiles/easycontroller.dir/C_/Users/Owner/pico-sdk/src/rp2_common/pico_printf/printf.c.obj
 .rodata._vsnprintf
                0x10008590      0x19c CMakeFiles/easycontroller.dir/C_/Users/Owner/pico-sdk/src/rp2_common/pico_printf/printf.c.obj
 *fill*         0x1000872c        0x4 
 .rodata.pow10.0
                0x10008730       0x50 CMakeFiles/easycontroller.dir/C_/Users/Owner/pico-sdk/src/rp2_common/pico_printf/printf.c.obj
 .rodata.__assert_func.str1.4
                0x10008780       0x43 CMakeFiles/easycontroller.dir/C_/Users/Owner/pico-sdk/src/rp2_common/pico_clib_interface/newlib_interface.c.obj
 .rodata.stdio_getchar_timeout_us.str1.4
                0x10008780       0x3e CMakeFiles/easycontroller.dir/C_/Users/Owner/pico-sdk/src/rp2_common/pico_stdio/stdio.c.obj
 .rodata.__func__.1
                0x10008780       0x19 CMakeFiles/easycontroller.dir/C_/Users/Owner/pico-sdk/src/rp2_common/pico_stdio/stdio.c.obj
 *fill*         0x10008799        0x3 
 .rodata.crlf_str.0
                0x1000879c        0x2 CMakeFiles/easycontroller.dir/C_/Users/Owner/pico-sdk/src/rp2_common/pico_stdio/stdio.c.obj
 *fill*         0x1000879e        0x2 
 .rodata._resetd_driver
                0x100087a0       0x20 CMakeFiles/easycontroller.dir/C_/Users/Owner/pico-sdk/src/rp2_common/pico_stdio_usb/reset_interface.c.obj
 .rodata.desc_ms_os_20
                0x100087c0       0xa6 CMakeFiles/easycontroller.dir/C_/Users/Owner/pico-sdk/src/rp2_common/pico_stdio_usb/reset_interface.c.obj
 *fill*         0x10008866        0x2 
 .rodata.desc_bos
                0x10008868       0x21 CMakeFiles/easycontroller.dir/C_/Users/Owner/pico-sdk/src/rp2_common/pico_stdio_usb/reset_interface.c.obj
                0x10008868                desc_bos
 .rodata.stdio_usb_init.str1.4
                0x10008889       0x4a CMakeFiles/easycontroller.dir/C_/Users/Owner/pico-sdk/src/rp2_common/pico_stdio_usb/stdio_usb.c.obj
 .rodata.str1.4
                0x10008889       0x13 CMakeFiles/easycontroller.dir/C_/Users/Owner/pico-sdk/src/rp2_common/pico_stdio_usb/stdio_usb.c.obj
 *fill*         0x10008889        0x3 
 .rodata.__bi_202.1
                0x1000888c        0xc CMakeFiles/easycontroller.dir/C_/Users/Owner/pico-sdk/src/rp2_common/pico_stdio_usb/stdio_usb.c.obj
 .rodata.__func__.2
                0x10008898        0xf CMakeFiles/easycontroller.dir/C_/Users/Owner/pico-sdk/src/rp2_common/pico_stdio_usb/stdio_usb.c.obj
 .rodata.str1.4
                0x100088a7       0x2a CMakeFiles/easycontroller.dir/C_/Users/Owner/pico-sdk/src/rp2_common/pico_stdio_usb/stdio_usb_descriptors.c.obj
 *fill*         0x100088a7        0x1 
 .rodata.usbd_desc_str
                0x100088a8       0x18 CMakeFiles/easycontroller.dir/C_/Users/Owner/pico-sdk/src/rp2_common/pico_stdio_usb/stdio_usb_descriptors.c.obj
 .rodata.usbd_desc_cfg
                0x100088c0       0x54 CMakeFiles/easycontroller.dir/C_/Users/Owner/pico-sdk/src/rp2_common/pico_stdio_usb/stdio_usb_descriptors.c.obj
 .rodata.usbd_desc_device
                0x10008914       0x12 CMakeFiles/easycontroller.dir/C_/Users/Owner/pico-sdk/src/rp2_common/pico_stdio_usb/stdio_usb_descriptors.c.obj
 .rodata.pico_get_unique_board_id_string.str1.4
                0x10008926       0x4a CMakeFiles/easycontroller.dir/C_/Users/Owner/pico-sdk/src/rp2_common/pico_unique_id/unique_id.c.obj
 *fill*         0x10008926        0x2 
 .rodata.__func__.0
                0x10008928       0x20 CMakeFiles/easycontroller.dir/C_/Users/Owner/pico-sdk/src/rp2_common/pico_unique_id/unique_id.c.obj
 .rodata.str1.4
                0x10008948      0x1f9 CMakeFiles/easycontroller.dir/C_/Users/Owner/pico-sdk/src/rp2_common/hardware_flash/flash.c.obj
 .rodata.__func__.0
                0x10008948        0xd CMakeFiles/easycontroller.dir/C_/Users/Owner/pico-sdk/src/rp2_common/hardware_flash/flash.c.obj
 .rodata.hw_endpoint_alloc.str1.4
                0x10008955       0x95 CMakeFiles/easycontroller.dir/C_/Users/Owner/pico-sdk/lib/tinyusb/src/portable/raspberrypi/rp2040/dcd_rp2040.c.obj
 .rodata.str1.4
                0x10008955       0x14 CMakeFiles/easycontroller.dir/C_/Users/Owner/pico-sdk/lib/tinyusb/src/portable/raspberrypi/rp2040/dcd_rp2040.c.obj
 .rodata.dcd_int_enable.str1.4
                0x10008955        0xc CMakeFiles/easycontroller.dir/C_/Users/Owner/pico-sdk/lib/tinyusb/src/portable/raspberrypi/rp2040/dcd_rp2040.c.obj
 *fill*         0x10008955        0x3 
 .rodata.__func__.0
                0x10008958        0xe CMakeFiles/easycontroller.dir/C_/Users/Owner/pico-sdk/lib/tinyusb/src/portable/raspberrypi/rp2040/dcd_rp2040.c.obj
 *fill*         0x10008966        0x2 
 .rodata.__func__.3
                0x10008968       0x10 CMakeFiles/easycontroller.dir/C_/Users/Owner/pico-sdk/lib/tinyusb/src/portable/raspberrypi/rp2040/dcd_rp2040.c.obj
 .rodata.__func__.5
                0x10008978        0xf CMakeFiles/easycontroller.dir/C_/Users/Owner/pico-sdk/lib/tinyusb/src/portable/raspberrypi/rp2040/dcd_rp2040.c.obj
 *fill*         0x10008987        0x1 
 .rodata.__func__.6
                0x10008988       0x12 CMakeFiles/easycontroller.dir/C_/Users/Owner/pico-sdk/lib/tinyusb/src/portable/raspberrypi/rp2040/dcd_rp2040.c.obj
 *fill*         0x1000899a        0x2 
 .rodata.__func__.7
                0x1000899c        0x9 CMakeFiles/easycontroller.dir/C_/Users/Owner/pico-sdk/lib/tinyusb/src/portable/raspberrypi/rp2040/dcd_rp2040.c.obj
 .rodata.str1.4
                0x100089a5       0xdc CMakeFiles/easycontroller.dir/C_/Users/Owner/pico-sdk/lib/tinyusb/src/portable/raspberrypi/rp2040/rp2040_usb.c.obj
 .rodata.hw_endpoint_xfer_start.str1.4
                0x100089a5       0x38 CMakeFiles/easycontroller.dir/C_/Users/Owner/pico-sdk/lib/tinyusb/src/portable/raspberrypi/rp2040/rp2040_usb.c.obj
 *fill*         0x100089a5        0x3 
 .rodata.__func__.0
                0x100089a8        0xf CMakeFiles/easycontroller.dir/C_/Users/Owner/pico-sdk/lib/tinyusb/src/portable/raspberrypi/rp2040/rp2040_usb.c.obj
 .rodata.configuration_reset.str1.4
                0x100089b7       0x17 CMakeFiles/easycontroller.dir/C_/Users/Owner/pico-sdk/lib/tinyusb/src/device/usbd.c.obj
 *fill*         0x100089b7        0x1 
 .rodata.process_get_descriptor
                0x100089b8       0x40 CMakeFiles/easycontroller.dir/C_/Users/Owner/pico-sdk/lib/tinyusb/src/device/usbd.c.obj
 .rodata        0x100089f8       0x1c CMakeFiles/easycontroller.dir/C_/Users/Owner/pico-sdk/lib/tinyusb/src/device/usbd.c.obj
 .rodata.process_control_request
                0x10008a14       0x28 CMakeFiles/easycontroller.dir/C_/Users/Owner/pico-sdk/lib/tinyusb/src/device/usbd.c.obj
 .rodata.tud_task_ext
                0x10008a3c       0x24 CMakeFiles/easycontroller.dir/C_/Users/Owner/pico-sdk/lib/tinyusb/src/device/usbd.c.obj
 .rodata.__func__.3
                0x10008a60        0xf CMakeFiles/easycontroller.dir/C_/Users/Owner/pico-sdk/lib/tinyusb/src/device/usbd.c.obj
 *fill*         0x10008a6f        0x1 
 .rodata.__func__.4
                0x10008a70        0xf CMakeFiles/easycontroller.dir/C_/Users/Owner/pico-sdk/lib/tinyusb/src/device/usbd.c.obj
 *fill*         0x10008a7f        0x1 
 .rodata.__func__.5
                0x10008a80       0x14 CMakeFiles/easycontroller.dir/C_/Users/Owner/pico-sdk/lib/tinyusb/src/device/usbd.c.obj
 .rodata.__func__.6
                0x10008a94        0xc CMakeFiles/easycontroller.dir/C_/Users/Owner/pico-sdk/lib/tinyusb/src/device/usbd.c.obj
 .rodata.__func__.7
                0x10008aa0       0x17 CMakeFiles/easycontroller.dir/C_/Users/Owner/pico-sdk/lib/tinyusb/src/device/usbd.c.obj
 *fill*         0x10008ab7        0x1 
 .rodata.__func__.8
                0x10008ab8       0x13 CMakeFiles/easycontroller.dir/C_/Users/Owner/pico-sdk/lib/tinyusb/src/device/usbd.c.obj
 *fill*         0x10008acb        0x1 
 .rodata.__func__.9
                0x10008acc       0x18 CMakeFiles/easycontroller.dir/C_/Users/Owner/pico-sdk/lib/tinyusb/src/device/usbd.c.obj
 .rodata.__func__.10
                0x10008ae4       0x14 CMakeFiles/easycontroller.dir/C_/Users/Owner/pico-sdk/lib/tinyusb/src/device/usbd.c.obj
 .rodata.__func__.11
                0x10008af8        0xd CMakeFiles/easycontroller.dir/C_/Users/Owner/pico-sdk/lib/tinyusb/src/device/usbd.c.obj
 *fill*         0x10008b05        0x3 
 .rodata.__func__.12
                0x10008b08       0x10 CMakeFiles/easycontroller.dir/C_/Users/Owner/pico-sdk/lib/tinyusb/src/device/usbd.c.obj
 .rodata._usbd_driver
                0x10008b18       0x40 CMakeFiles/easycontroller.dir/C_/Users/Owner/pico-sdk/lib/tinyusb/src/device/usbd.c.obj
 .rodata.tud_control_xfer.str1.4
                0x10008b58       0x17 CMakeFiles/easycontroller.dir/C_/Users/Owner/pico-sdk/lib/tinyusb/src/device/usbd_control.c.obj
 .rodata.__func__.0
                0x10008b58       0x15 CMakeFiles/easycontroller.dir/C_/Users/Owner/pico-sdk/lib/tinyusb/src/device/usbd_control.c.obj
 *fill*         0x10008b6d        0x3 
 .rodata.__func__.1
                0x10008b70       0x11 CMakeFiles/easycontroller.dir/C_/Users/Owner/pico-sdk/lib/tinyusb/src/device/usbd_control.c.obj
 .rodata.tud_cdc_n_write_flush.str1.4
                0x10008b81       0x17 CMakeFiles/easycontroller.dir/C_/Users/Owner/pico-sdk/lib/tinyusb/src/class/cdc/cdc_device.c.obj
 *fill*         0x10008b81        0x3 
 .rodata.__func__.0
                0x10008b84        0xd CMakeFiles/easycontroller.dir/C_/Users/Owner/pico-sdk/lib/tinyusb/src/class/cdc/cdc_device.c.obj
 *fill*         0x10008b91        0x3 
 .rodata.__func__.1
                0x10008b94        0xa CMakeFiles/easycontroller.dir/C_/Users/Owner/pico-sdk/lib/tinyusb/src/class/cdc/cdc_device.c.obj
 *fill*         0x10008b9e        0x2 
 .rodata.__func__.3
                0x10008ba0       0x16 CMakeFiles/easycontroller.dir/C_/Users/Owner/pico-sdk/lib/tinyusb/src/class/cdc/cdc_device.c.obj
 .rodata.vendord_open.str1.4
                0x10008bb6       0x17 CMakeFiles/easycontroller.dir/C_/Users/Owner/pico-sdk/lib/tinyusb/src/class/vendor/vendor_device.c.obj
 *fill*         0x10008bb6        0x2 
 .rodata.__func__.0
                0x10008bb8        0xd CMakeFiles/easycontroller.dir/C_/Users/Owner/pico-sdk/lib/tinyusb/src/class/vendor/vendor_device.c.obj
 .rodata.tusb_rhport_init.str1.4
                0x10008bc5       0x17 CMakeFiles/easycontroller.dir/C_/Users/Owner/pico-sdk/lib/tinyusb/src/tusb.c.obj
 *fill*         0x10008bc5        0x3 
 .rodata.__func__.0
                0x10008bc8       0x19 CMakeFiles/easycontroller.dir/C_/Users/Owner/pico-sdk/lib/tinyusb/src/tusb.c.obj
 *fill*         0x10008be1        0x3 
 .rodata.__func__.2
                0x10008be4       0x1a CMakeFiles/easycontroller.dir/C_/Users/Owner/pico-sdk/lib/tinyusb/src/tusb.c.obj
 *fill*         0x10008bfe        0x2 
 .rodata.__func__.3
                0x10008c00       0x23 CMakeFiles/easycontroller.dir/C_/Users/Owner/pico-sdk/lib/tinyusb/src/tusb.c.obj
 *fill*         0x10008c23        0x1 
 .rodata.__func__.4
                0x10008c24       0x11 CMakeFiles/easycontroller.dir/C_/Users/Owner/pico-sdk/lib/tinyusb/src/tusb.c.obj
 *fill*         0x10008c35        0x3 
 .rodata.__func__.5
                0x10008c38       0x11 CMakeFiles/easycontroller.dir/C_/Users/Owner/pico-sdk/lib/tinyusb/src/tusb.c.obj
 *fill*         0x10008c49        0x3 
 .rodata._ctype_