Archive member included to satisfy reference by file (symbol)

C:/PROGRA~2/ARMGNU~1/142BCE~1.3RE/bin/../lib/gcc/arm-none-eabi/14.3.1/thumb/v6-m/nofp\libgcc.a(_dvmd_tls.o)
                              CMakeFiles/easycontroller_debug.dir/C_/Users/Owner/pico-sdk/src/rp2_common/pico_divider/divider_hardware.S.obj (__aeabi_idiv0)
C:/PROGRA~2/ARMGNU~1/142BCE~1.3RE/bin/../lib/gcc/arm-none-eabi/14.3.1/../../../../arm-none-eabi/lib/thumb/v6-m/nofp\libg.a(libc_a-atoi.o)
                              CMakeFiles/easycontroller_debug.dir/easycontroller_debug.c.obj (atoi)
C:/PROGRA~2/ARMGNU~1/142BCE~1.3RE/bin/../lib/gcc/arm-none-eabi/14.3.1/../../../../arm-none-eabi/lib/thumb/v6-m/nofp\libg.a(libc_a-calloc.o)
                              CMakeFiles/easycontroller_debug.dir/C_/Users/Owner/pico-sdk/src/rp2_common/pico_malloc/malloc.c.obj (calloc)
C:/PROGRA~2/ARMGNU~1/142BCE~1.3RE/bin/../lib/gcc/arm-none-eabi/14.3.1/../../../../arm-none-eabi/lib/thumb/v6-m/nofp\libg.a(libc_a-callocr.o)
                              C:/PROGRA~2/ARMGNU~1/142BCE~1.3RE/bin/../lib/gcc/arm-none-eabi/14.3.1/../../../../arm-none-eabi/lib/thumb/v6-m/nofp\libg.a(libc_a-calloc.o) (_calloc_r)
C:/PROGRA~2/ARMGNU~1/142BCE~1.3RE/bin/../lib/gcc/arm-none-eabi/14.3.1/../../../../arm-none-eabi/lib/thumb/v6-m/nofp\libg.a(libc_a-malloc.o)
                              CMakeFiles/easycontroller_debug.dir/C_/Users/Owner/pico-sdk/src/rp2_common/pico_malloc/malloc.c.obj (malloc)
C:/PROGRA~2/ARMGNU~1/142BCE~1.3RE/bin/../lib/gcc/arm-none-eabi/14.3.1/../../../../arm-none-eabi/lib/thumb/v6-m/nofp\libg.a(libc_a-mallocr.o)
                              C:/PROGRA~2/ARMGNU~1/142BCE~1.3RE/bin/../lib/gcc/arm-none-eabi/14.3.1/../../../../arm-none-eabi/lib/thumb/v6-m/nofp\libg.a(libc_a-callocr.o) (_malloc_r)
C:/PROGRA~2/ARMGNU~1/142BCE~1.3RE/bin/../lib/gcc/arm-none-eabi/14.3.1/../../../../arm-none-eabi/lib/thumb/v6-m/nofp\libg.a(libc_a-mlock.o)
                              C:/PROGRA~2/ARMGNU~1/142BCE~1.3RE/bin/../lib/gcc/arm-none-eabi/14.3.1/../../../../arm-none-eabi/lib/thumb/v6-m/nofp\libg.a(libc_a-mallocr.o) (__malloc_lock)
C:/PROGRA~2/ARMGNU~1/142BCE~1.3RE/bin/../lib/gcc/arm-none-eabi/14.3.1/../../../../arm-none-eabi/lib/thumb/v6-m/nofp\libg.a(libc_a-realloc.o)
                              CMakeFiles/easycontroller_debug.dir/C_/Users/Owner/pico-sdk/src/rp2_common/pico_malloc/malloc.c.obj (realloc)
C:/PROGRA~2/ARMGNU~1/142BCE~1.3RE/bin/../lib/gcc/arm-none-eabi/14.3.1/../../../../arm-none-eabi/lib/thumb/v6-m/nofp\libg.a(libc_a-reallocr.o)
                              C:/PROGRA~2/ARMGNU~1/142BCE~1.3RE/bin/../lib/gcc/arm-none-eabi/14.3.1/../../../../arm-none-eabi/lib/thumb/v6-m/nofp\libg.a(libc_a-realloc.o) (_realloc_r)
C:/PROGRA~2/ARMGNU~1/142BCE~1.3RE/bin/../lib/gcc/arm-none-eabi/14.3.1/../../../../arm-none-eabi/lib/thumb/v6-m/nofp\libg.a(libc_a-strtol.o)
                              C:/PROGRA~2/ARMGNU~1/142BCE~1.3RE/bin/../lib/gcc/arm-none-eabi/14.3.1/../../../../arm-none-eabi/lib/thumb/v6-m/nofp\libg.a(libc_a-atoi.o) (_strtol_r)
C:/PROGRA~2/ARMGNU~1/142BCE~1.3RE/bin/../lib/gcc/arm-none-eabi/14.3.1/../../../../arm-none-eabi/lib/thumb/v6-m/nofp\libg.a(libc_a-ctype_.o)
                              CMakeFiles/easycontroller_debug.dir/C_/Users/Owner/pico-sdk/lib/tinyusb/src/tusb.c.obj (_ctype_)
C:/PROGRA~2/ARMGNU~1/142BCE~1.3RE/bin/../lib/gcc/arm-none-eabi/14.3.1/../../../../arm-none-eabi/lib/thumb/v6-m/nofp\libg.a(libc_a-memcmp.o)
                              CMakeFiles/easycontroller_debug.dir/C_/Users/Owner/pico-sdk/src/rp2_common/pico_atomic/atomic.c.obj (memcmp)
C:/PROGRA~2/ARMGNU~1/142BCE~1.3RE/bin/../lib/gcc/arm-none-eabi/14.3.1/../../../../arm-none-eabi/lib/thumb/v6-m/nofp\libg.a(libc_a-memmove.o)
                              C:/PROGRA~2/ARMGNU~1/142BCE~1.3RE/bin/../lib/gcc/arm-none-eabi/14.3.1/../../../../arm-none-eabi/lib/thumb/v6-m/nofp\libg.a(libc_a-reallocr.o) (memmove)
C:/PROGRA~2/ARMGNU~1/142BCE~1.3RE/bin/../lib/gcc/arm-none-eabi/14.3.1/../../../../arm-none-eabi/lib/thumb/v6-m/nofp\libg.a(libc_a-lcltime_r.o)
                              CMakeFiles/easycontroller_debug.dir/C_/Users/Owner/pico-sdk/src/common/pico_util/datetime.c.obj (localtime_r)
C:/PROGRA~2/ARMGNU~1/142BCE~1.3RE/bin/../lib/gcc/arm-none-eabi/14.3.1/../../../../arm-none-eabi/lib/thumb/v6-m/nofp\libg.a(libc_a-mktime.o)
                              CMakeFiles/easycontroller_debug.dir/C_/Users/Owner/pico-sdk/src/common/pico_util/datetime.c.obj (mktime)
C:/PROGRA~2/ARMGNU~1/142BCE~1.3RE/bin/../lib/gcc/arm-none-eabi/14.3.1/../../../../arm-none-eabi/lib/thumb/v6-m/nofp\libg.a(libc_a-month_lengths.o)
                              C:/PROGRA~2/ARMGNU~1/142BCE~1.3RE/bin/../lib/gcc/arm-none-eabi/14.3.1/../../../../arm-none-eabi/lib/thumb/v6-m/nofp\libg.a(libc_a-lcltime_r.o) (__month_lengths)
C:/PROGRA~2/ARMGNU~1/142BCE~1.3RE/bin/../lib/gcc/arm-none-eabi/14.3.1/../../../../arm-none-eabi/lib/thumb/v6-m/nofp\libg.a(libc_a-tzcalc_limits.o)
[...]
Memory Configuration

Name             Origin             Length             Attributes
FLASH            0x10000000         0x00200000         xr
RAM              0x20000000         0x00040000         xrw
SCRATCH_X        0x20040000         0x00001000         xrw
SCRATCH_Y        0x20041000         0x00001000         xrw
*default*        0x00000000         0xffffffff

Linker script and memory map

LOAD C:/PROGRA~2/ARMGNU~1/142BCE~1.3RE/bin/../lib/gcc/arm-none-eabi/14.3.1/thumb/v6-m/nofp/crti.o
LOAD C:/PROGRA~2/ARMGNU~1/142BCE~1.3RE/bin/../lib/gcc/arm-none-eabi/14.3.1/thumb/v6-m/nofp/crtbegin.o
LOAD C:/PROGRA~2/ARMGNU~1/142BCE~1.3RE/bin/../lib/gcc/arm-none-eabi/14.3.1/../../../../arm-none-eabi/lib/thumb/v6-m/nofp/crt0.o

.flash_begin    0x10000000        0x0
                0x10000000                        __flash_binary_start = .

.boot2          0x10000000      0x100
                0x10000000                        __boot2_start__ = .
 *(.boot2)
 .boot2         0x10000000      0x100 pico-sdk/src/rp2040/boot_stage2/CMakeFiles/bs2_default_library.dir/./bs2_default_padded_checksummed.S.obj
                0x10000100                        __boot2_end__ = .
                0x00000001                        ASSERT (((__boot2_end__ - __boot2_start__) == 0x100), ERROR: Pico second stage bootloader must be 256 bytes in size)

.text           0x10000100     0x7afc
                0x10000100                        __logical_binary_start = .
 *(.vectors)
 .vectors       0x10000100       0xd4 CMakeFiles/easycontroller_debug.dir/C_/Users/Owner/pico-sdk/src/rp2_common/pico_crt0/crt0.S.obj
                0x10000100                __VECTOR_TABLE
                0x10000100                __vectors
                0x100001c0                isr_irq13
                0x100001c0                isr_irq27
                0x100001c0                isr_irq31
                0x100001c0                isr_irq12
                0x100001c0                isr_irq5
                0x100001c0                isr_irq11
                0x100001c0                isr_irq3
                0x100001c0                isr_irq23
                0x100001c0                __unhandled_user_irq
                0x100001c0                isr_irq26
                0x100001c0                isr_irq28
                0x100001c0                isr_irq19
                0x100001c0                isr_irq0
                0x100001c0                isr_irq6
                0x100001c0                isr_irq29
                0x100001c0                isr_irq16
                0x100001c0                isr_irq22
                0x100001c0                isr_irq18
                0x100001c0                isr_irq17
                0x100001c0                isr_irq14
                0x100001c0                __vectors_end
                0x100001c0                __default_isrs_start
                0x100001c0                isr_irq2
                0x100001c0                isr_irq10
                0x100001c0                isr_irq8
                0x100001c0                isr_irq24
                0x100001c0                isr_irq1
                0x100001c0                isr_irq7
                0x100001c0                isr_irq21
                0x100001c0                isr_irq20
                0x100001c0                isr_irq15
                0x100001c0                isr_irq25
                0x100001c0                isr_irq4
                0x100001c0                isr_irq30
                0x100001c0                isr_irq9
                0x100001c6                unhandled_user_irq_num_in_r0
                0x100001c8                isr_invalid
                0x100001ca                isr_nmi
                0x100001cc                isr_hardfault
                0x100001ce                isr_svcall
                0x100001d0                isr_pendsv
                0x100001d2                isr_systick
                0x100001d4                __default_isrs_end
 *(.binary_info_header)
 .binary_info_header
                0x100001d4       0x14 CMakeFiles/easycontroller_debug.dir/C_/Users/Owner/pico-sdk/src/rp2_common/pico_crt0/crt0.S.obj
                0x100001e8                        __binary_info_header_end = .
 *(.embedded_block)
                0x100001e8                        __embedded_block_end = .
 *(.reset)
 .reset         0x100001e8       0x9c CMakeFiles/easycontroller_debug.dir/C_/Users/Owner/pico-sdk/src/rp2_common/pico_crt0/crt0.S.obj
                0x100001e8                _entry_point
 *(.init)
 .init          0x10000284        0x4 C:/PROGRA~2/ARMGNU~1/142BCE~1.3RE/bin/../lib/gcc/arm-none-eabi/14.3.1/thumb/v6-m/nofp/crti.o
                0x10000284                _init
 *(EXCLUDE_FILE(*libm.a: *libc.a:*lib_a-mem*.o *libgcc.a:) .text*)
 .text.register_tm_clones
                0x10000288       0x28 C:/PROGRA~2/ARMGNU~1/142BCE~1.3RE/bin/../lib/gcc/arm-none-eabi/14.3.1/thumb/v6-m/nofp/crtbegin.o
 .text.frame_dummy
                0x100002b0       0x24 C:/PROGRA~2/ARMGNU~1/142BCE~1.3RE/bin/../lib/gcc/arm-none-eabi/14.3.1/thumb/v6-m/nofp/crtbegin.o
 .text.uart_putc
                0x100002d4       0x60 CMakeFiles/easycontroller_debug.dir/easycontroller_debug.c.obj
 .text.uart_puts
                0x10000334       0x4a CMakeFiles/easycontroller_debug.dir/easycontroller_debug.c.obj
 *fill*         0x1000037e        0x2 
 .text.pwm_get_default_config
                0x10000380       0x18 CMakeFiles/easycontroller_debug.dir/easycontroller_debug.c.obj
 .text.on_pwm_wrap
                0x10000398       0x4c CMakeFiles/easycontroller_debug.dir/easycontroller_debug.c.obj
                0x10000398                on_pwm_wrap
 .text.adc_gpio_init
                0x100003e4       0x1e CMakeFiles/easycontroller_debug.dir/easycontroller_debug.c.obj
 *fill*         0x10000402        0x2 
 .text.writePhases
                0x10000404       0x34 CMakeFiles/easycontroller_debug.dir/easycontroller_debug.c.obj
                0x10000404                writePhases
 .text.writePWM
                0x10000438       0xbc CMakeFiles/easycontroller_debug.dir/easycontroller_debug.c.obj
                0x10000438                writePWM
 .text.init_hardware
                0x100004f4      0x1fc CMakeFiles/easycontroller_debug.dir/easycontroller_debug.c.obj
                0x100004f4                init_hardware
 .text.get_halls
                0x100006f0       0x60 CMakeFiles/easycontroller_debug.dir/easycontroller_debug.c.obj
                0x100006f0                get_halls
 .text.on_adc_fifo
                0x10000750      0x368 CMakeFiles/easycontroller_debug.dir/easycontroller_debug.c.obj
                0x10000750                on_adc_fifo
 .text.check_serial_input_for_Phase_Current
                0x10000ab8       0x64 CMakeFiles/easycontroller_debug.dir/easycontroller_debug.c.obj
                0x10000ab8                check_serial_input_for_Phase_Current
 .text.main     0x10000b1c      0x220 CMakeFiles/easycontroller_debug.dir/easycontroller_debug.c.obj
                0x10000b1c                main
 .text.gpio_set_function
                0x10000d3c       0x34 CMakeFiles/easycontroller_debug.dir/C_/Users/Owner/pico-sdk/src/rp2_common/hardware_gpio/gpio.c.obj
                0x10000d3c                gpio_set_function
 .text.gpio_set_pulls
                0x10000d70       0x38 CMakeFiles/easycontroller_debug.dir/C_/Users/Owner/pico-sdk/src/rp2_common/hardware_gpio/gpio.c.obj
                0x10000d70                gpio_set_pulls
 .text.gpio_set_input_enabled
                0x10000da8       0x28 CMakeFiles/easycontroller_debug.dir/C_/Users/Owner/pico-sdk/src/rp2_common/hardware_gpio/gpio.c.obj
                0x10000da8                gpio_set_input_enabled
 .text.gpio_init
                0x10000dd0       0x16 CMakeFiles/easycontroller_debug.dir/C_/Users/Owner/pico-sdk/src/rp2_common/hardware_gpio/gpio.c.obj
                0x10000dd0                gpio_init
 *fill*         0x10000de6        0x2 
 .text.rp2040_chip_version
                0x10000de8       0x54 CMakeFiles/easycontroller_debug.dir/C_/Users/Owner/pico-sdk/src/rp2040/pico_platform/platform.c.obj
                0x10000de8                rp2040_chip_version
 .text.panic    0x10000e3c       0x30 CMakeFiles/easycontroller_debug.dir/C_/Users/Owner/pico-sdk/src/rp2_common/pico_platform_panic/panic.c.obj
                0x10000e3c                panic
 .text.hw_claim_lock
                0x10000e6c       0x18 CMakeFiles/easycontroller_debug.dir/C_/Users/Owner/pico-sdk/src/common/hardware_claim/claim.c.obj
                0x10000e6c                hw_claim_lock
 .text.hw_claim_unlock
                0x10000e84       0x14 CMakeFiles/easycontroller_debug.dir/C_/Users/Owner/pico-sdk/src/common/hardware_claim/claim.c.obj
                0x10000e84                hw_claim_unlock
 .text.hw_claim_or_assert
                0x10000e98       0x32 CMakeFiles/easycontroller_debug.dir/C_/Users/Owner/pico-sdk/src/common/hardware_claim/claim.c.obj
                0x10000e98                hw_claim_or_assert
 .text.hw_claim_unused_from_range
                0x10000eca       0x50 CMakeFiles/easycontroller_debug.dir/C_/Users/Owner/pico-sdk/src/common/hardware_claim/claim.c.obj
                0x10000eca                hw_claim_unused_from_range
 *fill*         0x10000f1a        0x2 
 .text.next_striped_spin_lock_num
                0x10000f1c       0x1c CMakeFiles/easycontroller_debug.dir/C_/Users/Owner/pico-sdk/src/rp2_common/hardware_sync/sync.c.obj
                0x10000f1c                next_striped_spin_lock_num
 .text.spin_lock_claim_unused
                0x10000f38       0x24 CMakeFiles/easycontroller_debug.dir/C_/Users/Owner/pico-sdk/src/rp2_common/hardware_sync/sync.c.obj
                0x10000f38                spin_lock_claim_unused
 .text.spin_locks_reset
                0x10000f5c       0x20 CMakeFiles/easycontroller_debug.dir/C_/Users/Owner/pico-sdk/src/rp2_common/hardware_sync_spin_lock/sync_spin_lock.c.obj
                0x10000f5c                spin_locks_reset
 .text.set_raw_irq_handler_and_unlock
                0x10000f7c       0x28 CMakeFiles/easycontroller_debug.dir/C_/Users/Owner/pico-sdk/src/rp2_common/hardware_irq/irq.c.obj
 .text.nvic_ipr0
                0x10000fa4        0x8 CMakeFiles/easycontroller_debug.dir/C_/Users/Owner/pico-sdk/src/rp2_common/hardware_irq/irq.c.obj
 .text.runtime_init_per_core_irq_priorities
                0x10000fac       0x1c CMakeFiles/easycontroller_debug.dir/C_/Users/Owner/pico-sdk/src/rp2_common/hardware_irq/irq.c.obj
                0x10000fac                runtime_init_per_core_irq_priorities
 .text.resolve_j_16
                0x10000fc8       0x30 CMakeFiles/easycontroller_debug.dir/C_/Users/Owner/pico-sdk/src/rp2_common/hardware_irq/irq.c.obj
 .text.make_j_16
                0x10000ff8       0x48 CMakeFiles/easycontroller_debug.dir/C_/Users/Owner/pico-sdk/src/rp2_common/hardware_irq/irq.c.obj
 .text.irq_is_enabled
                0x10001040       0x18 CMakeFiles/easycontroller_debug.dir/C_/Users/Owner/pico-sdk/src/rp2_common/hardware_irq/irq.c.obj
                0x10001040                irq_is_enabled
 .text.irq_set_mask_n_enabled
                0x10001058       0x1c CMakeFiles/easycontroller_debug.dir/C_/Users/Owner/pico-sdk/src/rp2_common/hardware_irq/irq.c.obj
                0x10001058                irq_set_mask_n_enabled
 .text.irq_set_enabled
                0x10001074       0x14 CMakeFiles/easycontroller_debug.dir/C_/Users/Owner/pico-sdk/src/rp2_common/hardware_irq/irq.c.obj
                0x10001074                irq_set_enabled
 .text.irq_set_pending
                0x10001088       0x10 CMakeFiles/easycontroller_debug.dir/C_/Users/Owner/pico-sdk/src/rp2_common/hardware_irq/irq.c.obj
                0x10001088                irq_set_pending
 .text.irq_get_vtable_handler
                0x10001098       0x10 CMakeFiles/easycontroller_debug.dir/C_/Users/Owner/pico-sdk/src/rp2_common/hardware_irq/irq.c.obj
                0x10001098                irq_get_vtable_handler
 .text.irq_has_shared_handler
                0x100010a8       0x1c CMakeFiles/easycontroller_debug.dir/C_/Users/Owner/pico-sdk/src/rp2_common/hardware_irq/irq.c.obj
                0x100010a8                irq_has_shared_handler
 .text.irq_set_exclusive_handler
                0x100010c4       0x54 CMakeFiles/easycontroller_debug.dir/C_/Users/Owner/pico-sdk/src/rp2_common/hardware_irq/irq.c.obj
                0x100010c4                irq_set_exclusive_handler
 .text.irq_add_shared_handler
                0x10001118      0x218 CMakeFiles/easycontroller_debug.dir/C_/Users/Owner/pico-sdk/src/rp2_common/hardware_irq/irq.c.obj
                0x10001118                irq_add_shared_handler
 .text.irq_set_priority
                0x10001330       0x26 CMakeFiles/easycontroller_debug.dir/C_/Users/Owner/pico-sdk/src/rp2_common/hardware_irq/irq.c.obj
                0x10001330                irq_set_priority
 *fill*         0x10001356        0x2 
 .text.irq_add_tail_to_free_list
                0x10001358       0xf4 CMakeFiles/easycontroller_debug.dir/C_/Users/Owner/pico-sdk/src/rp2_common/hardware_irq/irq.c.obj
                0x10001358                irq_add_tail_to_free_list
 .text.user_irq_claim_unused
                0x1000144c       0x2c CMakeFiles/easycontroller_debug.dir/C_/Users/Owner/pico-sdk/src/rp2_common/hardware_irq/irq.c.obj
                0x1000144c                user_irq_claim_unused
 .text.lock_init
                0x10001478       0x10 CMakeFiles/easycontroller_debug.dir/C_/Users/Owner/pico-sdk/src/common/pico_sync/lock_core.c.obj
                0x10001478                lock_init
 .text.mutex_init
                0x10001488       0x1a CMakeFiles/easycontroller_debug.dir/C_/Users/Owner/pico-sdk/src/common/pico_sync/mutex.c.obj
                0x10001488                mutex_init
 .text.recursive_mutex_init
                0x100014a2       0x1e CMakeFiles/easycontroller_debug.dir/C_/Users/Owner/pico-sdk/src/common/pico_sync/mutex.c.obj
                0x100014a2                recursive_mutex_init
 .text.runtime_init_mutex
                0x100014c0       0x4c CMakeFiles/easycontroller_debug.dir/C_/Users/Owner/pico-sdk/src/common/pico_sync/mutex.c.obj
                0x100014c0                runtime_init_mutex
 .text.critical_section_init_with_lock_num
                0x1000150c       0x14 CMakeFiles/easycontroller_debug.dir/C_/Users/Owner/pico-sdk/src/common/pico_sync/critical_section.c.obj
                0x1000150c                critical_section_init_with_lock_num
 .text.critical_section_init
                0x10001520       0x14 CMakeFiles/easycontroller_debug.dir/C_/Users/Owner/pico-sdk/src/common/pico_sync/critical_section.c.obj
                0x10001520                critical_section_init
 .text.ta_set_timeout
                0x10001534       0x24 CMakeFiles/easycontroller_debug.dir/C_/Users/Owner/pico-sdk/src/common/pico_time/time.c.obj
 .text.make_alarm_id
                0x10001558        0x6 CMakeFiles/easycontroller_debug.dir/C_/Users/Owner/pico-sdk/src/common/pico_time/time.c.obj
 *fill*         0x1000155e        0x2 
 .text.sleep_until_callback
                0x10001560       0x30 CMakeFiles/easycontroller_debug.dir/C_/Users/Owner/pico-sdk/src/common/pico_time/time.c.obj
 .text.alarm_pool_irq_handler
                0x10001590      0x2f0 CMakeFiles/easycontroller_debug.dir/C_/Users/Owner/pico-sdk/src/common/pico_time/time.c.obj
 .text.ta_enable_irq_handler
                0x10001880       0x2c CMakeFiles/easycontroller_debug.dir/C_/Users/Owner/pico-sdk/src/common/pico_time/time.c.obj
 .text.alarm_pool_post_alloc_init
                0x100018ac       0x78 CMakeFiles/easycontroller_debug.dir/C_/Users/Owner/pico-sdk/src/common/pico_time/time.c.obj
 .text.alarm_pool_get_default
                0x10001924       0x2c CMakeFiles/easycontroller_debug.dir/C_/Users/Owner/pico-sdk/src/common/pico_time/time.c.obj
                0x10001924                alarm_pool_get_default
 .text.alarm_pool_add_alarm_at_force_in_context
                0x10001950       0xa4 CMakeFiles/easycontroller_debug.dir/C_/Users/Owner/pico-sdk/src/common/pico_time/time.c.obj
                0x10001950                alarm_pool_add_alarm_at_force_in_context
 .text.alarm_pool_add_alarm_at
                0x100019f4       0x3c CMakeFiles/easycontroller_debug.dir/C_/Users/Owner/pico-sdk/src/common/pico_time/time.c.obj
                0x100019f4                alarm_pool_add_alarm_at
 .text.add_alarm_at
                0x10001a30       0x2e CMakeFiles/easycontroller_debug.dir/C_/Users/Owner/pico-sdk/src/common/pico_time/time.c.obj
 *fill*         0x10001a5e        0x2 
 .text.alarm_pool_cancel_alarm
                0x10001a60       0x78 CMakeFiles/easycontroller_debug.dir/C_/Users/Owner/pico-sdk/src/common/pico_time/time.c.obj
                0x10001a60                alarm_pool_cancel_alarm
 .text.cancel_alarm
                0x10001ad8       0x10 CMakeFiles/easycontroller_debug.dir/C_/Users/Owner/pico-sdk/src/common/pico_time/time.c.obj
 .text.alarm_pool_core_num
                0x10001ae8        0x4 CMakeFiles/easycontroller_debug.dir/C_/Users/Owner/pico-sdk/src/common/pico_time/time.c.obj
                0x10001ae8                alarm_pool_core_num
 .text.sleep_until
                0x10001aec       0xb0 CMakeFiles/easycontroller_debug.dir/C_/Users/Owner/pico-sdk/src/common/pico_time/time.c.obj
                0x10001aec                sleep_until
 .text.sleep_us
                0x10001b9c       0x24 CMakeFiles/easycontroller_debug.dir/C_/Users/Owner/pico-sdk/src/common/pico_time/time.c.obj
                0x10001b9c                sleep_us
 .text.sleep_ms
                0x10001bc0       0x14 CMakeFiles/easycontroller_debug.dir/C_/Users/Owner/pico-sdk/src/common/pico_time/time.c.obj
                0x10001bc0                sleep_ms
 .text.best_effort_wfe_or_timeout
                0x10001bd4      0x11c CMakeFiles/easycontroller_debug.dir/C_/Users/Owner/pico-sdk/src/common/pico_time/time.c.obj
                0x10001bd4                best_effort_wfe_or_timeout
 .text.alarm_pool_get_default_timer
                0x10001cf0        0x8 CMakeFiles/easycontroller_debug.dir/C_/Users/Owner/pico-sdk/src/common/pico_time/time.c.obj
                0x10001cf0                alarm_pool_get_default_timer
 .text.runtime_init_default_alarm_pool
                0x10001cf8       0x38 CMakeFiles/easycontroller_debug.dir/C_/Users/Owner/pico-sdk/src/common/pico_time/time.c.obj
                0x10001cf8                runtime_init_default_alarm_pool
 .text.timer_hardware_alarm_claim
                0x10001d30       0x14 CMakeFiles/easycontroller_debug.dir/C_/Users/Owner/pico-sdk/src/rp2_common/hardware_timer/timer.c.obj
                0x10001d30                timer_hardware_alarm_claim
 .text.timer_time_us_64
                0x10001d44       0x10 CMakeFiles/easycontroller_debug.dir/C_/Users/Owner/pico-sdk/src/rp2_common/hardware_timer/timer.c.obj
                0x10001d44                timer_time_us_64
 .text.timer_busy_wait_until
                0x10001d54       0x1a CMakeFiles/easycontroller_debug.dir/C_/Users/Owner/pico-sdk/src/rp2_common/hardware_timer/timer.c.obj
                0x10001d54                timer_busy_wait_until
 .text.timer_busy_wait_us
                0x10001d6e       0x38 CMakeFiles/easycontroller_debug.dir/C_/Users/Owner/pico-sdk/src/rp2_common/hardware_timer/timer.c.obj
                0x10001d6e                timer_busy_wait_us
 *fill*         0x10001da6        0x2 
 .text.time_us_64
                0x10001da8       0x10 CMakeFiles/easycontroller_debug.dir/C_/Users/Owner/pico-sdk/src/rp2_common/hardware_timer/timer.c.obj
                0x10001da8                time_us_64
 .text.busy_wait_us
                0x10001db8       0x14 CMakeFiles/easycontroller_debug.dir/C_/Users/Owner/pico-sdk/src/rp2_common/hardware_timer/timer.c.obj
                0x10001db8                busy_wait_us
 .text.busy_wait_until
                0x10001dcc       0x14 CMakeFiles/easycontroller_debug.dir/C_/Users/Owner/pico-sdk/src/rp2_common/hardware_timer/timer.c.obj
                0x10001dcc                busy_wait_until
 .text.uart_unreset
                0x10001de0       0x2c CMakeFiles/easycontroller_debug.dir/C_/Users/Owner/pico-sdk/src/rp2_common/hardware_uart/uart.c.obj
 .text.uart_disable_before_lcr_write
                0x10001e0c       0x48 CMakeFiles/easycontroller_debug.dir/C_/Users/Owner/pico-sdk/src/rp2_common/hardware_uart/uart.c.obj
 .text.uart_write_lcr_bits_masked
                0x10001e54       0x20 CMakeFiles/easycontroller_debug.dir/C_/Users/Owner/pico-sdk/src/rp2_common/hardware_uart/uart.c.obj
 .text.uart_set_baudrate
                0x10001e74       0x5c CMakeFiles/easycontroller_debug.dir/C_/Users/Owner/pico-sdk/src/rp2_common/hardware_uart/uart.c.obj
                0x10001e74                uart_set_baudrate
 .text.uart_set_translate_crlf
                0x10001ed0       0x28 CMakeFiles/easycontroller_debug.dir/C_/Users/Owner/pico-sdk/src/rp2_common/hardware_uart/uart.c.obj
                0x10001ed0                uart_set_translate_crlf
 .text.uart_init
                0x10001ef8       0x64 CMakeFiles/easycontroller_debug.dir/C_/Users/Owner/pico-sdk/src/rp2_common/hardware_uart/uart.c.obj
                0x10001ef8                uart_init
 .text.clock_configure_internal
                0x10001f5c       0xc4 CMakeFiles/easycontroller_debug.dir/C_/Users/Owner/pico-sdk/src/rp2_common/hardware_clocks/clocks.c.obj
 .text.clock_configure_int_divider
                0x10002020       0x28 CMakeFiles/easycontroller_debug.dir/C_/Users/Owner/pico-sdk/src/rp2_common/hardware_clocks/clocks.c.obj
                0x10002020                clock_configure_int_divider
 .text.clock_configure_undivided
                0x10002048       0x12 CMakeFiles/easycontroller_debug.dir/C_/Users/Owner/pico-sdk/src/rp2_common/hardware_clocks/clocks.c.obj
                0x10002048                clock_configure_undivided
 *fill*         0x1000205a        0x2 
 .text.clock_get_hz
                0x1000205c        0xc CMakeFiles/easycontroller_debug.dir/C_/Users/Owner/pico-sdk/src/rp2_common/hardware_clocks/clocks.c.obj
                0x1000205c                clock_get_hz
 .text.pll_init
                0x10002068      0x124 CMakeFiles/easycontroller_debug.dir/C_/Users/Owner/pico-sdk/src/rp2_common/hardware_pll/pll.c.obj
                0x10002068                pll_init
 .text.watchdog_update
                0x1000218c       0x14 CMakeFiles/easycontroller_debug.dir/C_/Users/Owner/pico-sdk/src/rp2_common/hardware_watchdog/watchdog.c.obj
                0x1000218c                watchdog_update
 .text._watchdog_enable
                0x100021a0       0x78 CMakeFiles/easycontroller_debug.dir/C_/Users/Owner/pico-sdk/src/rp2_common/hardware_watchdog/watchdog.c.obj
                0x100021a0                _watchdog_enable
 .text.watchdog_reboot
                0x10002218       0x48 CMakeFiles/easycontroller_debug.dir/C_/Users/Owner/pico-sdk/src/rp2_common/hardware_watchdog/watchdog.c.obj
                0x10002218                watchdog_reboot
 .text.tick_start
                0x10002260       0x10 CMakeFiles/easycontroller_debug.dir/C_/Users/Owner/pico-sdk/src/rp2_common/hardware_ticks/ticks.c.obj
                0x10002260                tick_start
 .text.rom_func_lookup
                0x10002270       0x10 CMakeFiles/easycontroller_debug.dir/C_/Users/Owner/pico-sdk/src/rp2_common/pico_bootrom/bootrom.c.obj
                0x10002270                rom_func_lookup
 .text.rom_data_lookup
                0x10002280       0x10 CMakeFiles/easycontroller_debug.dir/C_/Users/Owner/pico-sdk/src/rp2_common/pico_bootrom/bootrom.c.obj
                0x10002280                rom_data_lookup
 .text.rom_funcs_lookup
                0x10002290       0x36 CMakeFiles/easycontroller_debug.dir/C_/Users/Owner/pico-sdk/src/rp2_common/pico_bootrom/bootrom.c.obj
                0x10002290                rom_funcs_lookup
 *fill*         0x100022c6        0x2 
 .text.rom_reset_usb_boot_extra
                0x100022c8       0x24 CMakeFiles/easycontroller_debug.dir/C_/Users/Owner/pico-sdk/src/rp2_common/pico_bootrom/bootrom.c.obj
                0x100022c8                rom_reset_usb_boot_extra
 .text.xosc_init
                0x100022ec       0x2c CMakeFiles/easycontroller_debug.dir/C_/Users/Owner/pico-sdk/src/rp2_common/hardware_xosc/xosc.c.obj
                0x100022ec                xosc_init
 .text.runtime_run_initializers_from
                0x10002318       0x18 CMakeFiles/easycontroller_debug.dir/C_/Users/Owner/pico-sdk/src/rp2_common/pico_runtime/runtime.c.obj
 .text.first_per_core_initializer
                0x10002330        0x2 CMakeFiles/easycontroller_debug.dir/C_/Users/Owner/pico-sdk/src/rp2_common/pico_runtime/runtime.c.obj
 *fill*         0x10002332        0x2 
 .text.runtime_run_initializers
                0x10002334       0x10 CMakeFiles/easycontroller_debug.dir/C_/Users/Owner/pico-sdk/src/rp2_common/pico_runtime/runtime.c.obj
                0x10002334                runtime_run_initializers
 .text.runtime_init_early_resets
                0x10002344       0x2c CMakeFiles/easycontroller_debug.dir/C_/Users/Owner/pico-sdk/src/rp2_common/pico_runtime_init/runtime_init.c.obj
                0x10002344                runtime_init_early_resets
 .text.runtime_init_usb_power_down
                0x10002370       0x1c CMakeFiles/easycontroller_debug.dir/C_/Users/Owner/pico-sdk/src/rp2_common/pico_runtime_init/runtime_init.c.obj
                0x10002370                runtime_init_usb_power_down
 .text.runtime_init_post_clock_resets
                0x1000238c       0x20 CMakeFiles/easycontroller_debug.dir/C_/Users/Owner/pico-sdk/src/rp2_common/pico_runtime_init/runtime_init.c.obj
                0x1000238c                runtime_init_post_clock_resets
 .text.runtime_init_rp2040_gpio_ie_disable
                0x100023ac       0x14 CMakeFiles/easycontroller_debug.dir/C_/Users/Owner/pico-sdk/src/rp2_common/pico_runtime_init/runtime_init.c.obj
                0x100023ac                runtime_init_rp2040_gpio_ie_disable
 .text.runtime_init_spin_locks_reset
                0x100023c0        0x8 CMakeFiles/easycontroller_debug.dir/C_/Users/Owner/pico-sdk/src/rp2_common/pico_runtime_init/runtime_init.c.obj
                0x100023c0                runtime_init_spin_locks_reset
 .text.runtime_init_install_ram_vector_table
                0x100023c8       0x48 CMakeFiles/easycontroller_debug.dir/C_/Users/Owner/pico-sdk/src/rp2_common/pico_runtime_init/runtime_init.c.obj
                0x100023c8                runtime_init_install_ram_vector_table
 .text.start_all_ticks
                0x10002410       0x28 CMakeFiles/easycontroller_debug.dir/C_/Users/Owner/pico-sdk/src/rp2_common/pico_runtime_init/runtime_init_clocks.c.obj
 .text.runtime_init_clocks
                0x10002438       0xcc CMakeFiles/easycontroller_debug.dir/C_/Users/Owner/pico-sdk/src/rp2_common/pico_runtime_init/runtime_init_clocks.c.obj
                0x10002438                runtime_init_clocks
 .text          0x10002504       0x10 CMakeFiles/easycontroller_debug.dir/C_/Users/Owner/pico-sdk/src/rp2_common/pico_bit_ops/bit_ops_aeabi.S.obj
 .text.__wrap___aeabi_idiv
                0x10002514       0x50 CMakeFiles/easycontroller_debug.dir/C_/Users/Owner/pico-sdk/src/rp2_common/pico_divider/divider_hardware.S.obj
                0x10002514                __wrap___aeabi_idivmod
                0x10002514                divmod_s32s32
                0x10002514                div_s32s32
                0x10002514                __wrap___aeabi_idiv
                0x1000251c                divmod_s32s32_unsafe
                0x10002548                divmod_s32s32_savestate
 .text.__wrap___aeabi_uidiv
                0x10002564       0x4c CMakeFiles/easycontroller_debug.dir/C_/Users/Owner/pico-sdk/src/rp2_common/pico_divider/divider_hardware.S.obj
                0x10002564                __wrap___aeabi_uidiv
                0x10002564                __wrap___aeabi_uidivmod
                0x10002564                div_u32u32
                0x10002564                divmod_u32u32
                0x1000256c                divmod_u32u32_unsafe
                0x10002594                divmod_u32u32_savestate
 .text.__wrap___aeabi_ldiv
                0x100025b0      0x424 CMakeFiles/easycontroller_debug.dir/C_/Users/Owner/pico-sdk/src/rp2_common/pico_divider/divider_hardware.S.obj
                0x100025b0                div_s64s64
                0x100025b0                divmod_s64s64
                0x100025b0                __wrap___aeabi_ldivmod
                0x100025e0                divmod_u64u64
                0x100025e0                div_u64u64
                0x100025e0                __wrap___aeabi_uldivmod
                0x100025f0                divmod_u64u64_savestate
                0x10002610                divmod_s64s64_unsafe
                0x10002698                divmod_u64u64_unsafe
 .text.__wrap___aeabi_darithmetic
                0x100029d4       0x80 CMakeFiles/easycontroller_debug.dir/C_/Users/Owner/pico-sdk/src/rp2_common/pico_double/double_aeabi_rp2040.S.obj
                0x100029d4                __wrap___aeabi_drsub
                0x100029da                __wrap___aeabi_dsub
                0x100029ec                __wrap___aeabi_dadd
                0x100029fe                __wrap___aeabi_ddiv
                0x10002a3a                __wrap___aeabi_dmul
 .text.__wrap___aeabi_cdcmple
                0x10002a54       0x6c CMakeFiles/easycontroller_debug.dir/C_/Users/Owner/pico-sdk/src/rp2_common/pico_double/double_aeabi_rp2040.S.obj
                0x10002a54                __wrap___aeabi_cdrcmple
                0x10002a64                __wrap___aeabi_cdcmpeq
                0x10002a64                __wrap___aeabi_cdcmple
 .text.__wrap___aeabi_dcmplt
                0x10002ac0        0xc CMakeFiles/easycontroller_debug.dir/C_/Users/Owner/pico-sdk/src/rp2_common/pico_double/double_aeabi_rp2040.S.obj
                0x10002ac0                __wrap___aeabi_dcmplt
 .text.__wrap___aeabi_dcmple
                0x10002acc       0x10 CMakeFiles/easycontroller_debug.dir/C_/Users/Owner/pico-sdk/src/rp2_common/pico_double/double_aeabi_rp2040.S.obj
                0x10002acc                __wrap___aeabi_dcmple
 .text.__wrap___aeabi_dcmpge
                0x10002adc       0x10 CMakeFiles/easycontroller_debug.dir/C_/Users/Owner/pico-sdk/src/rp2_common/pico_double/double_aeabi_rp2040.S.obj
                0x10002adc                __wrap___aeabi_dcmpge
 .text.__wrap___aeabi_dcmpgt
                0x10002aec        0xa CMakeFiles/easycontroller_debug.dir/C_/Users/Owner/pico-sdk/src/rp2_common/pico_double/double_aeabi_rp2040.S.obj
                0x10002aec                __wrap___aeabi_dcmpgt
 .text.__wrap___aeabi_dcmpun
                0x10002af6       0x18 CMakeFiles/easycontroller_debug.dir/C_/Users/Owner/pico-sdk/src/rp2_common/pico_double/double_aeabi_rp2040.S.obj
                0x10002af6                __wrap___aeabi_dcmpun
 *fill*         0x10002b0e        0x2 
 .text.__wrap___aeabi_i2d
                0x10002b10       0x38 CMakeFiles/easycontroller_debug.dir/C_/Users/Owner/pico-sdk/src/rp2_common/pico_double/double_aeabi_rp2040.S.obj
                0x10002b10                uint2double
                0x10002b10                __wrap___aeabi_ui2d
                0x10002b18                int2double
                0x10002b18                __wrap___aeabi_i2d
 .text.__wrap___aeabi_d2iz
                0x10002b48       0x48 CMakeFiles/easycontroller_debug.dir/C_/Users/Owner/pico-sdk/src/rp2_common/pico_double/double_aeabi_rp2040.S.obj
                0x10002b48                double2int_z
                0x10002b48                __wrap___aeabi_d2iz
 .text.__wrap___aeabi_d2uiz
                0x10002b90       0x18 CMakeFiles/easycontroller_debug.dir/C_/Users/Owner/pico-sdk/src/rp2_common/pico_double/double_aeabi_rp2040.S.obj
                0x10002b90                double2uint
                0x10002b90                __wrap___aeabi_d2uiz
                0x10002b90                double2uint_z
 .text.__aeabi_double_init
                0x10002ba8       0xcc CMakeFiles/easycontroller_debug.dir/C_/Users/Owner/pico-sdk/src/rp2_common/pico_double/double_init_rom_rp2040.c.obj
                0x10002ba8                __aeabi_double_init
 .text.double_table_shim_on_use_helper
                0x10002c74       0x34 CMakeFiles/easycontroller_debug.dir/C_/Users/Owner/pico-sdk/src/rp2_common/pico_double/double_v1_rom_shim_rp2040.S.obj
                0x10002c74                double_table_shim_on_use_helper
 .text.__wrap___aeabi_dsub
                0x10002ca8       0x10 CMakeFiles/easycontroller_debug.dir/C_/Users/Owner/pico-sdk/src/rp2_common/pico_double/double_v1_rom_shim_rp2040.S.obj
                0x10002ca8                drsub_shim
                0x10002cae                dsub_shim
 .text.dadd_shim
                0x10002cb8      0x15c CMakeFiles/easycontroller_debug.dir/C_/Users/Owner/pico-sdk/src/rp2_common/pico_double/double_v1_rom_shim_rp2040.S.obj
                0x10002cb8                dadd_shim
 .text.dmul_shim
                0x10002e14      0x15c CMakeFiles/easycontroller_debug.dir/C_/Users/Owner/pico-sdk/src/rp2_common/pico_double/double_v1_rom_shim_rp2040.S.obj
                0x10002e14                dmul_shim
 .text.ddiv_shim
                0x10002f70      0x1b0 CMakeFiles/easycontroller_debug.dir/C_/Users/Owner/pico-sdk/src/rp2_common/pico_double/double_v1_rom_shim_rp2040.S.obj
                0x10002f70                ddiv_shim
 .text.double2uint_shim
                0x10003120        0xe CMakeFiles/easycontroller_debug.dir/C_/Users/Owner/pico-sdk/src/rp2_common/pico_double/double_v1_rom_shim_rp2040.S.obj
                0x10003120                double2uint_shim
                0x10003122                double2ufix_shim
 *fill*         0x1000312e        0x2 
 .text.double2uint64_shim
                0x10003130       0x70 CMakeFiles/easycontroller_debug.dir/C_/Users/Owner/pico-sdk/src/rp2_common/pico_double/double_v1_rom_shim_rp2040.S.obj
                0x10003130                double2uint64_shim
                0x10003132                double2ufix64_shim
                0x10003152                d2fix_a
 .text.dunpacks
                0x100031a0       0x3c CMakeFiles/easycontroller_debug.dir/C_/Users/Owner/pico-sdk/src/rp2_common/pico_double/double_v1_rom_shim_rp2040.S.obj
                0x100031a0                dunpacks
 .text.__aeabi_lmul
                0x100031dc       0x32 CMakeFiles/easycontroller_debug.dir/C_/Users/Owner/pico-sdk/src/rp2_common/pico_int64_ops/pico_int64_ops_aeabi.S.obj
                0x100031dc                __wrap___aeabi_lmul
 *fill*         0x1000320e        0x2 
 .text.__wrap___aeabi_farithmetic
                0x10003210       0x58 CMakeFiles/easycontroller_debug.dir/C_/Users/Owner/pico-sdk/src/rp2_common/pico_float/float_aeabi_rp2040.S.obj
                0x10003210                __wrap___aeabi_frsub
                0x10003216                __wrap___aeabi_fsub
                0x10003220                __wrap___aeabi_fadd
                0x1000322a                __wrap___aeabi_fdiv
                0x10003256                __wrap___aeabi_fmul
 .text.__wrap___aeabi_cfcmple
                0x10003268       0x50 CMakeFiles/easycontroller_debug.dir/C_/Users/Owner/pico-sdk/src/rp2_common/pico_float/float_aeabi_rp2040.S.obj
                0x10003268                __wrap___aeabi_cfrcmple
                0x10003274                __wrap___aeabi_cfcmple
                0x10003274                __wrap___aeabi_cfcmpeq
 .text.__wrap___aeabi_fcmplt
                0x100032b8        0xc CMakeFiles/easycontroller_debug.dir/C_/Users/Owner/pico-sdk/src/rp2_common/pico_float/float_aeabi_rp2040.S.obj
                0x100032b8                __wrap___aeabi_fcmplt
 .text.__wrap___aeabi_fcmpgt
                0x100032c4        0xa CMakeFiles/easycontroller_debug.dir/C_/Users/Owner/pico-sdk/src/rp2_common/pico_float/float_aeabi_rp2040.S.obj
                0x100032c4                __wrap___aeabi_fcmpgt
 .text.__wrap___aeabi_ui2f
                0x100032ce        0xa CMakeFiles/easycontroller_debug.dir/C_/Users/Owner/pico-sdk/src/rp2_common/pico_float/float_aeabi_rp2040.S.obj
                0x100032ce                __wrap___aeabi_ui2f
                0x100032ce                uint2float
 .text.__wrap___aeabi_i2f
                0x100032d8       0x44 CMakeFiles/easycontroller_debug.dir/C_/Users/Owner/pico-sdk/src/rp2_common/pico_float/float_aeabi_rp2040.S.obj
                0x100032d8                __wrap___aeabi_i2f
                0x100032d8                int2float
 .text.__wrap___aeabi_f2iz
                0x1000331c       0x4e CMakeFiles/easycontroller_debug.dir/C_/Users/Owner/pico-sdk/src/rp2_common/pico_float/float_aeabi_rp2040.S.obj
                0x1000331c                float2int_z
                0x1000331c                __wrap___aeabi_f2iz
 *fill*         0x1000336a        0x2 
 .text.float2int
                0x1000336c       0x14 CMakeFiles/easycontroller_debug.dir/C_/Users/Owner/pico-sdk/src/rp2_common/pico_float/float_aeabi_rp2040.S.obj
                0x1000336c                float2int
 .text.__wrap___aeabi_f2uiz
                0x10003380       0x10 CMakeFiles/easycontroller_debug.dir/C_/Users/Owner/pico-sdk/src/rp2_common/pico_float/float_aeabi_rp2040.S.obj
                0x10003380                float2uint_z
                0x10003380                __wrap___aeabi_f2uiz
                0x10003380                float2uint
 .text.__wrap___aeabi_l2f
                0x10003390       0x20 CMakeFiles/easycontroller_debug.dir/C_/Users/Owner/pico-sdk/src/rp2_common/pico_float/float_aeabi_rp2040.S.obj
                0x10003394                __wrap___aeabi_l2f
                0x10003394                int642float
 .text.__wrap___aeabi_f2d
                0x100033b0       0x14 CMakeFiles/easycontroller_debug.dir/C_/Users/Owner/pico-sdk/src/rp2_common/pico_float/float_aeabi_rp2040.S.obj
                0x100033b0                __wrap___aeabi_f2d
 .text.__aeabi_float_init
                0x100033c4       0xfc CMakeFiles/easycontroller_debug.dir/C_/Users/Owner/pico-sdk/src/rp2_common/pico_float/float_init_rom_rp2040.c.obj
                0x100033c4                __aeabi_float_init
 .text.float_table_shim_on_use_helper
                0x100034c0       0x34 CMakeFiles/easycontroller_debug.dir/C_/Users/Owner/pico-sdk/src/rp2_common/pico_float/float_v1_rom_shim_rp2040.S.obj
                0x100034c0                float_table_shim_on_use_helper
 .text.642float_shims
                0x100034f4       0x44 CMakeFiles/easycontroller_debug.dir/C_/Users/Owner/pico-sdk/src/rp2_common/pico_float/float_v1_rom_shim_rp2040.S.obj
                0x100034f4                uint642float_shim
                0x100034f6                ufix642float_shim
                0x10003506                int642float_shim
                0x10003508                fix642float_shim
 .text.float232_shims
                0x10003538       0x18 CMakeFiles/easycontroller_debug.dir/C_/Users/Owner/pico-sdk/src/rp2_common/pico_float/float_v1_rom_shim_rp2040.S.obj
                0x10003538                float2int_shim
                0x1000353a                float2fix_shim
 .text.float2double_shim
                0x10003550       0x30 CMakeFiles/easycontroller_debug.dir/C_/Users/Owner/pico-sdk/src/rp2_common/pico_float/float_v1_rom_shim_rp2040.S.obj
                0x10003550                float2double_shim
 .text          0x10003580       0x10 CMakeFiles/easycontroller_debug.dir/C_/Users/Owner/pico-sdk/src/rp2_common/pico_mem_ops/mem_ops_aeabi.S.obj
                0x10003580                __aeabi_mem_init
 .text.memset   0x10003590        0xc CMakeFiles/easycontroller_debug.dir/C_/Users/Owner/pico-sdk/src/rp2_common/pico_mem_ops/mem_ops_aeabi.S.obj
                0x10003590                __wrap_memset
 .text.memcpy   0x1000359c        0xc CMakeFiles/easycontroller_debug.dir/C_/Users/Owner/pico-sdk/src/rp2_common/pico_mem_ops/mem_ops_aeabi.S.obj
                0x1000359c                __wrap_memcpy
                0x1000359c                __wrap___aeabi_memcpy
 .text._out_buffer
                0x100035a8        0x8 CMakeFiles/easycontroller_debug.dir/C_/Users/Owner/pico-sdk/src/rp2_common/pico_printf/printf.c.obj
 .text._out_null
                0x100035b0        0x2 CMakeFiles/easycontroller_debug.dir/C_/Users/Owner/pico-sdk/src/rp2_common/pico_printf/printf.c.obj
 .text._out_fct
                0x100035b2        0xe CMakeFiles/easycontroller_debug.dir/C_/Users/Owner/pico-sdk/src/rp2_common/pico_printf/printf.c.obj
 .text._atoi    0x100035c0       0x24 CMakeFiles/easycontroller_debug.dir/C_/Users/Owner/pico-sdk/src/rp2_common/pico_printf/printf.c.obj
 .text._out_rev
                0x100035e4       0xb0 CMakeFiles/easycontroller_debug.dir/C_/Users/Owner/pico-sdk/src/rp2_common/pico_printf/printf.c.obj
 .text._ntoa_format
                0x10003694      0x10e CMakeFiles/easycontroller_debug.dir/C_/Users/Owner/pico-sdk/src/rp2_common/pico_printf/printf.c.obj
 .text._ntoa_long
                0x100037a2       0xbc CMakeFiles/easycontroller_debug.dir/C_/Users/Owner/pico-sdk/src/rp2_common/pico_printf/printf.c.obj
 .text._ntoa_long_long
                0x1000385e      0x10e CMakeFiles/easycontroller_debug.dir/C_/Users/Owner/pico-sdk/src/rp2_common/pico_printf/printf.c.obj
 .text._etoa    0x1000396c      0x424 CMakeFiles/easycontroller_debug.dir/C_/Users/Owner/pico-sdk/src/rp2_common/pico_printf/printf.c.obj
 .text._ftoa    0x10003d90      0x348 CMakeFiles/easycontroller_debug.dir/C_/Users/Owner/pico-sdk/src/rp2_common/pico_printf/printf.c.obj
 .text._vsnprintf
                0x100040d8      0x6a4 CMakeFiles/easycontroller_debug.dir/C_/Users/Owner/pico-sdk/src/rp2_common/pico_printf/printf.c.obj
 .text.__wrap_snprintf
                0x1000477c       0x28 CMakeFiles/easycontroller_debug.dir/C_/Users/Owner/pico-sdk/src/rp2_common/pico_printf/printf.c.obj
                0x1000477c                __wrap_snprintf
 .text.vfctprintf
                0x100047a4       0x24 CMakeFiles/easycontroller_debug.dir/C_/Users/Owner/pico-sdk/src/rp2_common/pico_printf/printf.c.obj
                0x100047a4                vfctprintf
 .text._exit    0x100047c8        0x4 CMakeFiles/easycontroller_debug.dir/C_/Users/Owner/pico-sdk/src/rp2_common/pico_clib_interface/newlib_interface.c.obj
                0x100047c8                _exit
 .text.exit     0x100047cc        0x6 CMakeFiles/easycontroller_debug.dir/C_/Users/Owner/pico-sdk/src/rp2_common/pico_clib_interface/newlib_interface.c.obj
                0x100047cc                exit
 *fill*         0x100047d2        0x2 
 .text.__assert_func
                0x100047d4       0x38 CMakeFiles/easycontroller_debug.dir/C_/Users/Owner/pico-sdk/src/rp2_common/pico_clib_interface/newlib_interface.c.obj
                0x100047d4                __assert_func
 .text.runtime_init
                0x1000480c       0x28 CMakeFiles/easycontroller_debug.dir/C_/Users/Owner/pico-sdk/src/rp2_common/pico_clib_interface/newlib_interface.c.obj
                0x1000480c                runtime_init
 .text.stdio_out_chars_no_crlf
                0x10004834        0xe CMakeFiles/easycontroller_debug.dir/C_/Users/Owner/pico-sdk/src/rp2_common/pico_stdio/stdio.c.obj
 *fill*         0x10004842        0x2 
 .text.stdio_out_chars_crlf
                0x10004844       0x80 CMakeFiles/easycontroller_debug.dir/C_/Users/Owner/pico-sdk/src/rp2_common/pico_stdio/stdio.c.obj
 .text.stdio_stack_buffer_flush
                0x100048c4       0x44 CMakeFiles/easycontroller_debug.dir/C_/Users/Owner/pico-sdk/src/rp2_common/pico_stdio/stdio.c.obj
 .text.stdio_buffered_printer
                0x10004908       0x20 CMakeFiles/easycontroller_debug.dir/C_/Users/Owner/pico-sdk/src/rp2_common/pico_stdio/stdio.c.obj
 .text.stdout_serialize_begin
                0x10004928       0x30 CMakeFiles/easycontroller_debug.dir/C_/Users/Owner/pico-sdk/src/rp2_common/pico_stdio/stdio.c.obj
                0x10004928                stdout_serialize_begin
 .text.stdout_serialize_end
                0x10004958       0x10 CMakeFiles/easycontroller_debug.dir/C_/Users/Owner/pico-sdk/src/rp2_common/pico_stdio/stdio.c.obj
                0x10004958                stdout_serialize_end
 .text.stdio_put_string
                0x10004968       0x94 CMakeFiles/easycontroller_debug.dir/C_/Users/Owner/pico-sdk/src/rp2_common/pico_stdio/stdio.c.obj
                0x10004968                stdio_put_string
 .text.stdio_get_until
                0x100049fc       0x74 CMakeFiles/easycontroller_debug.dir/C_/Users/Owner/pico-sdk/src/rp2_common/pico_stdio/stdio.c.obj
                0x100049fc                stdio_get_until
 .text.stdio_set_driver_enabled
                0x10004a70       0x30 CMakeFiles/easycontroller_debug.dir/C_/Users/Owner/pico-sdk/src/rp2_common/pico_stdio/stdio.c.obj
                0x10004a70                stdio_set_driver_enabled
 .text.stdio_flush
                0x10004aa0       0x20 CMakeFiles/easycontroller_debug.dir/C_/Users/Owner/pico-sdk/src/rp2_common/pico_stdio/stdio.c.obj
                0x10004aa0                stdio_flush
 .text.stdio_init_all
                0x10004ac0        0x8 CMakeFiles/easycontroller_debug.dir/C_/Users/Owner/pico-sdk/src/rp2_common/pico_stdio/stdio.c.obj
                0x10004ac0                stdio_init_all
 .text.stdio_getchar_timeout_us
                0x10004ac8       0x54 CMakeFiles/easycontroller_debug.dir/C_/Users/Owner/pico-sdk/src/rp2_common/pico_stdio/stdio.c.obj
                0x10004ac8                stdio_getchar_timeout_us
 .text.__wrap_puts
                0x10004b1c       0x1e CMakeFiles/easycontroller_debug.dir/C_/Users/Owner/pico-sdk/src/rp2_common/pico_stdio/stdio.c.obj
                0x10004b1c                stdio_puts
                0x10004b1c                __wrap_puts
 *fill*         0x10004b3a        0x2 
 .text.__wrap_vprintf
                0x10004b3c       0x40 CMakeFiles/easycontroller_debug.dir/C_/Users/Owner/pico-sdk/src/rp2_common/pico_stdio/stdio.c.obj
                0x10004b3c                stdio_vprintf
                0x10004b3c                __wrap_vprintf
 .text.__wrap_printf
                0x10004b7c       0x18 CMakeFiles/easycontroller_debug.dir/C_/Users/Owner/pico-sdk/src/rp2_common/pico_stdio/stdio.c.obj
                0x10004b7c                __wrap_printf
                0x10004b7c                stdio_printf
 .text.resetd_init
                0x10004b94        0x2 CMakeFiles/easycontroller_debug.dir/C_/Users/Owner/pico-sdk/src/rp2_common/pico_stdio_usb/reset_interface.c.obj
 *fill*         0x10004b96        0x2 
 .text.resetd_reset
                0x10004b98        0xc CMakeFiles/easycontroller_debug.dir/C_/Users/Owner/pico-sdk/src/rp2_common/pico_stdio_usb/reset_interface.c.obj
 .text.resetd_open
                0x10004ba4       0x34 CMakeFiles/easycontroller_debug.dir/C_/Users/Owner/pico-sdk/src/rp2_common/pico_stdio_usb/reset_interface.c.obj
 .text.resetd_xfer_cb
                0x10004bd8        0x4 CMakeFiles/easycontroller_debug.dir/C_/Users/Owner/pico-sdk/src/rp2_common/pico_stdio_usb/reset_interface.c.obj
 .text.resetd_control_xfer_cb
                0x10004bdc       0x60 CMakeFiles/easycontroller_debug.dir/C_/Users/Owner/pico-sdk/src/rp2_common/pico_stdio_usb/reset_interface.c.obj
 .text.tud_descriptor_bos_cb
                0x10004c3c        0x8 CMakeFiles/easycontroller_debug.dir/C_/Users/Owner/pico-sdk/src/rp2_common/pico_stdio_usb/reset_interface.c.obj
                0x10004c3c                tud_descriptor_bos_cb
 .text.tud_vendor_control_xfer_cb
                0x10004c44       0x38 CMakeFiles/easycontroller_debug.dir/C_/Users/Owner/pico-sdk/src/rp2_common/pico_stdio_usb/reset_interface.c.obj
                0x10004c44                tud_vendor_control_xfer_cb
 .text.usbd_app_driver_get_cb
                0x10004c7c        0xc CMakeFiles/easycontroller_debug.dir/C_/Users/Owner/pico-sdk/src/rp2_common/pico_stdio_usb/reset_interface.c.obj
                0x10004c7c                usbd_app_driver_get_cb
 .text.tud_cdc_line_coding_cb
                0x10004c88       0x2c CMakeFiles/easycontroller_debug.dir/C_/Users/Owner/pico-sdk/src/rp2_common/pico_stdio_usb/reset_interface.c.obj
                0x10004c88                tud_cdc_line_coding_cb
 .text.stdio_usb_set_chars_available_callback
                0x10004cb4       0x14 CMakeFiles/easycontroller_debug.dir/C_/Users/Owner/pico-sdk/src/rp2_common/pico_stdio_usb/stdio_usb.c.obj
                0x10004cb4                stdio_usb_set_chars_available_callback
 .text.stdio_usb_out_flush
                0x10004cc8       0x4c CMakeFiles/easycontroller_debug.dir/C_/Users/Owner/pico-sdk/src/rp2_common/pico_stdio_usb/stdio_usb.c.obj
 .text.usb_irq  0x10004d14       0x10 CMakeFiles/easycontroller_debug.dir/C_/Users/Owner/pico-sdk/src/rp2_common/pico_stdio_usb/stdio_usb.c.obj
 .text.timer_task
                0x10004d24       0x6c CMakeFiles/easycontroller_debug.dir/C_/Users/Owner/pico-sdk/src/rp2_common/pico_stdio_usb/stdio_usb.c.obj
 .text.alarm_pool_add_alarm_in_us
                0x10004d90       0x40 CMakeFiles/easycontroller_debug.dir/C_/Users/Owner/pico-sdk/src/rp2_common/pico_stdio_usb/stdio_usb.c.obj
 .text.add_alarm_in_us
                0x10004dd0       0x2e CMakeFiles/easycontroller_debug.dir/C_/Users/Owner/pico-sdk/src/rp2_common/pico_stdio_usb/stdio_usb.c.obj
 *fill*         0x10004dfe        0x2 
 .text.low_priority_worker_irq
                0x10004e00       0xa8 CMakeFiles/easycontroller_debug.dir/C_/Users/Owner/pico-sdk/src/rp2_common/pico_stdio_usb/stdio_usb.c.obj
 .text.stdio_usb_init
                0x10004ea8       0xe0 CMakeFiles/easycontroller_debug.dir/C_/Users/Owner/pico-sdk/src/rp2_common/pico_stdio_usb/stdio_usb.c.obj
                0x10004ea8                stdio_usb_init
 .text.stdio_usb_connected
                0x10004f88        0xa CMakeFiles/easycontroller_debug.dir/C_/Users/Owner/pico-sdk/src/rp2_common/pico_stdio_usb/stdio_usb.c.obj
                0x10004f88                stdio_usb_connected
 *fill*         0x10004f92        0x2 
 .text.stdio_usb_in_chars
                0x10004f94       0x98 CMakeFiles/easycontroller_debug.dir/C_/Users/Owner/pico-sdk/src/rp2_common/pico_stdio_usb/stdio_usb.c.obj
                0x10004f94                stdio_usb_in_chars
 .text.stdio_usb_out_chars
                0x1000502c       0xe8 CMakeFiles/easycontroller_debug.dir/C_/Users/Owner/pico-sdk/src/rp2_common/pico_stdio_usb/stdio_usb.c.obj
 .text.tud_descriptor_device_cb
                0x10005114        0x8 CMakeFiles/easycontroller_debug.dir/C_/Users/Owner/pico-sdk/src/rp2_common/pico_stdio_usb/stdio_usb_descriptors.c.obj
                0x10005114                tud_descriptor_device_cb
 .text.tud_descriptor_configuration_cb
                0x1000511c        0x8 CMakeFiles/easycontroller_debug.dir/C_/Users/Owner/pico-sdk/src/rp2_common/pico_stdio_usb/stdio_usb_descriptors.c.obj
                0x1000511c                tud_descriptor_configuration_cb
 .text.tud_descriptor_string_cb
                0x10005124       0x6c CMakeFiles/easycontroller_debug.dir/C_/Users/Owner/pico-sdk/src/rp2_common/pico_stdio_usb/stdio_usb_descriptors.c.obj
                0x10005124                tud_descriptor_string_cb
 .text._retrieve_unique_id_on_boot
                0x10005190       0x10 CMakeFiles/easycontroller_debug.dir/C_/Users/Owner/pico-sdk/src/rp2_common/pico_unique_id/unique_id.c.obj
 .text.pico_get_unique_board_id_string
                0x100051a0       0x58 CMakeFiles/easycontroller_debug.dir/C_/Users/Owner/pico-sdk/src/rp2_common/pico_unique_id/unique_id.c.obj
                0x100051a0                pico_get_unique_board_id_string
 .text.flash_get_unique_id
                0x100051f8       0x40 CMakeFiles/easycontroller_debug.dir/C_/Users/Owner/pico-sdk/src/rp2_common/hardware_flash/flash.c.obj
                0x100051f8                flash_get_unique_id
 .text.hw_endpoint_init
                0x10005238       0xc0 CMakeFiles/easycontroller_debug.dir/C_/Users/Owner/pico-sdk/lib/tinyusb/src/portable/raspberrypi/rp2040/dcd_rp2040.c.obj
 .text.hw_endpoint_alloc
                0x100052f8       0x48 CMakeFiles/easycontroller_debug.dir/C_/Users/Owner/pico-sdk/lib/tinyusb/src/portable/raspberrypi/rp2040/dcd_rp2040.c.obj
 .text.hw_endpoint_open
                0x10005340       0x50 CMakeFiles/easycontroller_debug.dir/C_/Users/Owner/pico-sdk/lib/tinyusb/src/portable/raspberrypi/rp2040/dcd_rp2040.c.obj
 .text.hw_endpoint_xfer
                0x10005390       0x20 CMakeFiles/easycontroller_debug.dir/C_/Users/Owner/pico-sdk/lib/tinyusb/src/portable/raspberrypi/rp2040/dcd_rp2040.c.obj
 .text.dcd_int_enable
                0x100053b0       0x2c CMakeFiles/easycontroller_debug.dir/C_/Users/Owner/pico-sdk/lib/tinyusb/src/portable/raspberrypi/rp2040/dcd_rp2040.c.obj
                0x100053b0                dcd_int_enable
 .text.dcd_set_address
                0x100053dc       0x2c CMakeFiles/easycontroller_debug.dir/C_/Users/Owner/pico-sdk/lib/tinyusb/src/portable/raspberrypi/rp2040/dcd_rp2040.c.obj
                0x100053dc                dcd_set_address
 .text.dcd_connect
                0x10005408       0x10 CMakeFiles/easycontroller_debug.dir/C_/Users/Owner/pico-sdk/lib/tinyusb/src/portable/raspberrypi/rp2040/dcd_rp2040.c.obj
                0x10005408                dcd_connect
 .text.dcd_init
                0x10005418       0x80 CMakeFiles/easycontroller_debug.dir/C_/Users/Owner/pico-sdk/lib/tinyusb/src/portable/raspberrypi/rp2040/dcd_rp2040.c.obj
                0x10005418                dcd_init
 .text.dcd_sof_enable
                0x10005498       0x1c CMakeFiles/easycontroller_debug.dir/C_/Users/Owner/pico-sdk/lib/tinyusb/src/portable/raspberrypi/rp2040/dcd_rp2040.c.obj
                0x10005498                dcd_sof_enable
 .text.dcd_edpt0_status_complete
                0x100054b4       0x1c CMakeFiles/easycontroller_debug.dir/C_/Users/Owner/pico-sdk/lib/tinyusb/src/portable/raspberrypi/rp2040/dcd_rp2040.c.obj
                0x100054b4                dcd_edpt0_status_complete
 .text.dcd_edpt_open
                0x100054d0       0x26 CMakeFiles/easycontroller_debug.dir/C_/Users/Owner/pico-sdk/lib/tinyusb/src/portable/raspberrypi/rp2040/dcd_rp2040.c.obj
                0x100054d0                dcd_edpt_open
 .text.dcd_edpt_close_all
                0x100054f6        0x8 CMakeFiles/easycontroller_debug.dir/C_/Users/Owner/pico-sdk/lib/tinyusb/src/portable/raspberrypi/rp2040/dcd_rp2040.c.obj
                0x100054f6                dcd_edpt_close_all
 *fill*         0x100054fe        0x2 
 .text.dcd_edpt_xfer
                0x10005500       0x30 CMakeFiles/easycontroller_debug.dir/C_/Users/Owner/pico-sdk/lib/tinyusb/src/portable/raspberrypi/rp2040/dcd_rp2040.c.obj
                0x10005500                dcd_edpt_xfer
 .text.dcd_edpt_stall
                0x10005530       0x3c CMakeFiles/easycontroller_debug.dir/C_/Users/Owner/pico-sdk/lib/tinyusb/src/portable/raspberrypi/rp2040/dcd_rp2040.c.obj
                0x10005530                dcd_edpt_stall
 .text.dcd_edpt_clear_stall
                0x1000556c       0x30 CMakeFiles/easycontroller_debug.dir/C_/Users/Owner/pico-sdk/lib/tinyusb/src/portable/raspberrypi/rp2040/dcd_rp2040.c.obj
                0x1000556c                dcd_edpt_clear_stall
 .text.unaligned_memcpy
                0x1000559c       0x14 CMakeFiles/easycontroller_debug.dir/C_/Users/Owner/pico-sdk/lib/tinyusb/src/portable/raspberrypi/rp2040/rp2040_usb.c.obj
 .text.rp2040_usb_init
                0x100055b0       0x44 CMakeFiles/easycontroller_debug.dir/C_/Users/Owner/pico-sdk/lib/tinyusb/src/portable/raspberrypi/rp2040/rp2040_usb.c.obj
                0x100055b0                rp2040_usb_init
 .text.hw_endpoint_xfer_start
                0x100055f4       0x60 CMakeFiles/easycontroller_debug.dir/C_/Users/Owner/pico-sdk/lib/tinyusb/src/portable/raspberrypi/rp2040/rp2040_usb.c.obj
                0x100055f4                hw_endpoint_xfer_start
 .text.configuration_reset
                0x10005654       0x84 CMakeFiles/easycontroller_debug.dir/C_/Users/Owner/pico-sdk/lib/tinyusb/src/device/usbd.c.obj
 .text.usbd_reset
                0x100056d8        0xc CMakeFiles/easycontroller_debug.dir/C_/Users/Owner/pico-sdk/lib/tinyusb/src/device/usbd.c.obj
 .text.invoke_class_control
                0x100056e4       0x1a CMakeFiles/easycontroller_debug.dir/C_/Users/Owner/pico-sdk/lib/tinyusb/src/device/usbd.c.obj
 *fill*         0x100056fe        0x2 
 .text.process_set_config
                0x10005700      0x1b0 CMakeFiles/easycontroller_debug.dir/C_/Users/Owner/pico-sdk/lib/tinyusb/src/device/usbd.c.obj
 .text.tud_event_hook_cb
                0x100058b0        0x2 CMakeFiles/easycontroller_debug.dir/C_/Users/Owner/pico-sdk/lib/tinyusb/src/device/usbd.c.obj
                0x100058b0                tud_event_hook_cb
 .text.tud_sof_cb
                0x100058b2        0x2 CMakeFiles/easycontroller_debug.dir/C_/Users/Owner/pico-sdk/lib/tinyusb/src/device/usbd.c.obj
                0x100058b2                tud_sof_cb
 .text.tud_descriptor_device_qualifier_cb
                0x100058b4        0x4 CMakeFiles/easycontroller_debug.dir/C_/Users/Owner/pico-sdk/lib/tinyusb/src/device/usbd.c.obj
                0x100058b4                tud_descriptor_device_qualifier_cb
 .text.tud_descriptor_other_speed_configuration_cb
                0x100058b8        0x4 CMakeFiles/easycontroller_debug.dir/C_/Users/Owner/pico-sdk/lib/tinyusb/src/device/usbd.c.obj
                0x100058b8                tud_descriptor_other_speed_configuration_cb
 .text.process_get_descriptor
                0x100058bc       0xe0 CMakeFiles/easycontroller_debug.dir/C_/Users/Owner/pico-sdk/lib/tinyusb/src/device/usbd.c.obj
 .text.tud_mount_cb
                0x1000599c        0x2 CMakeFiles/easycontroller_debug.dir/C_/Users/Owner/pico-sdk/lib/tinyusb/src/device/usbd.c.obj
                0x1000599c                tud_mount_cb
 .text.tud_umount_cb
                0x1000599e        0x2 CMakeFiles/easycontroller_debug.dir/C_/Users/Owner/pico-sdk/lib/tinyusb/src/device/usbd.c.obj
                0x1000599e                tud_umount_cb
 .text.tud_suspend_cb
                0x100059a0        0x2 CMakeFiles/easycontroller_debug.dir/C_/Users/Owner/pico-sdk/lib/tinyusb/src/device/usbd.c.obj
                0x100059a0                tud_suspend_cb
 .text.tud_resume_cb
                0x100059a2        0x2 CMakeFiles/easycontroller_debug.dir/C_/Users/Owner/pico-sdk/lib/tinyusb/src/device/usbd.c.obj
                0x100059a2                tud_resume_cb
 .text.tud_mounted
                0x100059a4       0x10 CMakeFiles/easycontroller_debug.dir/C_/Users/Owner/pico-sdk/lib/tinyusb/src/device/usbd.c.obj
                0x100059a4                tud_mounted
 .text.tud_suspended
                0x100059b4       0x10 CMakeFiles/easycontroller_debug.dir/C_/Users/Owner/pico-sdk/lib/tinyusb/src/device/usbd.c.obj
                0x100059b4                tud_suspended
 .text.tud_inited
                0x100059c4       0x14 CMakeFiles/easycontroller_debug.dir/C_/Users/Owner/pico-sdk/lib/tinyusb/src/device/usbd.c.obj
                0x100059c4                tud_inited
 .text.tud_rhport_init
                0x100059d8      0x100 CMakeFiles/easycontroller_debug.dir/C_/Users/Owner/pico-sdk/lib/tinyusb/src/device/usbd.c.obj
                0x100059d8                tud_rhport_init
 .text.usbd_edpt_open
                0x10005ad8       0x60 CMakeFiles/easycontroller_debug.dir/C_/Users/Owner/pico-sdk/lib/tinyusb/src/device/usbd.c.obj
                0x10005ad8                usbd_edpt_open
 .text.usbd_open_edpt_pair
                0x10005b38       0x88 CMakeFiles/easycontroller_debug.dir/C_/Users/Owner/pico-sdk/lib/tinyusb/src/device/usbd.c.obj
                0x10005b38                usbd_open_edpt_pair
 .text.usbd_edpt_claim
                0x10005bc0       0x28 CMakeFiles/easycontroller_debug.dir/C_/Users/Owner/pico-sdk/lib/tinyusb/src/device/usbd.c.obj
                0x10005bc0                usbd_edpt_claim
 .text.usbd_edpt_release
                0x10005be8       0x28 CMakeFiles/easycontroller_debug.dir/C_/Users/Owner/pico-sdk/lib/tinyusb/src/device/usbd.c.obj
                0x10005be8                usbd_edpt_release
 .text.usbd_edpt_xfer
                0x10005c10       0x88 CMakeFiles/easycontroller_debug.dir/C_/Users/Owner/pico-sdk/lib/tinyusb/src/device/usbd.c.obj
                0x10005c10                usbd_edpt_xfer
 .text.usbd_edpt_stall
                0x10005c98       0x34 CMakeFiles/easycontroller_debug.dir/C_/Users/Owner/pico-sdk/lib/tinyusb/src/device/usbd.c.obj
                0x10005c98                usbd_edpt_stall
 .text.usbd_edpt_clear_stall
                0x10005ccc       0x34 CMakeFiles/easycontroller_debug.dir/C_/Users/Owner/pico-sdk/lib/tinyusb/src/device/usbd.c.obj
                0x10005ccc                usbd_edpt_clear_stall
 .text.usbd_edpt_stalled
                0x10005d00       0x1c CMakeFiles/easycontroller_debug.dir/C_/Users/Owner/pico-sdk/lib/tinyusb/src/device/usbd.c.obj
                0x10005d00                usbd_edpt_stalled
 .text.process_control_request
                0x10005d1c      0x384 CMakeFiles/easycontroller_debug.dir/C_/Users/Owner/pico-sdk/lib/tinyusb/src/device/usbd.c.obj
 .text.tud_task_ext
                0x100060a0      0x1d0 CMakeFiles/easycontroller_debug.dir/C_/Users/Owner/pico-sdk/lib/tinyusb/src/device/usbd.c.obj
                0x100060a0                tud_task_ext
 .text.status_stage_xact
                0x10006270       0x1a CMakeFiles/easycontroller_debug.dir/C_/Users/Owner/pico-sdk/lib/tinyusb/src/device/usbd_control.c.obj
 *fill*         0x1000628a        0x2 
 .text.data_stage_xact
                0x1000628c       0x60 CMakeFiles/easycontroller_debug.dir/C_/Users/Owner/pico-sdk/lib/tinyusb/src/device/usbd_control.c.obj
 .text.tud_control_status
                0x100062ec       0x28 CMakeFiles/easycontroller_debug.dir/C_/Users/Owner/pico-sdk/lib/tinyusb/src/device/usbd_control.c.obj
                0x100062ec                tud_control_status
 .text.tud_control_xfer
                0x10006314       0x98 CMakeFiles/easycontroller_debug.dir/C_/Users/Owner/pico-sdk/lib/tinyusb/src/device/usbd_control.c.obj
                0x10006314                tud_control_xfer
 .text.usbd_control_reset
                0x100063ac       0x14 CMakeFiles/easycontroller_debug.dir/C_/Users/Owner/pico-sdk/lib/tinyusb/src/device/usbd_control.c.obj
                0x100063ac                usbd_control_reset
 .text.usbd_control_set_complete_callback
                0x100063c0        0xc CMakeFiles/easycontroller_debug.dir/C_/Users/Owner/pico-sdk/lib/tinyusb/src/device/usbd_control.c.obj
                0x100063c0                usbd_control_set_complete_callback
 .text.usbd_control_set_request
                0x100063cc       0x1c CMakeFiles/easycontroller_debug.dir/C_/Users/Owner/pico-sdk/lib/tinyusb/src/device/usbd_control.c.obj
                0x100063cc                usbd_control_set_request
 .text.usbd_control_xfer_cb
                0x100063e8       0xe0 CMakeFiles/easycontroller_debug.dir/C_/Users/Owner/pico-sdk/lib/tinyusb/src/device/usbd_control.c.obj
                0x100063e8                usbd_control_xfer_cb
 .text._prep_out_transaction
                0x100064c8       0x94 CMakeFiles/easycontroller_debug.dir/C_/Users/Owner/pico-sdk/lib/tinyusb/src/class/cdc/cdc_device.c.obj
 .text.tud_cdc_n_connected
                0x1000655c       0x38 CMakeFiles/easycontroller_debug.dir/C_/Users/Owner/pico-sdk/lib/tinyusb/src/class/cdc/cdc_device.c.obj
                0x1000655c                tud_cdc_n_connected
 .text.tud_cdc_n_available
                0x10006594       0x18 CMakeFiles/easycontroller_debug.dir/C_/Users/Owner/pico-sdk/lib/tinyusb/src/class/cdc/cdc_device.c.obj
                0x10006594                tud_cdc_n_available
 .text.tud_cdc_n_read
                0x100065ac       0x38 CMakeFiles/easycontroller_debug.dir/C_/Users/Owner/pico-sdk/lib/tinyusb/src/class/cdc/cdc_device.c.obj
                0x100065ac                tud_cdc_n_read
 .text.tud_cdc_n_write_flush
                0x100065e4       0xb0 CMakeFiles/easycontroller_debug.dir/C_/Users/Owner/pico-sdk/lib/tinyusb/src/class/cdc/cdc_device.c.obj
                0x100065e4                tud_cdc_n_write_flush
 .text.tud_cdc_n_write
                0x10006694       0x48 CMakeFiles/easycontroller_debug.dir/C_/Users/Owner/pico-sdk/lib/tinyusb/src/class/cdc/cdc_device.c.obj
                0x10006694                tud_cdc_n_write
 .text.tud_cdc_n_write_available
                0x100066dc       0x18 CMakeFiles/easycontroller_debug.dir/C_/Users/Owner/pico-sdk/lib/tinyusb/src/class/cdc/cdc_device.c.obj
                0x100066dc                tud_cdc_n_write_available
 .text.cdcd_init
                0x100066f4       0xac CMakeFiles/easycontroller_debug.dir/C_/Users/Owner/pico-sdk/lib/tinyusb/src/class/cdc/cdc_device.c.obj
                0x100066f4                cdcd_init
 .text.cdcd_deinit
                0x100067a0       0x48 CMakeFiles/easycontroller_debug.dir/C_/Users/Owner/pico-sdk/lib/tinyusb/src/class/cdc/cdc_device.c.obj
                0x100067a0                cdcd_deinit
 .text.cdcd_reset
                0x100067e8       0x70 CMakeFiles/easycontroller_debug.dir/C_/Users/Owner/pico-sdk/lib/tinyusb/src/class/cdc/cdc_device.c.obj
                0x100067e8                cdcd_reset
 .text.cdcd_open
                0x10006858       0xec CMakeFiles/easycontroller_debug.dir/C_/Users/Owner/pico-sdk/lib/tinyusb/src/class/cdc/cdc_device.c.obj
                0x10006858                cdcd_open
 .text.cdcd_control_xfer_cb
                0x10006944      0x13c CMakeFiles/easycontroller_debug.dir/C_/Users/Owner/pico-sdk/lib/tinyusb/src/class/cdc/cdc_device.c.obj
                0x10006944                cdcd_control_xfer_cb
 .text.cdcd_xfer_cb
                0x10006a80      0x148 CMakeFiles/easycontroller_debug.dir/C_/Users/Owner/pico-sdk/lib/tinyusb/src/class/cdc/cdc_device.c.obj
                0x10006a80                cdcd_xfer_cb
 .text.tud_vendor_n_mounted
                0x10006bc8       0x3c CMakeFiles/easycontroller_debug.dir/C_/Users/Owner/pico-sdk/lib/tinyusb/src/class/vendor/vendor_device.c.obj
                0x10006bc8                tud_vendor_n_mounted
 .text.tud_vendor_n_write_flush
                0x10006c04       0x20 CMakeFiles/easycontroller_debug.dir/C_/Users/Owner/pico-sdk/lib/tinyusb/src/class/vendor/vendor_device.c.obj
                0x10006c04                tud_vendor_n_write_flush
 .text.vendord_init
                0x10006c24       0x9c CMakeFiles/easycontroller_debug.dir/C_/Users/Owner/pico-sdk/lib/tinyusb/src/class/vendor/vendor_device.c.obj
                0x10006c24                vendord_init
 .text.vendord_deinit
                0x10006cc0       0x34 CMakeFiles/easycontroller_debug.dir/C_/Users/Owner/pico-sdk/lib/tinyusb/src/class/vendor/vendor_device.c.obj
                0x10006cc0                vendord_deinit
 .text.vendord_reset
                0x10006cf4       0x50 CMakeFiles/easycontroller_debug.dir/C_/Users/Owner/pico-sdk/lib/tinyusb/src/class/vendor/vendor_device.c.obj
                0x10006cf4                vendord_reset
 .text.vendord_open
                0x10006d44      0x14c CMakeFiles/easycontroller_debug.dir/C_/Users/Owner/pico-sdk/lib/tinyusb/src/class/vendor/vendor_device.c.obj
                0x10006d44                vendord_open
 .text.vendord_xfer_cb
                0x10006e90       0xd8 CMakeFiles/easycontroller_debug.dir/C_/Users/Owner/pico-sdk/lib/tinyusb/src/class/vendor/vendor_device.c.obj
                0x10006e90                vendord_xfer_cb
 .text.tusb_rhport_init
                0x10006f68       0x78 CMakeFiles/easycontroller_debug.dir/C_/Users/Owner/pico-sdk/lib/tinyusb/src/tusb.c.obj
                0x10006f68                tusb_rhport_init
 .text.tu_edpt_claim
                0x10006fe0       0x50 CMakeFiles/easycontroller_debug.dir/C_/Users/Owner/pico-sdk/lib/tinyusb/src/tusb.c.obj
                0x10006fe0                tu_edpt_claim
 .text.tu_edpt_release
                0x10007030       0x38 CMakeFiles/easycontroller_debug.dir/C_/Users/Owner/pico-sdk/lib/tinyusb/src/tusb.c.obj
                0x10007030                tu_edpt_release
 .text.tu_edpt_validate
                0x10007068       0xac CMakeFiles/easycontroller_debug.dir/C_/Users/Owner/pico-sdk/lib/tinyusb/src/tusb.c.obj
                0x10007068                tu_edpt_validate
 .text.tu_edpt_bind_driver
                0x10007114       0x26 CMakeFiles/easycontroller_debug.dir/C_/Users/Owner/pico-sdk/lib/tinyusb/src/tusb.c.obj
                0x10007114                tu_edpt_bind_driver
 .text.tu_edpt_stream_init
                0x1000713a       0x62 CMakeFiles/easycontroller_debug.dir/C_/Users/Owner/pico-sdk/lib/tinyusb/src/tusb.c.obj
                0x1000713a                tu_edpt_stream_init
 .text.tu_edpt_stream_deinit
                0x1000719c        0x4 CMakeFiles/easycontroller_debug.dir/C_/Users/Owner/pico-sdk/lib/tinyusb/src/tusb.c.obj
                0x1000719c                tu_edpt_stream_deinit
 .text.tu_edpt_stream_write_zlp_if_needed
                0x100071a0       0x80 CMakeFiles/easycontroller_debug.dir/C_/Users/Owner/pico-sdk/lib/tinyusb/src/tusb.c.obj
                0x100071a0                tu_edpt_stream_write_zlp_if_needed
 .text.tu_edpt_stream_write_xfer
                0x10007220       0x84 CMakeFiles/easycontroller_debug.dir/C_/Users/Owner/pico-sdk/lib/tinyusb/src/tusb.c.obj
                0x10007220                tu_edpt_stream_write_xfer
 .text.tu_edpt_stream_read_xfer
                0x100072a4       0xf4 CMakeFiles/easycontroller_debug.dir/C_/Users/Owner/pico-sdk/lib/tinyusb/src/tusb.c.obj
                0x100072a4                tu_edpt_stream_read_xfer
 .text.advance_index
                0x10007398       0x1a CMakeFiles/easycontroller_debug.dir/C_/Users/Owner/pico-sdk/lib/tinyusb/src/common/tusb_fifo.c.obj
 .text._tu_fifo_peek
                0x100073b2       0x56 CMakeFiles/easycontroller_debug.dir/C_/Users/Owner/pico-sdk/lib/tinyusb/src/common/tusb_fifo.c.obj
 .text._ff_pull_n
                0x10007408       0x68 CMakeFiles/easycontroller_debug.dir/C_/Users/Owner/pico-sdk/lib/tinyusb/src/common/tusb_fifo.c.obj
 .text._tu_fifo_peek_n
                0x10007470       0x6a CMakeFiles/easycontroller_debug.dir/C_/Users/Owner/pico-sdk/lib/tinyusb/src/common/tusb_fifo.c.obj
 .text._tu_fifo_read_n
                0x100074da       0x4e CMakeFiles/easycontroller_debug.dir/C_/Users/Owner/pico-sdk/lib/tinyusb/src/common/tusb_fifo.c.obj
 .text._ff_push_n
                0x10007528       0x68 CMakeFiles/easycontroller_debug.dir/C_/Users/Owner/pico-sdk/lib/tinyusb/src/common/tusb_fifo.c.obj
 .text._tu_fifo_write_n
                0x10007590       0xf0 CMakeFiles/easycontroller_debug.dir/C_/Users/Owner/pico-sdk/lib/tinyusb/src/common/tusb_fifo.c.obj
 .text.tu_fifo_config
                0x10007680       0x7c CMakeFiles/easycontroller_debug.dir/C_/Users/Owner/pico-sdk/lib/tinyusb/src/common/tusb_fifo.c.obj
                0x10007680                tu_fifo_config
 .text.tu_fifo_count
                0x100076fc       0x2c CMakeFiles/easycontroller_debug.dir/C_/Users/Owner/pico-sdk/lib/tinyusb/src/common/tusb_fifo.c.obj
                0x100076fc                tu_fifo_count
 .text.tu_fifo_empty
                0x10007728        0xe CMakeFiles/easycontroller_debug.dir/C_/Users/Owner/pico-sdk/lib/tinyusb/src/common/tusb_fifo.c.obj
                0x10007728                tu_fifo_empty
 .text.tu_fifo_full
                0x10007736       0x2a CMakeFiles/easycontroller_debug.dir/C_/Users/Owner/pico-sdk/lib/tinyusb/src/common/tusb_fifo.c.obj
                0x10007736                tu_fifo_full
 .text.tu_fifo_remaining
                0x10007760       0x2e CMakeFiles/easycontroller_debug.dir/C_/Users/Owner/pico-sdk/lib/tinyusb/src/common/tusb_fifo.c.obj
                0x10007760                tu_fifo_remaining
 .text.tu_fifo_read
                0x1000778e       0x42 CMakeFiles/easycontroller_debug.dir/C_/Users/Owner/pico-sdk/lib/tinyusb/src/common/tusb_fifo.c.obj
                0x1000778e                tu_fifo_read
 .text.tu_fifo_read_n
                0x100077d0        0xa CMakeFiles/easycontroller_debug.dir/C_/Users/Owner/pico-sdk/lib/tinyusb/src/common/tusb_fifo.c.obj
                0x100077d0                tu_fifo_read_n
 .text.tu_fifo_write
                0x100077da       0x64 CMakeFiles/easycontroller_debug.dir/C_/Users/Owner/pico-sdk/lib/tinyusb/src/common/tusb_fifo.c.obj
                0x100077da                tu_fifo_write
 .text.tu_fifo_write_n
                0x1000783e        0xa CMakeFiles/easycontroller_debug.dir/C_/Users/Owner/pico-sdk/lib/tinyusb/src/common/tusb_fifo.c.obj
                0x1000783e                tu_fifo_write_n
 .text.tu_fifo_clear
                0x10007848       0x3e CMakeFiles/easycontroller_debug.dir/C_/Users/Owner/pico-sdk/lib/tinyusb/src/common/tusb_fifo.c.obj
                0x10007848                tu_fifo_clear
 .text.tu_fifo_set_overwritable
                0x10007886       0x46 CMakeFiles/easycontroller_debug.dir/C_/Users/Owner/pico-sdk/lib/tinyusb/src/common/tusb_fifo.c.obj
                0x10007886                tu_fifo_set_overwritable
 .text.adc_init
                0x100078cc       0x34 CMakeFiles/easycontroller_debug.dir/C_/Users/Owner/pico-sdk/src/rp2_common/hardware_adc/adc.c.obj
                0x100078cc                adc_init
 .text.atoi     0x10007900        0xc C:/PROGRA~2/ARMGNU~1/142BCE~1.3RE/bin/../lib/gcc/arm-none-eabi/14.3.1/../../../../arm-none-eabi/lib/thumb/v6-m/nofp\libg.a(libc_a-atoi.o)
                0x10007900                atoi
 .text._strtol_l.isra.0
                0x1000790c      0x158 C:/PROGRA~2/ARMGNU~1/142BCE~1.3RE/bin/../lib/gcc/arm-none-eabi/14.3.1/../../../../arm-none-eabi/lib/thumb/v6-m/nofp\libg.a(libc_a-strtol.o)
 .text.strtol   0x10007a64       0x18 C:/PROGRA~2/ARMGNU~1/142BCE~1.3RE/bin/../lib/gcc/arm-none-eabi/14.3.1/../../../../arm-none-eabi/lib/thumb/v6-m/nofp\libg.a(libc_a-strtol.o)
                0x10007a64                strtol
 .text.__errno  0x10007a7c        0xc C:/PROGRA~2/ARMGNU~1/142BCE~1.3RE/bin/../lib/gcc/arm-none-eabi/14.3.1/../../../../arm-none-eabi/lib/thumb/v6-m/nofp\libg.a(libc_a-errno.o)
                0x10007a7c                __errno
 .text.strlen   0x10007a88       0x5c C:/PROGRA~2/ARMGNU~1/142BCE~1.3RE/bin/../lib/gcc/arm-none-eabi/14.3.1/../../../../arm-none-eabi/lib/thumb/v6-m/nofp\libg.a(libc_a-strlen-stub.o)
                0x10007a88                strlen
 *(.fini)
 .fini          0x10007ae4        0x4 C:/PROGRA~2/ARMGNU~1/142BCE~1.3RE/bin/../lib/gcc/arm-none-eabi/14.3.1/thumb/v6-m/nofp/crti.o
                0x10007ae4                _fini
 .fini.__stub   0x10007ae8       0xd0 linker stubs
 *crtbegin.o(.ctors)
 *crtbegin?.o(.ctors)
 *(EXCLUDE_FILE(*crtend.o *crtend?.o) .ctors)
 *(SORT_BY_NAME(.ctors.*))
 *(.ctors)
 *crtbegin.o(.dtors)
 *crtbegin?.o(.dtors)
 *(EXCLUDE_FILE(*crtend.o *crtend?.o) .dtors)
 *(SORT_BY_NAME(.dtors.*))
 *(.dtors)
                0x10007bb8                        . = ALIGN (0x4)
                0x10007bb8                        PROVIDE (__preinit_array_start = .)
 *(SORT_BY_NAME(.preinit_array.*))
 .preinit_array.00100
                0x10007bb8        0x4 CMakeFiles/easycontroller_debug.dir/C_/Users/Owner/pico-sdk/src/rp2_common/pico_runtime_init/runtime_init.c.obj
                0x10007bb8                __pre_init_runtime_init_early_resets
 .preinit_array.00101
                0x10007bbc        0x4 CMakeFiles/easycontroller_debug.dir/C_/Users/Owner/pico-sdk/src/rp2_common/pico_runtime_init/runtime_init.c.obj
                0x10007bbc                __pre_init_runtime_init_usb_power_down
 .preinit_array.00275
                0x10007bc0        0x4 CMakeFiles/easycontroller_debug.dir/C_/Users/Owner/pico-sdk/src/rp2_common/pico_bit_ops/bit_ops_aeabi.S.obj
 .preinit_array.00300
                0x10007bc4        0x4 CMakeFiles/easycontroller_debug.dir/C_/Users/Owner/pico-sdk/src/rp2_common/pico_mem_ops/mem_ops_aeabi.S.obj
 .preinit_array.00350
                0x10007bc8        0x4 CMakeFiles/easycontroller_debug.dir/C_/Users/Owner/pico-sdk/src/rp2_common/pico_double/double_aeabi_rp2040.S.obj
 .preinit_array.00350
                0x10007bcc        0x4 CMakeFiles/easycontroller_debug.dir/C_/Users/Owner/pico-sdk/src/rp2_common/pico_float/float_aeabi_rp2040.S.obj
 .preinit_array.00500
                0x10007bd0        0x4 CMakeFiles/easycontroller_debug.dir/C_/Users/Owner/pico-sdk/src/rp2_common/pico_runtime_init/runtime_init.c.obj
                0x10007bd0                __pre_init_runtime_init_clocks
 .preinit_array.00600
                0x10007bd4        0x4 CMakeFiles/easycontroller_debug.dir/C_/Users/Owner/pico-sdk/src/rp2_common/pico_runtime_init/runtime_init.c.obj
                0x10007bd4                __pre_init_runtime_init_post_clock_resets
 .preinit_array.00700
                0x10007bd8        0x4 CMakeFiles/easycontroller_debug.dir/C_/Users/Owner/pico-sdk/src/rp2_common/pico_runtime_init/runtime_init.c.obj
                0x10007bd8                __pre_init_runtime_init_rp2040_gpio_ie_disable
 .preinit_array.01000
                0x10007bdc        0x4 CMakeFiles/easycontroller_debug.dir/C_/Users/Owner/pico-sdk/src/rp2_common/pico_runtime_init/runtime_init.c.obj
                0x10007bdc                __pre_init_runtime_init_spin_locks_reset
 .preinit_array.01100
                0x10007be0        0x4 CMakeFiles/easycontroller_debug.dir/C_/Users/Owner/pico-sdk/src/common/pico_sync/mutex.c.obj
                0x10007be0                __pre_init_runtime_init_mutex
 .preinit_array.10080
                0x10007be4        0x4 CMakeFiles/easycontroller_debug.dir/C_/Users/Owner/pico-sdk/src/rp2_common/pico_runtime_init/runtime_init.c.obj
                0x10007be4                __pre_init_runtime_init_install_ram_vector_table
 .preinit_array.11000
                0x10007be8        0x4 CMakeFiles/easycontroller_debug.dir/C_/Users/Owner/pico-sdk/src/common/pico_time/time.c.obj
                0x10007be8                __pre_init_runtime_init_default_alarm_pool
 .preinit_array.YYYYY
                0x10007bec        0x4 CMakeFiles/easycontroller_debug.dir/C_/Users/Owner/pico-sdk/src/rp2_common/pico_runtime/runtime.c.obj
                0x10007bec                __pre_init_first_per_core_initializer
 .preinit_array.ZZZZZ.01200
                0x10007bf0        0x4 CMakeFiles/easycontroller_debug.dir/C_/Users/Owner/pico-sdk/src/rp2_common/hardware_irq/irq.c.obj
                0x10007bf0                __pre_init_runtime_init_per_core_irq_priorities
 *(.preinit_array)
                0x10007bf4                        PROVIDE (__preinit_array_end = .)
                0x10007bf4                        . = ALIGN (0x4)
                0x10007bf4                        PROVIDE (__init_array_start = .)
 *(SORT_BY_NAME(.init_array.*))
 .init_array.01000
                0x10007bf4        0x4 CMakeFiles/easycontroller_debug.dir/C_/Users/Owner/pico-sdk/src/rp2_common/pico_unique_id/unique_id.c.obj
 *(.init_array)
 .init_array    0x10007bf8        0x4 C:/PROGRA~2/ARMGNU~1/142BCE~1.3RE/bin/../lib/gcc/arm-none-eabi/14.3.1/thumb/v6-m/nofp/crtbegin.o
                0x10007bfc                        PROVIDE (__init_array_end = .)
                0x10007bfc                        . = ALIGN (0x4)
                [!provide]                        PROVIDE (__fini_array_start = .)
 *(SORT_BY_NAME(.fini_array.*))
 *(.fini_array)
                [!provide]                        PROVIDE (__fini_array_end = .)
 *(.eh_frame*)
 .eh_frame      0x10007bfc        0x0 C:/PROGRA~2/ARMGNU~1/142BCE~1.3RE/bin/../lib/gcc/arm-none-eabi/14.3.1/thumb/v6-m/nofp/crtbegin.o
                0x10007bfc                        . = ALIGN (0x4)

.glue_7         0x10007bfc        0x0
 .glue_7        0x10007bfc        0x0 linker stubs

.glue_7t        0x10007bfc        0x0
 .glue_7t       0x10007bfc        0x0 linker stubs

.vfp11_veneer   0x10007bfc        0x0
 .vfp11_veneer  0x10007bfc        0x0 linker stubs

.v4_bx          0x10007bfc        0x0
 .v4_bx         0x10007bfc        0x0 linker stubs

.iplt           0x10007bfc        0x0
 .iplt          0x10007bfc        0x0 C:/PROGRA~2/ARMGNU~1/142BCE~1.3RE/bin/../lib/gcc/arm-none-eabi/14.3.1/thumb/v6-m/nofp/crtbegin.o

.rodata         0x10007c00     0x15f8
 *(EXCLUDE_FILE(*libm.a: *libc.a:*lib_a-mem*.o *libgcc.a:) .rodata*)
 .rodata.writePWM
                0x10007c00       0x18 CMakeFiles/easycontroller_debug.dir/easycontroller_debug.c.obj
 .rodata.main.str1.4
                0x10007c18      0xcaf CMakeFiles/easycontroller_debug.dir/easycontroller_debug.c.obj
                                 0xc1 (size before relaxing)
 .rodata.rp2040_chip_version.str1.4
                0x100088c7       0x71 CMakeFiles/easycontroller_debug.dir/C_/Users/Owner/pico-sdk/src/rp2040/pico_platform/platform.c.obj
 *fill*         0x100088c7        0x1 
 .rodata.__func__.0
                0x100088c8       0x14 CMakeFiles/easycontroller_debug.dir/C_/Users/Owner/pico-sdk/src/rp2040/pico_platform/platform.c.obj
 .rodata.panic.str1.4
                0x100088dc       0x12 CMakeFiles/easycontroller_debug.dir/C_/Users/Owner/pico-sdk/src/rp2_common/pico_platform_panic/panic.c.obj
 .rodata.spin_lock_claim_unused.str1.4
                0x100088dc       0x1b CMakeFiles/easycontroller_debug.dir/C_/Users/Owner/pico-sdk/src/rp2_common/hardware_sync/sync.c.obj
 .rodata.resolve_j_16.str1.4
                0x100088dc       0x52 CMakeFiles/easycontroller_debug.dir/C_/Users/Owner/pico-sdk/src/rp2_common/hardware_irq/irq.c.obj
 .rodata.make_j_16.str1.4
                0x100088dc       0x30 CMakeFiles/easycontroller_debug.dir/C_/Users/Owner/pico-sdk/src/rp2_common/hardware_irq/irq.c.obj
 .rodata.irq_set_exclusive_handler.str1.4
                0x100088dc       0x36 CMakeFiles/easycontroller_debug.dir/C_/Users/Owner/pico-sdk/src/rp2_common/hardware_irq/irq.c.obj
 .rodata.irq_add_shared_handler.str1.4
                0x100088dc       0xd2 CMakeFiles/easycontroller_debug.dir/C_/Users/Owner/pico-sdk/src/rp2_common/hardware_irq/irq.c.obj
 .rodata.irq_add_tail_to_free_list.str1.4
                0x100088dc       0x3a CMakeFiles/easycontroller_debug.dir/C_/Users/Owner/pico-sdk/src/rp2_common/hardware_irq/irq.c.obj
 .rodata.user_irq_claim_unused.str1.4
                0x100088dc       0x1b CMakeFiles/easycontroller_debug.dir/C_/Users/Owner/pico-sdk/src/rp2_common/hardware_irq/irq.c.obj
 .rodata.__func__.0
                0x100088dc       0x1a CMakeFiles/easycontroller_debug.dir/C_/Users/Owner/pico-sdk/src/rp2_common/hardware_irq/irq.c.obj
 *fill*         0x100088f6        0x2 
 .rodata.__func__.3
                0x100088f8        0xa CMakeFiles/easycontroller_debug.dir/C_/Users/Owner/pico-sdk/src/rp2_common/hardware_irq/irq.c.obj
 *fill*         0x10008902        0x2 
 .rodata.__func__.4
                0x10008904        0xd CMakeFiles/easycontroller_debug.dir/C_/Users/Owner/pico-sdk/src/rp2_common/hardware_irq/irq.c.obj
 *fill*         0x10008911        0x3 
 .rodata.__func__.5
                0x10008914       0x17 CMakeFiles/easycontroller_debug.dir/C_/Users/Owner/pico-sdk/src/rp2_common/hardware_irq/irq.c.obj
 *fill*         0x1000892b        0x1 
 .rodata.__func__.6
                0x1000892c       0x1a CMakeFiles/easycontroller_debug.dir/C_/Users/Owner/pico-sdk/src/rp2_common/hardware_irq/irq.c.obj
 .rodata.runtime_init_mutex.str1.4
                0x10008946       0x55 CMakeFiles/easycontroller_debug.dir/C_/Users/Owner/pico-sdk/src/common/pico_sync/mutex.c.obj
 .rodata.str1.4
                0x10008946       0x51 CMakeFiles/easycontroller_debug.dir/C_/Users/Owner/pico-sdk/src/common/pico_sync/mutex.c.obj
 *fill*         0x10008946        0x2 
 .rodata.__func__.1
                0x10008948        0xb CMakeFiles/easycontroller_debug.dir/C_/Users/Owner/pico-sdk/src/common/pico_sync/mutex.c.obj
 *fill*         0x10008953        0x1 
 .rodata.__func__.3
                0x10008954       0x18 CMakeFiles/easycontroller_debug.dir/C_/Users/Owner/pico-sdk/src/common/pico_sync/mutex.c.obj
 .rodata.__func__.6
                0x1000896c       0x13 CMakeFiles/easycontroller_debug.dir/C_/Users/Owner/pico-sdk/src/common/pico_sync/mutex.c.obj
 .rodata.alarm_pool_irq_handler.str1.4
                0x1000897f       0x60 CMakeFiles/easycontroller_debug.dir/C_/Users/Owner/pico-sdk/src/common/pico_time/time.c.obj
 .rodata.alarm_pool_get_default.str1.4
                0x1000897f       0x21 CMakeFiles/easycontroller_debug.dir/C_/Users/Owner/pico-sdk/src/common/pico_time/time.c.obj
 .rodata.sleep_until.str1.4
                0x1000897f       0x4d CMakeFiles/easycontroller_debug.dir/C_/Users/Owner/pico-sdk/src/common/pico_time/time.c.obj
 *fill*         0x1000897f        0x1 
 .rodata.__func__.1
                0x10008980       0x17 CMakeFiles/easycontroller_debug.dir/C_/Users/Owner/pico-sdk/src/common/pico_time/time.c.obj
 *fill*         0x10008997        0x1 
 .rodata.__func__.2
                0x10008998       0x17 CMakeFiles/easycontroller_debug.dir/C_/Users/Owner/pico-sdk/src/common/pico_time/time.c.obj
 .rodata.timer_hardware_alarm_claim.str1.4
                0x100089af       0x22 CMakeFiles/easycontroller_debug.dir/C_/Users/Owner/pico-sdk/src/rp2_common/hardware_timer/timer.c.obj
 .rodata.pll_init.str1.4
                0x100089af      0x110 CMakeFiles/easycontroller_debug.dir/C_/Users/Owner/pico-sdk/src/rp2_common/hardware_pll/pll.c.obj
 *fill*         0x100089af        0x1 
 .rodata.__func__.0
                0x100089b0        0x9 CMakeFiles/easycontroller_debug.dir/C_/Users/Owner/pico-sdk/src/rp2_common/hardware_pll/pll.c.obj
 .rodata.__aeabi_double_init.str1.4
                0x100089b9       0x90 CMakeFiles/easycontroller_debug.dir/C_/Users/Owner/pico-sdk/src/rp2_common/pico_double/double_init_rom_rp2040.c.obj
 *fill*         0x100089b9        0x3 
 .rodata.__func__.0
                0x100089bc       0x14 CMakeFiles/easycontroller_debug.dir/C_/Users/Owner/pico-sdk/src/rp2_common/pico_double/double_init_rom_rp2040.c.obj
 .rodata.__aeabi_float_init.str1.4
                0x100089d0       0x82 CMakeFiles/easycontroller_debug.dir/C_/Users/Owner/pico-sdk/src/rp2_common/pico_float/float_init_rom_rp2040.c.obj
 .rodata.__func__.0
                0x100089d0       0x13 CMakeFiles/easycontroller_debug.dir/C_/Users/Owner/pico-sdk/src/rp2_common/pico_float/float_init_rom_rp2040.c.obj
 .rodata.str1.4
                0x100089e3       0x4c CMakeFiles/easycontroller_debug.dir/C_/Users/Owner/pico-sdk/src/rp2_common/pico_standard_binary_info/standard_binary_info.c.obj
 *fill*         0x100089e3        0x1 
 .rodata.__bi_84
                0x100089e4        0xc CMakeFiles/easycontroller_debug.dir/C_/Users/Owner/pico-sdk/src/rp2_common/pico_standard_binary_info/standard_binary_info.c.obj
 .rodata.__bi_78
                0x100089f0        0xc CMakeFiles/easycontroller_debug.dir/C_/Users/Owner/pico-sdk/src/rp2_common/pico_standard_binary_info/standard_binary_info.c.obj
 .rodata.__bi_54
                0x100089fc        0xc CMakeFiles/easycontroller_debug.dir/C_/Users/Owner/pico-sdk/src/rp2_common/pico_standard_binary_info/standard_binary_info.c.obj
 .rodata.__bi_48
                0x10008a08        0xc CMakeFiles/easycontroller_debug.dir/C_/Users/Owner/pico-sdk/src/rp2_common/pico_standard_binary_info/standard_binary_info.c.obj
 .rodata.__bi_42
                0x10008a14        0xc CMakeFiles/easycontroller_debug.dir/C_/Users/Owner/pico-sdk/src/rp2_common/pico_standard_binary_info/standard_binary_info.c.obj
 .rodata.__bi_34
                0x10008a20        0xc CMakeFiles/easycontroller_debug.dir/C_/Users/Owner/pico-sdk/src/rp2_common/pico_standard_binary_info/standard_binary_info.c.obj
 .rodata.__bi_26
                0x10008a2c        0xc CMakeFiles/easycontroller_debug.dir/C_/Users/Owner/pico-sdk/src/rp2_common/pico_standard_binary_info/standard_binary_info.c.obj
 .rodata._ftoa.str1.4
                0x10008a38       0x15 CMakeFiles/easycontroller_debug.dir/C_/Users/Owner/pico-sdk/src/rp2_common/pico_printf/printf.c.obj
 .rodata._vsnprintf
                0x10008a38      0x19c CMakeFiles/easycontroller_debug.dir/C_/Users/Owner/pico-sdk/src/rp2_common/pico_printf/printf.c.obj
 *fill*         0x10008bd4        0x4 
 .rodata.pow10.0
                0x10008bd8       0x50 CMakeFiles/easycontroller_debug.dir/C_/Users/Owner/pico-sdk/src/rp2_common/pico_printf/printf.c.obj
 .rodata.__assert_func.str1.4
                0x10008c28       0x43 CMakeFiles/easycontroller_debug.dir/C_/Users/Owner/pico-sdk/src/rp2_common/pico_clib_interface/newlib_interface.c.obj
 .rodata.stdio_getchar_timeout_us.str1.4
                0x10008c28       0x3e CMakeFiles/easycontroller_debug.dir/C_/Users/Owner/pico-sdk/src/rp2_common/pico_stdio/stdio.c.obj
 .rodata.__func__.1
                0x10008c28       0x19 CMakeFiles/easycontroller_debug.dir/C_/Users/Owner/pico-sdk/src/rp2_common/pico_stdio/stdio.c.obj
 *fill*         0x10008c41        0x3 
 .rodata.crlf_str.0
                0x10008c44        0x2 CMakeFiles/easycontroller_debug.dir/C_/Users/Owner/pico-sdk/src/rp2_common/pico_stdio/stdio.c.obj
 *fill*         0x10008c46        0x2 
 .rodata._resetd_driver
                0x10008c48       0x20 CMakeFiles/easycontroller_debug.dir/C_/Users/Owner/pico-sdk/src/rp2_common/pico_stdio_usb/reset_interface.c.obj
 .rodata.desc_ms_os_20
                0x10008c68       0xa6 CMakeFiles/easycontroller_debug.dir/C_/Users/Owner/pico-sdk/src/rp2_common/pico_stdio_usb/reset_interface.c.obj
 *fill*         0x10008d0e        0x2 
 .rodata.desc_bos
                0x10008d10       0x21 CMakeFiles/easycontroller_debug.dir/C_/Users/Owner/pico-sdk/src/rp2_common/pico_stdio_usb/reset_interface.c.obj
                0x10008d10                desc_bos
 .rodata.stdio_usb_init.str1.4
                0x10008d31       0x4a CMakeFiles/easycontroller_debug.dir/C_/Users/Owner/pico-sdk/src/rp2_common/pico_stdio_usb/stdio_usb.c.obj
 .rodata.str1.4
                0x10008d31       0x13 CMakeFiles/easycontroller_debug.dir/C_/Users/Owner/pico-sdk/src/rp2_common/pico_stdio_usb/stdio_usb.c.obj
 *fill*         0x10008d31        0x3 
 .rodata.__bi_202.1
                0x10008d34        0xc CMakeFiles/easycontroller_debug.dir/C_/Users/Owner/pico-sdk/src/rp2_common/pico_stdio_usb/stdio_usb.c.obj
 .rodata.__func__.2
                0x10008d40        0xf CMakeFiles/easycontroller_debug.dir/C_/Users/Owner/pico-sdk/src/rp2_common/pico_stdio_usb/stdio_usb.c.obj
 .rodata.str1.4
                0x10008d4f       0x2a CMakeFiles/easycontroller_debug.dir/C_/Users/Owner/pico-sdk/src/rp2_common/pico_stdio_usb/stdio_usb_descriptors.c.obj
 *fill*         0x10008d4f        0x1 
 .rodata.usbd_desc_str
                0x10008d50       0x18 CMakeFiles/easycontroller_debug.dir/C_/Users/Owner/pico-sdk/src/rp2_common/pico_stdio_usb/stdio_usb_descriptors.c.obj
 .rodata.usbd_desc_cfg
                0x10008d68       0x54 CMakeFiles/easycontroller_debug.dir/C_/Users/Owner/pico-sdk/src/rp2_common/pico_stdio_usb/stdio_usb_descriptors.c.obj
 .rodata.usbd_desc_device
                0x10008dbc       0x12 CMakeFiles/easycontroller_debug.dir/C_/Users/Owner/pico-sdk/src/rp2_common/pico_stdio_usb/stdio_usb_descriptors.c.obj
 .rodata.pico_get_unique_board_id_string.str1.4
                0x10008dce       0x4a CMakeFiles/easycontroller_debug.dir/C_/Users/Owner/pico-sdk/src/rp2_common/pico_unique_id/unique_id.c.obj
 *fill*         0x10008dce        0x2 
 .rodata.__func__.0
                0x10008dd0       0x20 CMakeFiles/easycontroller_debug.dir/C_/Users/Owner/pico-sdk/src/rp2_common/pico_unique_id/unique_id.c.obj
 .rodata.str1.4
                0x10008df0      0x1f9 CMakeFiles/easycontroller_debug.dir/C_/Users/Owner/pico-sdk/src/rp2_common/hardware_flash/flash.c.obj
 .rodata.__func__.0
                0x10008df0        0xd CMakeFiles/easycontroller_debug.dir/C_/Users/Owner/pico-sdk/src/rp2_common/hardware_flash/flash.c.obj
 .rodata.hw_endpoint_alloc.str1.4
                0x10008dfd       0x95 CMakeFiles/easycontroller_debug.dir/C_/Users/Owner/pico-sdk/lib/tinyusb/src/portable/raspberrypi/rp2040/dcd_rp2040.c.obj
 .rodata.str1.4
                0x10008dfd       0x14 CMakeFiles/easycontroller_debug.dir/C_/Users/Owner/pico-sdk/lib/tinyusb/src/portable/raspberrypi/rp2040/dcd_rp2040.c.obj
 .rodata.dcd_int_enable.str1.4
                0x10008dfd        0xc CMakeFiles/easycontroller_debug.dir/C_/Users/Owner/pico-sdk/lib/tinyusb/src/portable/raspberrypi/rp2040/dcd_rp2040.c.obj
 *fill*         0x10008dfd        0x3 
 .rodata.__func__.0
                0x10008e00        0xe CMakeFiles/easycontroller_debug.dir/C_/Users/Owner/pico-sdk/lib/tinyusb/src/portable/raspberrypi/rp2040/dcd_rp2040.c.obj
 *fill*         0x10008e0e        0x2 
 .rodata.__func__.3
                0x10008e10       0x10 CMakeFiles/easycontroller_debug.dir/C_/Users/Owner/pico-sdk/lib/tinyusb/src/portable/raspberrypi/rp2040/dcd_rp2040.c.obj
 .rodata.__func__.5
                0x10008e20        0xf CMakeFiles/easycontroller_debug.dir/C_/Users/Owner/pico-sdk/lib/tinyusb/src/portable/raspberrypi/rp2040/dcd_rp2040.c.obj
 *fill*         0x10008e2f        0x1 
 .rodata.__func__.6
                0x10008e30       0x12 CMakeFiles/easycontroller_debug.dir/C_/Users/Owner/pico-sdk/lib/tinyusb/src/portable/raspberrypi/rp2040/dcd_rp2040.c.obj
 *fill*         0x10008e42        0x2 
 .rodata.__func__.7
                0x10008e44        0x9 CMakeFiles/easycontroller_debug.dir/C_/Users/Owner/pico-sdk/lib/tinyusb/src/portable/raspberrypi/rp2040/dcd_rp2040.c.obj
 .rodata.str1.4
                0x10008e4d       0xdc CMakeFiles/easycontroller_debug.dir/C_/Users/Owner/pico-sdk/lib/tinyusb/src/portable/raspberrypi/rp2040/rp2040_usb.c.obj
 .rodata.hw_endpoint_xfer_start.str1.4
                0x10008e4d       0x38 CMakeFiles/easycontroller_debug.dir/C_/Users/Owner/pico-sdk/lib/tinyusb/src/portable/raspberrypi/rp2040/rp2040_usb.c.obj
 *fill*         0x10008e4d        0x3 
 .rodata.__func__.0
                0x10008e50        0xf CMakeFiles/easycontroller_debug.dir/C_/Users/Owner/pico-sdk/lib/tinyusb/src/portable/raspberrypi/rp2040/rp2040_usb.c.obj
 .rodata.configuration_reset.str1.4